Archive member included because of file (symbol)

/opt/paparazzi/arm-multilib/lib/gcc/arm-none-eabi/4.4.5/../../../../arm-none-eabi/lib/thumb2/libm.a(lib_a-s_atan.o)
                              /home/mav/lisa-m-team4938/paparazzi/var/ECE_2012/ap/math/pprz_geodetic_float.o (atan)
/opt/paparazzi/arm-multilib/lib/gcc/arm-none-eabi/4.4.5/../../../../arm-none-eabi/lib/thumb2/libm.a(lib_a-s_cos.o)
                              /home/mav/lisa-m-team4938/paparazzi/var/ECE_2012/ap/math/pprz_geodetic_float.o (cos)
/opt/paparazzi/arm-multilib/lib/gcc/arm-none-eabi/4.4.5/../../../../arm-none-eabi/lib/thumb2/libm.a(lib_a-s_fabs.o)
                              /opt/paparazzi/arm-multilib/lib/gcc/arm-none-eabi/4.4.5/../../../../arm-none-eabi/lib/thumb2/libm.a(lib_a-s_atan.o) (fabs)
/opt/paparazzi/arm-multilib/lib/gcc/arm-none-eabi/4.4.5/../../../../arm-none-eabi/lib/thumb2/libm.a(lib_a-s_rint.o)
                              /home/mav/lisa-m-team4938/paparazzi/var/ECE_2012/ap/math/pprz_geodetic_int.o (rint)
/opt/paparazzi/arm-multilib/lib/gcc/arm-none-eabi/4.4.5/../../../../arm-none-eabi/lib/thumb2/libm.a(lib_a-s_sin.o)
                              /home/mav/lisa-m-team4938/paparazzi/var/ECE_2012/ap/math/pprz_geodetic_float.o (sin)
/opt/paparazzi/arm-multilib/lib/gcc/arm-none-eabi/4.4.5/../../../../arm-none-eabi/lib/thumb2/libm.a(lib_a-s_tan.o)
                              /home/mav/lisa-m-team4938/paparazzi/var/ECE_2012/ap/math/pprz_geodetic_float.o (tan)
/opt/paparazzi/arm-multilib/lib/gcc/arm-none-eabi/4.4.5/../../../../arm-none-eabi/lib/thumb2/libm.a(lib_a-sf_atan.o)
                              /home/mav/lisa-m-team4938/paparazzi/var/ECE_2012/ap/math/pprz_geodetic_float.o (atanf)
/opt/paparazzi/arm-multilib/lib/gcc/arm-none-eabi/4.4.5/../../../../arm-none-eabi/lib/thumb2/libm.a(lib_a-sf_cos.o)
                              /home/mav/lisa-m-team4938/paparazzi/var/ECE_2012/ap/math/pprz_geodetic_int.o (cosf)
/opt/paparazzi/arm-multilib/lib/gcc/arm-none-eabi/4.4.5/../../../../arm-none-eabi/lib/thumb2/libm.a(lib_a-sf_fabs.o)
                              /opt/paparazzi/arm-multilib/lib/gcc/arm-none-eabi/4.4.5/../../../../arm-none-eabi/lib/thumb2/libm.a(lib_a-sf_atan.o) (fabsf)
/opt/paparazzi/arm-multilib/lib/gcc/arm-none-eabi/4.4.5/../../../../arm-none-eabi/lib/thumb2/libm.a(lib_a-sf_sin.o)
                              /home/mav/lisa-m-team4938/paparazzi/var/ECE_2012/ap/math/pprz_geodetic_int.o (sinf)
/opt/paparazzi/arm-multilib/lib/gcc/arm-none-eabi/4.4.5/../../../../arm-none-eabi/lib/thumb2/libm.a(lib_a-w_asin.o)
                              /home/mav/lisa-m-team4938/paparazzi/var/ECE_2012/ap/math/pprz_geodetic_float.o (asin)
/opt/paparazzi/arm-multilib/lib/gcc/arm-none-eabi/4.4.5/../../../../arm-none-eabi/lib/thumb2/libm.a(lib_a-w_atan2.o)
                              /home/mav/lisa-m-team4938/paparazzi/var/ECE_2012/ap/math/pprz_geodetic_double.o (atan2)
/opt/paparazzi/arm-multilib/lib/gcc/arm-none-eabi/4.4.5/../../../../arm-none-eabi/lib/thumb2/libm.a(lib_a-w_cosh.o)
                              /home/mav/lisa-m-team4938/paparazzi/var/ECE_2012/ap/math/pprz_geodetic_float.o (cosh)
/opt/paparazzi/arm-multilib/lib/gcc/arm-none-eabi/4.4.5/../../../../arm-none-eabi/lib/thumb2/libm.a(lib_a-w_exp.o)
                              /home/mav/lisa-m-team4938/paparazzi/var/ECE_2012/ap/math/pprz_geodetic_float.o (exp)
/opt/paparazzi/arm-multilib/lib/gcc/arm-none-eabi/4.4.5/../../../../arm-none-eabi/lib/thumb2/libm.a(lib_a-w_log.o)
                              /home/mav/lisa-m-team4938/paparazzi/var/ECE_2012/ap/math/pprz_geodetic_float.o (log)
/opt/paparazzi/arm-multilib/lib/gcc/arm-none-eabi/4.4.5/../../../../arm-none-eabi/lib/thumb2/libm.a(lib_a-w_pow.o)
                              /home/mav/lisa-m-team4938/paparazzi/var/ECE_2012/ap/math/pprz_geodetic_float.o (pow)
/opt/paparazzi/arm-multilib/lib/gcc/arm-none-eabi/4.4.5/../../../../arm-none-eabi/lib/thumb2/libm.a(lib_a-w_sinh.o)
                              /home/mav/lisa-m-team4938/paparazzi/var/ECE_2012/ap/math/pprz_geodetic_float.o (sinh)
/opt/paparazzi/arm-multilib/lib/gcc/arm-none-eabi/4.4.5/../../../../arm-none-eabi/lib/thumb2/libm.a(lib_a-w_sqrt.o)
                              /home/mav/lisa-m-team4938/paparazzi/var/ECE_2012/ap/math/pprz_geodetic_double.o (sqrt)
/opt/paparazzi/arm-multilib/lib/gcc/arm-none-eabi/4.4.5/../../../../arm-none-eabi/lib/thumb2/libm.a(lib_a-wf_asin.o)
                              /home/mav/lisa-m-team4938/paparazzi/var/ECE_2012/ap/subsystems/ahrs/ahrs_float_dcm.o (asinf)
/opt/paparazzi/arm-multilib/lib/gcc/arm-none-eabi/4.4.5/../../../../arm-none-eabi/lib/thumb2/libm.a(lib_a-wf_atan2.o)
                              /home/mav/lisa-m-team4938/paparazzi/var/ECE_2012/ap/math/pprz_geodetic_float.o (atan2f)
/opt/paparazzi/arm-multilib/lib/gcc/arm-none-eabi/4.4.5/../../../../arm-none-eabi/lib/thumb2/libm.a(lib_a-wf_pow.o)
                              /home/mav/lisa-m-team4938/paparazzi/var/ECE_2012/ap/math/pprz_geodetic_float.o (powf)
[...]
Memory Configuration

Name             Origin             Length             Attributes
RAM              0x20000000         0x00010000         xrw
FLASH            0x08000000         0x0007f800         xr
FLASHB1          0x00000000         0x00000000         xr
*default*        0x00000000         0xffffffff

Linker script and memory map

LOAD /home/mav/lisa-m-team4938/paparazzi/var/ECE_2012/ap/mcu.o
LOAD /home/mav/lisa-m-team4938/paparazzi/var/ECE_2012/ap/arch/stm32/mcu_arch.o
LOAD /home/mav/lisa-m-team4938/paparazzi/var/ECE_2012/ap/arch/stm32/led_hw.o
LOAD /home/mav/lisa-m-team4938/paparazzi/var/ECE_2012/ap/sys_time.o
LOAD /home/mav/lisa-m-team4938/paparazzi/var/ECE_2012/ap/./inter_mcu.o
LOAD /home/mav/lisa-m-team4938/paparazzi/var/ECE_2012/ap/math/pprz_geodetic_int.o
LOAD /home/mav/lisa-m-team4938/paparazzi/var/ECE_2012/ap/math/pprz_geodetic_float.o
LOAD /home/mav/lisa-m-team4938/paparazzi/var/ECE_2012/ap/math/pprz_geodetic_double.o
LOAD /home/mav/lisa-m-team4938/paparazzi/var/ECE_2012/ap/math/pprz_trig_int.o
LOAD /home/mav/lisa-m-team4938/paparazzi/var/ECE_2012/ap/mcu_periph/i2c.o
LOAD /home/mav/lisa-m-team4938/paparazzi/var/ECE_2012/ap/arch/stm32/mcu_periph/i2c_arch.o
LOAD /home/mav/lisa-m-team4938/paparazzi/var/ECE_2012/ap/firmwares/fixedwing/main_fbw.o
LOAD /home/mav/lisa-m-team4938/paparazzi/var/ECE_2012/ap/subsystems/electrical.o
LOAD /home/mav/lisa-m-team4938/paparazzi/var/ECE_2012/ap/./commands.o
LOAD /home/mav/lisa-m-team4938/paparazzi/var/ECE_2012/ap/firmwares/fixedwing/main_ap.o
LOAD /home/mav/lisa-m-team4938/paparazzi/var/ECE_2012/ap/./estimator.o
LOAD /home/mav/lisa-m-team4938/paparazzi/var/ECE_2012/ap/arch/stm32/stm32_exceptions.o
LOAD /home/mav/lisa-m-team4938/paparazzi/var/ECE_2012/ap/arch/stm32/stm32_vector_table.o
LOAD /home/mav/lisa-m-team4938/paparazzi/var/ECE_2012/ap/lisa/plug_sys.o
LOAD /home/mav/lisa-m-team4938/paparazzi/var/ECE_2012/ap/firmwares/fixedwing/main.o
LOAD /home/mav/lisa-m-team4938/paparazzi/var/ECE_2012/ap/arch/stm32/sys_time_hw.o
LOAD /home/mav/lisa-m-team4938/paparazzi/var/ECE_2012/ap/mcu_periph/uart.o
LOAD /home/mav/lisa-m-team4938/paparazzi/var/ECE_2012/ap/arch/stm32/mcu_periph/uart_arch.o
LOAD /home/mav/lisa-m-team4938/paparazzi/var/ECE_2012/ap/subsystems/settings.o
LOAD /home/mav/lisa-m-team4938/paparazzi/var/ECE_2012/ap/arch/stm32/subsystems/settings_arch.o
LOAD /home/mav/lisa-m-team4938/paparazzi/var/ECE_2012/ap/arch/stm32/mcu_periph/adc_arch.o
LOAD /home/mav/lisa-m-team4938/paparazzi/var/ECE_2012/ap/arch/stm32/servos_direct_hw.o
LOAD /home/mav/lisa-m-team4938/paparazzi/var/ECE_2012/ap/actuators.o
LOAD /home/mav/lisa-m-team4938/paparazzi/var/ECE_2012/ap/firmwares/rotorcraft/actuators/arch/stm32/actuators_pwm_arch.o
LOAD /home/mav/lisa-m-team4938/paparazzi/var/ECE_2012/ap/subsystems/radio_control.o
LOAD /home/mav/lisa-m-team4938/paparazzi/var/ECE_2012/ap/subsystems/radio_control/ppm.o
LOAD /home/mav/lisa-m-team4938/paparazzi/var/ECE_2012/ap/arch/stm32/subsystems/radio_control/ppm_arch.o
LOAD /home/mav/lisa-m-team4938/paparazzi/var/ECE_2012/ap/downlink.o
LOAD /home/mav/lisa-m-team4938/paparazzi/var/ECE_2012/ap/pprz_transport.o
LOAD /home/mav/lisa-m-team4938/paparazzi/var/ECE_2012/ap/firmwares/fixedwing/datalink.o
LOAD /home/mav/lisa-m-team4938/paparazzi/var/ECE_2012/ap/firmwares/fixedwing/stabilization/stabilization_attitude.o
LOAD /home/mav/lisa-m-team4938/paparazzi/var/ECE_2012/ap/firmwares/fixedwing/guidance/guidance_v.o
LOAD /home/mav/lisa-m-team4938/paparazzi/var/ECE_2012/ap/subsystems/ahrs.o
LOAD /home/mav/lisa-m-team4938/paparazzi/var/ECE_2012/ap/subsystems/ahrs/ahrs_aligner.o
LOAD /home/mav/lisa-m-team4938/paparazzi/var/ECE_2012/ap/subsystems/ahrs/ahrs_float_dcm.o
LOAD /home/mav/lisa-m-team4938/paparazzi/var/ECE_2012/ap/subsystems/gps/gps_ubx.o
LOAD /home/mav/lisa-m-team4938/paparazzi/var/ECE_2012/ap/subsystems/gps.o
LOAD /home/mav/lisa-m-team4938/paparazzi/var/ECE_2012/ap/subsystems/nav.o
LOAD /home/mav/lisa-m-team4938/paparazzi/var/ECE_2012/ap/subsystems/navigation/common_flight_plan.o
LOAD /home/mav/lisa-m-team4938/paparazzi/var/ECE_2012/ap/subsystems/navigation/traffic_info.o
LOAD /home/mav/lisa-m-team4938/paparazzi/var/ECE_2012/ap/subsystems/navigation/nav_survey_rectangle.o
LOAD /home/mav/lisa-m-team4938/paparazzi/var/ECE_2012/ap/subsystems/navigation/nav_line.o
LOAD /opt/paparazzi/arm-multilib/lib/gcc/arm-none-eabi/4.4.5/../../../../arm-none-eabi/lib/thumb2/libc.a
LOAD /opt/paparazzi/arm-multilib/lib/gcc/arm-none-eabi/4.4.5/../../../../arm-none-eabi/lib/thumb2/libm.a
LOAD /opt/paparazzi/arm-multilib/lib/gcc/arm-none-eabi/4.4.5/thumb2/libgcc.a
LOAD /opt/paparazzi/arm-multilib/lib/gcc/arm-none-eabi/4.4.5/../../../../arm-none-eabi/lib/libcmsis.a
LOAD /opt/paparazzi/arm-multilib/lib/gcc/arm-none-eabi/4.4.5/../../../../arm-none-eabi/lib/libstm32.a
LOAD /opt/paparazzi/arm-multilib/lib/gcc/arm-none-eabi/4.4.5/../../../../arm-none-eabi/lib/libopencm3_stm32.a
START GROUP
LOAD /opt/paparazzi/arm-multilib/lib/gcc/arm-none-eabi/4.4.5/thumb2/libgcc.a
LOAD /opt/paparazzi/arm-multilib/lib/gcc/arm-none-eabi/4.4.5/../../../../arm-none-eabi/lib/thumb2/libc.a
END GROUP
                0x20010000                _estack = 0x20010000
                0x00001000                __Stack_Size = 0x1000
                0x00001000                PROVIDE (_Stack_Size, __Stack_Size)
                0x2000f000                __Stack_Init = (_estack - __Stack_Size)
                0x2000f000                PROVIDE (_Stack_Init, __Stack_Init)
                0x00000800                _Minimum_Stack_Size = 0x800
                0x00000001                ASSERT ((ORIGIN (FLASH) == ALIGN (ORIGIN (FLASH), 0x80)), Start of memory region flash not aligned for startup vector table)

.isr_vector     0x08000000      0x130
                0x08000000                . = ALIGN (0x4)
 *(.isr_vector)
 .isr_vector    0x08000000      0x130 /home/mav/lisa-m-team4938/paparazzi/var/ECE_2012/ap/arch/stm32/stm32_vector_table.o
                0x08000000                vector_table
                0x08000130                . = ALIGN (0x4)

.flashtext      0x08000130        0x0
                0x08000130                . = ALIGN (0x4)
 *(.flashtext)
                0x08000130                . = ALIGN (0x4)

.text           0x08000130    0x10d28
                0x08000130                . = ALIGN (0x4)
 *(.text)
 .text          0x08000130      0x340 /opt/paparazzi/arm-multilib/lib/gcc/arm-none-eabi/4.4.5/../../../../arm-none-eabi/lib/thumb2/libm.a(lib_a-s_atan.o)
                0x08000130                atan
 .text          0x08000470       0x88 /opt/paparazzi/arm-multilib/lib/gcc/arm-none-eabi/4.4.5/../../../../arm-none-eabi/lib/thumb2/libm.a(lib_a-s_cos.o)
                0x08000470                cos
 .text          0x080004f8        0x6 /opt/paparazzi/arm-multilib/lib/gcc/arm-none-eabi/4.4.5/../../../../arm-none-eabi/lib/thumb2/libm.a(lib_a-s_fabs.o)
                0x080004f8                fabs
 *fill*         0x080004fe        0x2 00
 .text          0x08000500      0x12c /opt/paparazzi/arm-multilib/lib/gcc/arm-none-eabi/4.4.5/../../../../arm-none-eabi/lib/thumb2/libm.a(lib_a-s_rint.o)
                0x08000500                rint
 .text          0x0800062c       0x8c /opt/paparazzi/arm-multilib/lib/gcc/arm-none-eabi/4.4.5/../../../../arm-none-eabi/lib/thumb2/libm.a(lib_a-s_sin.o)
                0x0800062c                sin
 .text          0x080006b8       0x54 /opt/paparazzi/arm-multilib/lib/gcc/arm-none-eabi/4.4.5/../../../../arm-none-eabi/lib/thumb2/libm.a(lib_a-s_tan.o)
                0x080006b8                tan
 .text          0x0800070c       0x9c /opt/paparazzi/arm-multilib/lib/gcc/arm-none-eabi/4.4.5/../../../../arm-none-eabi/lib/thumb2/libm.a(lib_a-w_asin.o)
                0x0800070c                asin
 .text          0x080007a8        0x4 /opt/paparazzi/arm-multilib/lib/gcc/arm-none-eabi/4.4.5/../../../../arm-none-eabi/lib/thumb2/libm.a(lib_a-w_atan2.o)
                0x080007a8                atan2
 *fill*         0x080007ac        0x4 00
 .text          0x080007b0       0xb8 /opt/paparazzi/arm-multilib/lib/gcc/arm-none-eabi/4.4.5/../../../../arm-none-eabi/lib/thumb2/libm.a(lib_a-w_cosh.o)
                0x080007b0                cosh
 .text          0x08000868       0xe8 /opt/paparazzi/arm-multilib/lib/gcc/arm-none-eabi/4.4.5/../../../../arm-none-eabi/lib/thumb2/libm.a(lib_a-w_exp.o)
                0x08000868                exp
 .text          0x08000950       0xd8 /opt/paparazzi/arm-multilib/lib/gcc/arm-none-eabi/4.4.5/../../../../arm-none-eabi/lib/thumb2/libm.a(lib_a-w_log.o)
                0x08000950                log
 .text          0x08000a28      0x2d0 /opt/paparazzi/arm-multilib/lib/gcc/arm-none-eabi/4.4.5/../../../../arm-none-eabi/lib/thumb2/libm.a(lib_a-w_pow.o)
                0x08000a28                pow
 .text          0x08000cf8       0xd4 /opt/paparazzi/arm-multilib/lib/gcc/arm-none-eabi/4.4.5/../../../../arm-none-eabi/lib/thumb2/libm.a(lib_a-w_sinh.o)
                0x08000cf8                sinh
 *fill*         0x08000dcc        0x4 00
 .text          0x08000dd0      0x498 /opt/paparazzi/arm-multilib/lib/gcc/arm-none-eabi/4.4.5/../../../../arm-none-eabi/lib/thumb2/libm.a(lib_a-e_asin.o)
                0x08000dd0                __ieee754_asin
 .text          0x08001268      0x1e8 /opt/paparazzi/arm-multilib/lib/gcc/arm-none-eabi/4.4.5/../../../../arm-none-eabi/lib/thumb2/libm.a(lib_a-e_atan2.o)
                0x08001268                __ieee754_atan2
 .text          0x08001450      0x130 /opt/paparazzi/arm-multilib/lib/gcc/arm-none-eabi/4.4.5/../../../../arm-none-eabi/lib/thumb2/libm.a(lib_a-e_cosh.o)
                0x08001450                __ieee754_cosh
 .text          0x08001580      0x2e0 /opt/paparazzi/arm-multilib/lib/gcc/arm-none-eabi/4.4.5/../../../../arm-none-eabi/lib/thumb2/libm.a(lib_a-e_exp.o)
                0x08001580                __ieee754_exp
 .text          0x08001860      0x400 /opt/paparazzi/arm-multilib/lib/gcc/arm-none-eabi/4.4.5/../../../../arm-none-eabi/lib/thumb2/libm.a(lib_a-e_log.o)
                0x08001860                __ieee754_log
 .text          0x08001c60      0xa58 /opt/paparazzi/arm-multilib/lib/gcc/arm-none-eabi/4.4.5/../../../../arm-none-eabi/lib/thumb2/libm.a(lib_a-e_pow.o)
                0x08001c60                __ieee754_pow
 .text          0x080026b8      0x3f0 /opt/paparazzi/arm-multilib/lib/gcc/arm-none-eabi/4.4.5/../../../../arm-none-eabi/lib/thumb2/libm.a(lib_a-e_rem_pio2.o)
                0x080026b8                __ieee754_rem_pio2
 .text          0x08002aa8      0x168 /opt/paparazzi/arm-multilib/lib/gcc/arm-none-eabi/4.4.5/../../../../arm-none-eabi/lib/thumb2/libm.a(lib_a-e_sinh.o)
                0x08002aa8                __ieee754_sinh
 .text          0x08002c10      0x170 /opt/paparazzi/arm-multilib/lib/gcc/arm-none-eabi/4.4.5/../../../../arm-none-eabi/lib/thumb2/libm.a(lib_a-e_sqrt.o)
                0x08002c10                __ieee754_sqrt
 .text          0x08002d80      0x1d0 /opt/paparazzi/arm-multilib/lib/gcc/arm-none-eabi/4.4.5/../../../../arm-none-eabi/lib/thumb2/libm.a(lib_a-k_cos.o)
                0x08002d80                __kernel_cos
 .text          0x08002f50      0x6d0 /opt/paparazzi/arm-multilib/lib/gcc/arm-none-eabi/4.4.5/../../../../arm-none-eabi/lib/thumb2/libm.a(lib_a-k_rem_pio2.o)
                0x08002f50                __kernel_rem_pio2
 .text          0x08003620      0x180 /opt/paparazzi/arm-multilib/lib/gcc/arm-none-eabi/4.4.5/../../../../arm-none-eabi/lib/thumb2/libm.a(lib_a-k_sin.o)
                0x08003620                __kernel_sin
 .text          0x080037a0      0x3d8 /opt/paparazzi/arm-multilib/lib/gcc/arm-none-eabi/4.4.5/../../../../arm-none-eabi/lib/thumb2/libm.a(lib_a-k_tan.o)
                0x080037a0                __kernel_tan
 .text          0x08003b78      0x438 /opt/paparazzi/arm-multilib/lib/gcc/arm-none-eabi/4.4.5/../../../../arm-none-eabi/lib/thumb2/libm.a(lib_a-s_expm1.o)
                0x08003b78                expm1
 .text          0x08003fb0       0x10 /opt/paparazzi/arm-multilib/lib/gcc/arm-none-eabi/4.4.5/../../../../arm-none-eabi/lib/thumb2/libm.a(lib_a-s_finite.o)
                0x08003fb0                finite
 .text          0x08003fc0      0x108 /opt/paparazzi/arm-multilib/lib/gcc/arm-none-eabi/4.4.5/../../../../arm-none-eabi/lib/thumb2/libm.a(lib_a-s_floor.o)
                0x08003fc0                floor
 .text          0x080040c8       0x68 /opt/paparazzi/arm-multilib/lib/gcc/arm-none-eabi/4.4.5/../../../../arm-none-eabi/lib/thumb2/libm.a(lib_a-s_fpclassify.o)
                0x080040c8                __fpclassifyd
 .text          0x08004130        0x4 /opt/paparazzi/arm-multilib/lib/gcc/arm-none-eabi/4.4.5/../../../../arm-none-eabi/lib/thumb2/libm.a(lib_a-s_matherr.o)
                0x08004130                matherr
 .text          0x08004134        0xc /opt/paparazzi/arm-multilib/lib/gcc/arm-none-eabi/4.4.5/../../../../arm-none-eabi/lib/thumb2/libm.a(lib_a-s_nan.o)
                0x08004134                nan
 .text          0x08004140      0x108 /opt/paparazzi/arm-multilib/lib/gcc/arm-none-eabi/4.4.5/../../../../arm-none-eabi/lib/thumb2/libm.a(lib_a-s_scalbn.o)
                0x08004140                scalbn
 .text          0x08004248       0x14 /opt/paparazzi/arm-multilib/lib/gcc/arm-none-eabi/4.4.5/../../../../arm-none-eabi/lib/thumb2/libm.a(lib_a-s_copysign.o)
                0x08004248                copysign
 .text          0x0800425c       0xe0 /opt/paparazzi/arm-multilib/lib/gcc/arm-none-eabi/4.4.5/thumb2/libgcc.a(_divsi3.o)
                0x0800425c                __aeabi_idiv
                0x0800425c                __divsi3
                0x08004320                __aeabi_idivmod
 .text          0x0800433c        0x4 /opt/paparazzi/arm-multilib/lib/gcc/arm-none-eabi/4.4.5/thumb2/libgcc.a(_dvmd_tls.o)
                0x0800433c                __aeabi_ldiv0
                0x0800433c                __aeabi_idiv0
 .text          0x08004340      0x370 /opt/paparazzi/arm-multilib/lib/gcc/arm-none-eabi/4.4.5/thumb2/libgcc.a(_arm_addsubdf3.o)
                0x08004340                __aeabi_drsub
                0x08004348                __aeabi_dsub
                0x08004348                __subdf3
                0x0800434c                __adddf3
                0x0800434c                __aeabi_dadd
                0x080045c4                __aeabi_ui2d
                0x080045c4                __floatunsidf
                0x080045e4                __floatsidf
                0x080045e4                __aeabi_i2d
                0x08004608                __extendsfdf2
                0x08004608                __aeabi_f2d
                0x08004644                __aeabi_ul2d
                0x08004644                __floatundidf
                0x08004654                __floatdidf
                0x08004654                __aeabi_l2d
 .text          0x080046b0      0x424 /opt/paparazzi/arm-multilib/lib/gcc/arm-none-eabi/4.4.5/thumb2/libgcc.a(_arm_muldivdf3.o)
                0x080046b0                __aeabi_dmul
                0x080046b0                __muldf3
                0x08004904                __aeabi_ddiv
                0x08004904                __divdf3
 .text          0x08004ad4      0x110 /opt/paparazzi/arm-multilib/lib/gcc/arm-none-eabi/4.4.5/thumb2/libgcc.a(_arm_cmpdf2.o)
                0x08004ad4                __gtdf2
                0x08004ad4                __gedf2
                0x08004adc                __ltdf2
                0x08004adc                __ledf2
                0x08004ae4                __cmpdf2
                0x08004ae4                __eqdf2
                0x08004ae4                __nedf2
                0x08004b60                __aeabi_cdrcmple
                0x08004b70                __aeabi_cdcmple
                0x08004b70                __aeabi_cdcmpeq
                0x08004b80                __aeabi_dcmpeq
                0x08004b94                __aeabi_dcmplt
                0x08004ba8                __aeabi_dcmple
                0x08004bbc                __aeabi_dcmpge
                0x08004bd0                __aeabi_dcmpgt
 .text          0x08004be4       0x50 /opt/paparazzi/arm-multilib/lib/gcc/arm-none-eabi/4.4.5/thumb2/libgcc.a(_arm_fixdfsi.o)
                0x08004be4                __fixdfsi
                0x08004be4                __aeabi_d2iz
 .text          0x08004c34       0x40 /opt/paparazzi/arm-multilib/lib/gcc/arm-none-eabi/4.4.5/thumb2/libgcc.a(_arm_fixunsdfsi.o)
                0x08004c34                __fixunsdfsi
                0x08004c34                __aeabi_d2uiz
 .text          0x08004c74       0xa0 /opt/paparazzi/arm-multilib/lib/gcc/arm-none-eabi/4.4.5/thumb2/libgcc.a(_arm_truncdfsf2.o)
                0x08004c74                __aeabi_d2f
                0x08004c74                __truncdfsf2
 .text          0x08004d14      0x21c /opt/paparazzi/arm-multilib/lib/gcc/arm-none-eabi/4.4.5/thumb2/libgcc.a(_arm_addsubsf3.o)
                0x08004d14                __aeabi_frsub
                0x08004d1c                __subsf3
                0x08004d1c                __aeabi_fsub
                0x08004d20                __aeabi_fadd
                0x08004d20                __addsf3
                0x08004e80                __aeabi_ui2f
                0x08004e80                __floatunsisf
                0x08004e88                __aeabi_i2f
                0x08004e88                __floatsisf
                0x08004ea4                __floatundisf
                0x08004ea4                __aeabi_ul2f
                0x08004eb4                __floatdisf
                0x08004eb4                __aeabi_l2f
 .text          0x08004f30      0x2a0 /opt/paparazzi/arm-multilib/lib/gcc/arm-none-eabi/4.4.5/thumb2/libgcc.a(_arm_muldivsf3.o)
                0x08004f30                __mulsf3
                0x08004f30                __aeabi_fmul
                0x08005098                __divsf3
                0x08005098                __aeabi_fdiv
 .text          0x080051d0       0xec /opt/paparazzi/arm-multilib/lib/gcc/arm-none-eabi/4.4.5/thumb2/libgcc.a(_arm_cmpsf2.o)
                0x080051d0                __gtsf2
                0x080051d0                __gesf2
                0x080051d8                __lesf2
                0x080051d8                __ltsf2
                0x080051e0                __nesf2
                0x080051e0                __eqsf2
                0x080051e0                __cmpsf2
                0x08005240                __aeabi_cfrcmple
                0x08005248                __aeabi_cfcmple
                0x08005248                __aeabi_cfcmpeq
                0x08005258                __aeabi_fcmpeq
                0x0800526c                __aeabi_fcmplt
                0x08005280                __aeabi_fcmple
                0x08005294                __aeabi_fcmpge
                0x080052a8                __aeabi_fcmpgt
 .text          0x080052bc       0x4c /opt/paparazzi/arm-multilib/lib/gcc/arm-none-eabi/4.4.5/thumb2/libgcc.a(_arm_fixsfsi.o)
                0x080052bc                __fixsfsi
                0x080052bc                __aeabi_f2iz
 .text          0x08005308       0x40 /opt/paparazzi/arm-multilib/lib/gcc/arm-none-eabi/4.4.5/thumb2/libgcc.a(_arm_fixunssfsi.o)
                0x08005308                __aeabi_f2uiz
                0x08005308                __fixunssfsi
 .text          0x08005348        0xc /opt/paparazzi/arm-multilib/lib/gcc/arm-none-eabi/4.4.5/../../../../arm-none-eabi/lib/thumb2/libc.a(lib_a-errno.o)
                0x08005348                __errno
 *(.text.*)
 .text.mcu_init
                0x08005354       0x9c /home/mav/lisa-m-team4938/paparazzi/var/ECE_2012/ap/mcu.o
                0x08005354                mcu_init
 .text.mcu_arch_init
                0x080053f0       0x14 /home/mav/lisa-m-team4938/paparazzi/var/ECE_2012/ap/arch/stm32/mcu_arch.o
                0x080053f0                mcu_arch_init
 *fill*         0x08005404        0x4 00
 .text.isometric_latitude_fast_f
                0x08005408       0x38 /home/mav/lisa-m-team4938/paparazzi/var/ECE_2012/ap/math/pprz_geodetic_float.o
 .text.utm_of_lla_f
                0x08005440      0x270 /home/mav/lisa-m-team4938/paparazzi/var/ECE_2012/ap/math/pprz_geodetic_float.o
                0x08005440                utm_of_lla_f
 .text.inter_mcu_fill_fbw_state
                0x080056b0       0x8c /home/mav/lisa-m-team4938/paparazzi/var/ECE_2012/ap/firmwares/fixedwing/main_fbw.o
 .text.periodic_task_fbw
                0x0800573c      0x908 /home/mav/lisa-m-team4938/paparazzi/var/ECE_2012/ap/firmwares/fixedwing/main_fbw.o
                0x0800573c                periodic_task_fbw
 *fill*         0x08006044        0x4 00
 .text.event_task_fbw
                0x08006048      0x408 /home/mav/lisa-m-team4938/paparazzi/var/ECE_2012/ap/firmwares/fixedwing/main_fbw.o
                0x08006048                event_task_fbw
 .text.init_fbw
                0x08006450       0x7c /home/mav/lisa-m-team4938/paparazzi/var/ECE_2012/ap/firmwares/fixedwing/main_fbw.o
                0x08006450                init_fbw
 *fill*         0x080064cc        0x4 00
 .text.electrical_periodic
                0x080064d0       0xf8 /home/mav/lisa-m-team4938/paparazzi/var/ECE_2012/ap/subsystems/electrical.o
                0x080064d0                electrical_periodic
 .text.electrical_init
                0x080065c8       0x28 /home/mav/lisa-m-team4938/paparazzi/var/ECE_2012/ap/subsystems/electrical.o
                0x080065c8                electrical_init
 .text.on_ahrs_event
                0x080065f0        0x2 /home/mav/lisa-m-team4938/paparazzi/var/ECE_2012/ap/firmwares/fixedwing/main_ap.o
 *fill*         0x080065f2        0x2 00
 .text.event_task_ap
                0x080065f4      0x4a0 /home/mav/lisa-m-team4938/paparazzi/var/ECE_2012/ap/firmwares/fixedwing/main_ap.o
                0x080065f4                event_task_ap
 *fill*         0x08006a94        0x4 00
 .text.navigation_task
                0x08006a98      0x690 /home/mav/lisa-m-team4938/paparazzi/var/ECE_2012/ap/firmwares/fixedwing/main_ap.o
 .text.attitude_loop
                0x08007128       0x3c /home/mav/lisa-m-team4938/paparazzi/var/ECE_2012/ap/firmwares/fixedwing/main_ap.o
 *fill*         0x08007164        0x4 00
 .text.periodic_task_ap
                0x08007168     0x5ae0 /home/mav/lisa-m-team4938/paparazzi/var/ECE_2012/ap/firmwares/fixedwing/main_ap.o
                0x08007168                periodic_task_ap
 .text.init_ap  0x0800cc48       0xa0 /home/mav/lisa-m-team4938/paparazzi/var/ECE_2012/ap/firmwares/fixedwing/main_ap.o
                0x0800cc48                init_ap
 .text.estimator_propagate_state
                0x0800cce8        0x2 /home/mav/lisa-m-team4938/paparazzi/var/ECE_2012/ap/./estimator.o
                0x0800cce8                estimator_propagate_state
 *fill*         0x0800ccea        0x2 00
 .text.alt_kalman_reset
                0x0800ccec       0x18 /home/mav/lisa-m-team4938/paparazzi/var/ECE_2012/ap/./estimator.o
                0x0800ccec                alt_kalman_reset
 .text.alt_kalman_init
                0x0800cd04       0x10 /home/mav/lisa-m-team4938/paparazzi/var/ECE_2012/ap/./estimator.o
                0x0800cd04                alt_kalman_init
 *fill*         0x0800cd14        0x4 00
 .text.alt_kalman
                0x0800cd18      0x168 /home/mav/lisa-m-team4938/paparazzi/var/ECE_2012/ap/./estimator.o
                0x0800cd18                alt_kalman
 .text.estimator_init
                0x0800ce80       0x94 /home/mav/lisa-m-team4938/paparazzi/var/ECE_2012/ap/./estimator.o
                0x0800ce80                estimator_init
 *fill*         0x0800cf14        0x4 00
 .text.estimator_update_state_gps
                0x0800cf18      0x110 /home/mav/lisa-m-team4938/paparazzi/var/ECE_2012/ap/./estimator.o
                0x0800cf18                estimator_update_state_gps
 .text.nmi_exception
                0x0800d028        0x2 /home/mav/lisa-m-team4938/paparazzi/var/ECE_2012/ap/arch/stm32/stm32_exceptions.o
                0x0800d028                nmi_exception
 .text.hard_fault_exception
                0x0800d02a        0x2 /home/mav/lisa-m-team4938/paparazzi/var/ECE_2012/ap/arch/stm32/stm32_exceptions.o
                0x0800d02a                hard_fault_exception
 .text.mem_manage_exception
                0x0800d02c        0x2 /home/mav/lisa-m-team4938/paparazzi/var/ECE_2012/ap/arch/stm32/stm32_exceptions.o
                0x0800d02c                mem_manage_exception
 .text.bus_fault_exception
                0x0800d02e        0x2 /home/mav/lisa-m-team4938/paparazzi/var/ECE_2012/ap/arch/stm32/stm32_exceptions.o
                0x0800d02e                bus_fault_exception
 .text.usage_fault_exception
                0x0800d030        0x2 /home/mav/lisa-m-team4938/paparazzi/var/ECE_2012/ap/arch/stm32/stm32_exceptions.o
                0x0800d030                usage_fault_exception
 .text.null_handler
                0x0800d032        0x2 /home/mav/lisa-m-team4938/paparazzi/var/ECE_2012/ap/arch/stm32/stm32_vector_table.o
                0x0800d032                null_handler
 .text.reset_handler_stage2
                0x0800d034       0x40 /home/mav/lisa-m-team4938/paparazzi/var/ECE_2012/ap/arch/stm32/stm32_vector_table.o
                0x0800d034                reset_handler_stage2
 .text.reset_handler_stage1
                0x0800d074       0x24 /home/mav/lisa-m-team4938/paparazzi/var/ECE_2012/ap/arch/stm32/stm32_vector_table.o
                0x0800d074                reset_handler_stage1
 .text.main     0x0800d098       0x70 /home/mav/lisa-m-team4938/paparazzi/var/ECE_2012/ap/firmwares/fixedwing/main.o
                0x0800d098                main
 .text.sys_tick_irq_handler
                0x0800d108        0xc /home/mav/lisa-m-team4938/paparazzi/var/ECE_2012/ap/arch/stm32/sys_time_hw.o
                0x0800d108                sys_tick_irq_handler
 .text.T.16     0x0800d114       0x10 /home/mav/lisa-m-team4938/paparazzi/var/ECE_2012/ap/arch/stm32/sys_time_hw.o
 .text.sys_time_init
                0x0800d124       0x40 /home/mav/lisa-m-team4938/paparazzi/var/ECE_2012/ap/arch/stm32/sys_time_hw.o
                0x0800d124                sys_time_init
 .text.uart_periph_init
                0x0800d164       0x18 /home/mav/lisa-m-team4938/paparazzi/var/ECE_2012/ap/mcu_periph/uart.o
                0x0800d164                uart_periph_init
 .text.uart_check_free_space
                0x0800d17c       0x24 /home/mav/lisa-m-team4938/paparazzi/var/ECE_2012/ap/mcu_periph/uart.o
                0x0800d17c                uart_check_free_space
 .text.uart_transmit
                0x0800d1a0       0x60 /home/mav/lisa-m-team4938/paparazzi/var/ECE_2012/ap/arch/stm32/mcu_periph/uart_arch.o
                0x0800d1a0                uart_transmit
 .text.usart_irq_handler
                0x0800d200       0x7e /home/mav/lisa-m-team4938/paparazzi/var/ECE_2012/ap/arch/stm32/mcu_periph/uart_arch.o
 *fill*         0x0800d27e        0x2 00
 .text.usart2_irq_handler
                0x0800d280        0xc /home/mav/lisa-m-team4938/paparazzi/var/ECE_2012/ap/arch/stm32/mcu_periph/uart_arch.o
                0x0800d280                usart2_irq_handler
 .text.usart1_irq_handler
                0x0800d28c        0xc /home/mav/lisa-m-team4938/paparazzi/var/ECE_2012/ap/arch/stm32/mcu_periph/uart_arch.o
                0x0800d28c                usart1_irq_handler
 .text.usart_enable_irq
                0x0800d298       0x1e /home/mav/lisa-m-team4938/paparazzi/var/ECE_2012/ap/arch/stm32/mcu_periph/uart_arch.o
 .text.uart_periph_set_baudrate
                0x0800d2b6       0x54 /home/mav/lisa-m-team4938/paparazzi/var/ECE_2012/ap/arch/stm32/mcu_periph/uart_arch.o
                0x0800d2b6                uart_periph_set_baudrate
 *fill*         0x0800d30a        0x2 00
 .text.uart2_init
                0x0800d30c       0x74 /home/mav/lisa-m-team4938/paparazzi/var/ECE_2012/ap/arch/stm32/mcu_periph/uart_arch.o
                0x0800d30c                uart2_init
 .text.uart1_init
                0x0800d380       0x74 /home/mav/lisa-m-team4938/paparazzi/var/ECE_2012/ap/arch/stm32/mcu_periph/uart_arch.o
                0x0800d380                uart1_init
 .text.settings_init
                0x0800d3f4        0x2 /home/mav/lisa-m-team4938/paparazzi/var/ECE_2012/ap/subsystems/settings.o
                0x0800d3f4                settings_init
 *fill*         0x0800d3f6        0x2 00
 .text.adc_buf_channel
                0x0800d3f8       0x10 /home/mav/lisa-m-team4938/paparazzi/var/ECE_2012/ap/arch/stm32/mcu_periph/adc_arch.o
                0x0800d3f8                adc_buf_channel
 .text.adc1_2_irq_handler
                0x0800d408       0x64 /home/mav/lisa-m-team4938/paparazzi/var/ECE_2012/ap/arch/stm32/mcu_periph/adc_arch.o
                0x0800d408                adc1_2_irq_handler
 .text.adc_init
                0x0800d46c      0x1a4 /home/mav/lisa-m-team4938/paparazzi/var/ECE_2012/ap/arch/stm32/mcu_periph/adc_arch.o
                0x0800d46c                adc_init
 .text.actuators_init
                0x0800d610        0x4 /home/mav/lisa-m-team4938/paparazzi/var/ECE_2012/ap/arch/stm32/servos_direct_hw.o
                0x0800d610                actuators_init
 .text.actuators_pwm_commit
                0x0800d614       0x44 /home/mav/lisa-m-team4938/paparazzi/var/ECE_2012/ap/firmwares/rotorcraft/actuators/arch/stm32/actuators_pwm_arch.o
                0x0800d614                actuators_pwm_commit
 .text.actuators_pwm_arch_init
                0x0800d658      0x13c /home/mav/lisa-m-team4938/paparazzi/var/ECE_2012/ap/firmwares/rotorcraft/actuators/arch/stm32/actuators_pwm_arch.o
                0x0800d658                actuators_pwm_arch_init
 .text.radio_control_impl_init
                0x0800d794       0x10 /home/mav/lisa-m-team4938/paparazzi/var/ECE_2012/ap/subsystems/radio_control/ppm.o
                0x0800d794                radio_control_impl_init
 .text.tim2_irq_handler
                0x0800d7a4       0xd4 /home/mav/lisa-m-team4938/paparazzi/var/ECE_2012/ap/arch/stm32/subsystems/radio_control/ppm_arch.o
                0x0800d7a4                tim2_irq_handler
 .text.ppm_arch_init
                0x0800d878       0xd0 /home/mav/lisa-m-team4938/paparazzi/var/ECE_2012/ap/arch/stm32/subsystems/radio_control/ppm_arch.o
                0x0800d878                ppm_arch_init
 .text.dl_parse_msg
                0x0800d948      0xb78 /home/mav/lisa-m-team4938/paparazzi/var/ECE_2012/ap/firmwares/fixedwing/datalink.o
                0x0800d948                dl_parse_msg
 .text.h_ctl_init
                0x0800e4c0       0xbc /home/mav/lisa-m-team4938/paparazzi/var/ECE_2012/ap/firmwares/fixedwing/stabilization/stabilization_attitude.o
                0x0800e4c0                h_ctl_init
 *fill*         0x0800e57c        0x4 00
 .text.h_ctl_course_loop
                0x0800e580      0x2d8 /home/mav/lisa-m-team4938/paparazzi/var/ECE_2012/ap/firmwares/fixedwing/stabilization/stabilization_attitude.o
                0x0800e580                h_ctl_course_loop
 .text.h_ctl_attitude_loop
                0x0800e858      0x290 /home/mav/lisa-m-team4938/paparazzi/var/ECE_2012/ap/firmwares/fixedwing/stabilization/stabilization_attitude.o
                0x0800e858                h_ctl_attitude_loop
 .text.v_ctl_init
                0x0800eae8       0xe0 /home/mav/lisa-m-team4938/paparazzi/var/ECE_2012/ap/firmwares/fixedwing/guidance/guidance_v.o
                0x0800eae8                v_ctl_init
 .text.v_ctl_altitude_loop
                0x0800ebc8       0xa0 /home/mav/lisa-m-team4938/paparazzi/var/ECE_2012/ap/firmwares/fixedwing/guidance/guidance_v.o
                0x0800ebc8                v_ctl_altitude_loop
 .text.v_ctl_climb_loop
                0x0800ec68      0x390 /home/mav/lisa-m-team4938/paparazzi/var/ECE_2012/ap/firmwares/fixedwing/guidance/guidance_v.o
                0x0800ec68                v_ctl_climb_loop
 .text.v_ctl_throttle_slew
                0x0800eff8       0x58 /home/mav/lisa-m-team4938/paparazzi/var/ECE_2012/ap/firmwares/fixedwing/guidance/guidance_v.o
                0x0800eff8                v_ctl_throttle_slew
 .text.ahrs_aligner_init
                0x0800f050       0x40 /home/mav/lisa-m-team4938/paparazzi/var/ECE_2012/ap/subsystems/ahrs/ahrs_aligner.o
                0x0800f050                ahrs_aligner_init
 .text.set_dcm_matrix_from_rmat
                0x0800f090       0x20 /home/mav/lisa-m-team4938/paparazzi/var/ECE_2012/ap/subsystems/ahrs/ahrs_float_dcm.o
 .text.ahrs_init
                0x0800f0b0       0xe0 /home/mav/lisa-m-team4938/paparazzi/var/ECE_2012/ap/subsystems/ahrs/ahrs_float_dcm.o
                0x0800f0b0                ahrs_init
 .text.gps_impl_init
                0x0800f190       0x1c /home/mav/lisa-m-team4938/paparazzi/var/ECE_2012/ap/subsystems/gps/gps_ubx.o
                0x0800f190                gps_impl_init
 .text.gps_ubx_parse
                0x0800f1ac      0x100 /home/mav/lisa-m-team4938/paparazzi/var/ECE_2012/ap/subsystems/gps/gps_ubx.o
                0x0800f1ac                gps_ubx_parse
 *fill*         0x0800f2ac        0x4 00
 .text.gps_ubx_read_message
                0x0800f2b0      0x368 /home/mav/lisa-m-team4938/paparazzi/var/ECE_2012/ap/subsystems/gps/gps_ubx.o
                0x0800f2b0                gps_ubx_read_message
 .text.gps_init
                0x0800f618       0x10 /home/mav/lisa-m-team4938/paparazzi/var/ECE_2012/ap/subsystems/gps.o
                0x0800f618                gps_init
 .text.nav_init_stage
                0x0800f628       0x58 /home/mav/lisa-m-team4938/paparazzi/var/ECE_2012/ap/subsystems/nav.o
                0x0800f628                nav_init_stage
 .text.compute_dist2_to_home
                0x0800f680       0x68 /home/mav/lisa-m-team4938/paparazzi/var/ECE_2012/ap/subsystems/nav.o
                0x0800f680                compute_dist2_to_home
 .text.common_nav_periodic_task_4Hz
                0x0800f6e8       0x34 /home/mav/lisa-m-team4938/paparazzi/var/ECE_2012/ap/subsystems/nav.o
                0x0800f6e8                common_nav_periodic_task_4Hz
 .text.nav_move_waypoint
                0x0800f71c       0xc4 /home/mav/lisa-m-team4938/paparazzi/var/ECE_2012/ap/subsystems/nav.o
                0x0800f71c                nav_move_waypoint
 .text.nav_set_altitude
                0x0800f7e0       0x40 /home/mav/lisa-m-team4938/paparazzi/var/ECE_2012/ap/subsystems/nav.o
 .text.nav_init
                0x0800f820       0x54 /home/mav/lisa-m-team4938/paparazzi/var/ECE_2012/ap/subsystems/nav.o
                0x0800f820                nav_init
 .text.nav_without_gps
                0x0800f874       0x3c /home/mav/lisa-m-team4938/paparazzi/var/ECE_2012/ap/subsystems/nav.o
                0x0800f874                nav_without_gps
 .text.fly_to_xy
                0x0800f8b0      0x208 /home/mav/lisa-m-team4938/paparazzi/var/ECE_2012/ap/subsystems/nav.o
                0x0800f8b0                fly_to_xy
 .text.nav_circle_XY
                0x0800fab8      0x330 /home/mav/lisa-m-team4938/paparazzi/var/ECE_2012/ap/subsystems/nav.o
                0x0800fab8                nav_circle_XY
 .text.nav_home
                0x0800fde8       0x60 /home/mav/lisa-m-team4938/paparazzi/var/ECE_2012/ap/subsystems/nav.o
                0x0800fde8                nav_home
 .text.nav_periodic_task
                0x0800fe48       0x80 /home/mav/lisa-m-team4938/paparazzi/var/ECE_2012/ap/subsystems/nav.o
                0x0800fe48                nav_periodic_task
 .text.nav_init_block
                0x0800fec8       0x24 /home/mav/lisa-m-team4938/paparazzi/var/ECE_2012/ap/subsystems/navigation/common_flight_plan.o
                0x0800fec8                nav_init_block
 .text.nav_goto_block
                0x0800feec       0x2c /home/mav/lisa-m-team4938/paparazzi/var/ECE_2012/ap/subsystems/navigation/common_flight_plan.o
                0x0800feec                nav_goto_block
 .text.traffic_info_init
                0x0800ff18       0x24 /home/mav/lisa-m-team4938/paparazzi/var/ECE_2012/ap/subsystems/navigation/traffic_info.o
                0x0800ff18                traffic_info_init
 .text.ADC_Init
                0x0800ff3c       0x4c /opt/paparazzi/arm-multilib/lib/gcc/arm-none-eabi/4.4.5/../../../../arm-none-eabi/lib/libstm32.a(stm32_adc.o)
                0x0800ff3c                ADC_Init
 .text.ADC_Cmd  0x0800ff88       0x14 /opt/paparazzi/arm-multilib/lib/gcc/arm-none-eabi/4.4.5/../../../../arm-none-eabi/lib/libstm32.a(stm32_adc.o)
                0x0800ff88                ADC_Cmd
 .text.ADC_ITConfig
                0x0800ff9c       0x14 /opt/paparazzi/arm-multilib/lib/gcc/arm-none-eabi/4.4.5/../../../../arm-none-eabi/lib/libstm32.a(stm32_adc.o)
                0x0800ff9c                ADC_ITConfig
 .text.ADC_ResetCalibration
                0x0800ffb0        0xa /opt/paparazzi/arm-multilib/lib/gcc/arm-none-eabi/4.4.5/../../../../arm-none-eabi/lib/libstm32.a(stm32_adc.o)
                0x0800ffb0                ADC_ResetCalibration
 .text.ADC_GetResetCalibrationStatus
                0x0800ffba        0xa /opt/paparazzi/arm-multilib/lib/gcc/arm-none-eabi/4.4.5/../../../../arm-none-eabi/lib/libstm32.a(stm32_adc.o)
                0x0800ffba                ADC_GetResetCalibrationStatus
 .text.ADC_StartCalibration
                0x0800ffc4        0xa /opt/paparazzi/arm-multilib/lib/gcc/arm-none-eabi/4.4.5/../../../../arm-none-eabi/lib/libstm32.a(stm32_adc.o)
                0x0800ffc4                ADC_StartCalibration
 .text.ADC_GetCalibrationStatus
                0x0800ffce        0xa /opt/paparazzi/arm-multilib/lib/gcc/arm-none-eabi/4.4.5/../../../../arm-none-eabi/lib/libstm32.a(stm32_adc.o)
                0x0800ffce                ADC_GetCalibrationStatus
 .text.ADC_ExternalTrigInjectedConvConfig
                0x0800ffd8        0xe /opt/paparazzi/arm-multilib/lib/gcc/arm-none-eabi/4.4.5/../../../../arm-none-eabi/lib/libstm32.a(stm32_adc.o)
                0x0800ffd8                ADC_ExternalTrigInjectedConvConfig
 .text.ADC_ExternalTrigInjectedConvCmd
                0x0800ffe6       0x14 /opt/paparazzi/arm-multilib/lib/gcc/arm-none-eabi/4.4.5/../../../../arm-none-eabi/lib/libstm32.a(stm32_adc.o)
                0x0800ffe6                ADC_ExternalTrigInjectedConvCmd
 .text.ADC_InjectedChannelConfig
                0x0800fffa       0x68 /opt/paparazzi/arm-multilib/lib/gcc/arm-none-eabi/4.4.5/../../../../arm-none-eabi/lib/libstm32.a(stm32_adc.o)
                0x0800fffa                ADC_InjectedChannelConfig
 .text.ADC_InjectedSequencerLengthConfig
                0x08010062       0x10 /opt/paparazzi/arm-multilib/lib/gcc/arm-none-eabi/4.4.5/../../../../arm-none-eabi/lib/libstm32.a(stm32_adc.o)
                0x08010062                ADC_InjectedSequencerLengthConfig
 .text.ADC_GetInjectedConversionValue
                0x08010072        0x8 /opt/paparazzi/arm-multilib/lib/gcc/arm-none-eabi/4.4.5/../../../../arm-none-eabi/lib/libstm32.a(stm32_adc.o)
                0x08010072                ADC_GetInjectedConversionValue
 .text.ADC_ClearITPendingBit
                0x0801007a        0x8 /opt/paparazzi/arm-multilib/lib/gcc/arm-none-eabi/4.4.5/../../../../arm-none-eabi/lib/libstm32.a(stm32_adc.o)
                0x0801007a                ADC_ClearITPendingBit
 *fill*         0x08010082        0x2 00
 .text.TIM_TimeBaseInit
                0x08010084       0x40 /opt/paparazzi/arm-multilib/lib/gcc/arm-none-eabi/4.4.5/../../../../arm-none-eabi/lib/libstm32.a(stm32_tim.o)
                0x08010084                TIM_TimeBaseInit
 .text.TIM_OC1Init
                0x080100c4       0x94 /opt/paparazzi/arm-multilib/lib/gcc/arm-none-eabi/4.4.5/../../../../arm-none-eabi/lib/libstm32.a(stm32_tim.o)
                0x080100c4                TIM_OC1Init
 .text.TIM_OC2Init
                0x08010158       0x9c /opt/paparazzi/arm-multilib/lib/gcc/arm-none-eabi/4.4.5/../../../../arm-none-eabi/lib/libstm32.a(stm32_tim.o)
                0x08010158                TIM_OC2Init
 .text.TIM_OC3Init
                0x080101f4       0x98 /opt/paparazzi/arm-multilib/lib/gcc/arm-none-eabi/4.4.5/../../../../arm-none-eabi/lib/libstm32.a(stm32_tim.o)
                0x080101f4                TIM_OC3Init
 .text.TIM_OC4Init
                0x0801028c       0x7c /opt/paparazzi/arm-multilib/lib/gcc/arm-none-eabi/4.4.5/../../../../arm-none-eabi/lib/libstm32.a(stm32_tim.o)
                0x0801028c                TIM_OC4Init
 .text.TIM_TimeBaseStructInit
                0x08010308       0x12 /opt/paparazzi/arm-multilib/lib/gcc/arm-none-eabi/4.4.5/../../../../arm-none-eabi/lib/libstm32.a(stm32_tim.o)
                0x08010308                TIM_TimeBaseStructInit
 .text.TIM_Cmd  0x0801031a       0x1a /opt/paparazzi/arm-multilib/lib/gcc/arm-none-eabi/4.4.5/../../../../arm-none-eabi/lib/libstm32.a(stm32_tim.o)
                0x0801031a                TIM_Cmd
 .text.TIM_CtrlPWMOutputs
                0x08010334       0x20 /opt/paparazzi/arm-multilib/lib/gcc/arm-none-eabi/4.4.5/../../../../arm-none-eabi/lib/libstm32.a(stm32_tim.o)
                0x08010334                TIM_CtrlPWMOutputs
 .text.TIM_ITConfig
                0x08010354       0x16 /opt/paparazzi/arm-multilib/lib/gcc/arm-none-eabi/4.4.5/../../../../arm-none-eabi/lib/libstm32.a(stm32_tim.o)
                0x08010354                TIM_ITConfig
 .text.TIM_ARRPreloadConfig
                0x0801036a       0x1a /opt/paparazzi/arm-multilib/lib/gcc/arm-none-eabi/4.4.5/../../../../arm-none-eabi/lib/libstm32.a(stm32_tim.o)
                0x0801036a                TIM_ARRPreloadConfig
 .text.TIM_OC1PreloadConfig
                0x08010384       0x12 /opt/paparazzi/arm-multilib/lib/gcc/arm-none-eabi/4.4.5/../../../../arm-none-eabi/lib/libstm32.a(stm32_tim.o)
                0x08010384                TIM_OC1PreloadConfig
 .text.TIM_OC2PreloadConfig
                0x08010396       0x14 /opt/paparazzi/arm-multilib/lib/gcc/arm-none-eabi/4.4.5/../../../../arm-none-eabi/lib/libstm32.a(stm32_tim.o)
                0x08010396                TIM_OC2PreloadConfig
 .text.TIM_OC3PreloadConfig
                0x080103aa       0x12 /opt/paparazzi/arm-multilib/lib/gcc/arm-none-eabi/4.4.5/../../../../arm-none-eabi/lib/libstm32.a(stm32_tim.o)
                0x080103aa                TIM_OC3PreloadConfig
 .text.TIM_OC4PreloadConfig
                0x080103bc       0x14 /opt/paparazzi/arm-multilib/lib/gcc/arm-none-eabi/4.4.5/../../../../arm-none-eabi/lib/libstm32.a(stm32_tim.o)
                0x080103bc                TIM_OC4PreloadConfig
 .text.TIM_SelectOutputTrigger
                0x080103d0       0x18 /opt/paparazzi/arm-multilib/lib/gcc/arm-none-eabi/4.4.5/../../../../arm-none-eabi/lib/libstm32.a(stm32_tim.o)
                0x080103d0                TIM_SelectOutputTrigger
 .text.TIM_SetCompare1
                0x080103e8        0x4 /opt/paparazzi/arm-multilib/lib/gcc/arm-none-eabi/4.4.5/../../../../arm-none-eabi/lib/libstm32.a(stm32_tim.o)
                0x080103e8                TIM_SetCompare1
 .text.TIM_SetCompare2
                0x080103ec        0x4 /opt/paparazzi/arm-multilib/lib/gcc/arm-none-eabi/4.4.5/../../../../arm-none-eabi/lib/libstm32.a(stm32_tim.o)
                0x080103ec                TIM_SetCompare2
 .text.TIM_SetCompare3
                0x080103f0        0x4 /opt/paparazzi/arm-multilib/lib/gcc/arm-none-eabi/4.4.5/../../../../arm-none-eabi/lib/libstm32.a(stm32_tim.o)
                0x080103f0                TIM_SetCompare3
 .text.TIM_SetCompare4
                0x080103f4        0x6 /opt/paparazzi/arm-multilib/lib/gcc/arm-none-eabi/4.4.5/../../../../arm-none-eabi/lib/libstm32.a(stm32_tim.o)
                0x080103f4                TIM_SetCompare4
 .text.TIM_SetIC1Prescaler
                0x080103fa       0x18 /opt/paparazzi/arm-multilib/lib/gcc/arm-none-eabi/4.4.5/../../../../arm-none-eabi/lib/libstm32.a(stm32_tim.o)
                0x080103fa                TIM_SetIC1Prescaler
 .text.TIM_SetIC2Prescaler
                0x08010412       0x1a /opt/paparazzi/arm-multilib/lib/gcc/arm-none-eabi/4.4.5/../../../../arm-none-eabi/lib/libstm32.a(stm32_tim.o)
                0x08010412                TIM_SetIC2Prescaler
 .text.TIM_SetIC3Prescaler
                0x0801042c       0x18 /opt/paparazzi/arm-multilib/lib/gcc/arm-none-eabi/4.4.5/../../../../arm-none-eabi/lib/libstm32.a(stm32_tim.o)
                0x0801042c                TIM_SetIC3Prescaler
 .text.TIM_SetIC4Prescaler
                0x08010444       0x1a /opt/paparazzi/arm-multilib/lib/gcc/arm-none-eabi/4.4.5/../../../../arm-none-eabi/lib/libstm32.a(stm32_tim.o)
                0x08010444                TIM_SetIC4Prescaler
 .text.TIM_GetCapture2
                0x0801045e        0x6 /opt/paparazzi/arm-multilib/lib/gcc/arm-none-eabi/4.4.5/../../../../arm-none-eabi/lib/libstm32.a(stm32_tim.o)
                0x0801045e                TIM_GetCapture2
 .text.TIM_GetITStatus
                0x08010464       0x16 /opt/paparazzi/arm-multilib/lib/gcc/arm-none-eabi/4.4.5/../../../../arm-none-eabi/lib/libstm32.a(stm32_tim.o)
                0x08010464                TIM_GetITStatus
 .text.TIM_ClearITPendingBit
                0x0801047a        0x8 /opt/paparazzi/arm-multilib/lib/gcc/arm-none-eabi/4.4.5/../../../../arm-none-eabi/lib/libstm32.a(stm32_tim.o)
                0x0801047a                TIM_ClearITPendingBit
 .text.TI1_Config
                0x08010482       0x4a /opt/paparazzi/arm-multilib/lib/gcc/arm-none-eabi/4.4.5/../../../../arm-none-eabi/lib/libstm32.a(stm32_tim.o)
 .text.TI2_Config
                0x080104cc       0x4e /opt/paparazzi/arm-multilib/lib/gcc/arm-none-eabi/4.4.5/../../../../arm-none-eabi/lib/libstm32.a(stm32_tim.o)
 .text.TIM_ICInit
                0x0801051a       0xd8 /opt/paparazzi/arm-multilib/lib/gcc/arm-none-eabi/4.4.5/../../../../arm-none-eabi/lib/libstm32.a(stm32_tim.o)
                0x0801051a                TIM_ICInit
 .text.GPIO_Init
                0x080105f2       0x94 /opt/paparazzi/arm-multilib/lib/gcc/arm-none-eabi/4.4.5/../../../../arm-none-eabi/lib/libstm32.a(stm32_gpio.o)
                0x080105f2                GPIO_Init
 *fill*         0x08010686        0x2 00
 .text.GPIO_PinRemapConfig
                0x08010688       0x60 /opt/paparazzi/arm-multilib/lib/gcc/arm-none-eabi/4.4.5/../../../../arm-none-eabi/lib/libstm32.a(stm32_gpio.o)
                0x08010688                GPIO_PinRemapConfig
 .text.USART_Cmd
                0x080106e8       0x1a /opt/paparazzi/arm-multilib/lib/gcc/arm-none-eabi/4.4.5/../../../../arm-none-eabi/lib/libstm32.a(stm32_usart.o)
                0x080106e8                USART_Cmd
 .text.USART_ITConfig
                0x08010702       0x36 /opt/paparazzi/arm-multilib/lib/gcc/arm-none-eabi/4.4.5/../../../../arm-none-eabi/lib/libstm32.a(stm32_usart.o)
                0x08010702                USART_ITConfig
 .text.USART_SendData
                0x08010738        0x8 /opt/paparazzi/arm-multilib/lib/gcc/arm-none-eabi/4.4.5/../../../../arm-none-eabi/lib/libstm32.a(stm32_usart.o)
                0x08010738                USART_SendData
 .text.USART_ReceiveData
                0x08010740        0x8 /opt/paparazzi/arm-multilib/lib/gcc/arm-none-eabi/4.4.5/../../../../arm-none-eabi/lib/libstm32.a(stm32_usart.o)
                0x08010740                USART_ReceiveData
 .text.USART_GetITStatus
                0x08010748       0x46 /opt/paparazzi/arm-multilib/lib/gcc/arm-none-eabi/4.4.5/../../../../arm-none-eabi/lib/libstm32.a(stm32_usart.o)
                0x08010748                USART_GetITStatus
 *fill*         0x0801078e        0x2 00
 .text.USART_Init
                0x08010790       0x90 /opt/paparazzi/arm-multilib/lib/gcc/arm-none-eabi/4.4.5/../../../../arm-none-eabi/lib/libstm32.a(stm32_usart.o)
                0x08010790                USART_Init
 .text.RCC_ADCCLKConfig
                0x08010820       0x14 /opt/paparazzi/arm-multilib/lib/gcc/arm-none-eabi/4.4.5/../../../../arm-none-eabi/lib/libstm32.a(stm32_rcc.o)
                0x08010820                RCC_ADCCLKConfig
 .text.RCC_GetClocksFreq
                0x08010834       0xa0 /opt/paparazzi/arm-multilib/lib/gcc/arm-none-eabi/4.4.5/../../../../arm-none-eabi/lib/libstm32.a(stm32_rcc.o)
                0x08010834                RCC_GetClocksFreq
 .text.RCC_APB2PeriphClockCmd
                0x080108d4       0x1c /opt/paparazzi/arm-multilib/lib/gcc/arm-none-eabi/4.4.5/../../../../arm-none-eabi/lib/libstm32.a(stm32_rcc.o)
                0x080108d4                RCC_APB2PeriphClockCmd
 .text.RCC_APB1PeriphClockCmd
                0x080108f0       0x1c /opt/paparazzi/arm-multilib/lib/gcc/arm-none-eabi/4.4.5/../../../../arm-none-eabi/lib/libstm32.a(stm32_rcc.o)
                0x080108f0                RCC_APB1PeriphClockCmd
 .text.NVIC_Init
                0x0801090c       0x64 /opt/paparazzi/arm-multilib/lib/gcc/arm-none-eabi/4.4.5/../../../../arm-none-eabi/lib/libstm32.a(stm32_misc.o)
                0x0801090c                NVIC_Init
 .text.NVIC_SetVectorTable
                0x08010970       0x14 /opt/paparazzi/arm-multilib/lib/gcc/arm-none-eabi/4.4.5/../../../../arm-none-eabi/lib/libstm32.a(stm32_misc.o)
                0x08010970                NVIC_SetVectorTable
 .text.rcc_wait_for_osc_ready
                0x08010984       0x58 /opt/paparazzi/arm-multilib/lib/gcc/arm-none-eabi/4.4.5/../../../../arm-none-eabi/lib/libopencm3_stm32.a(rcc.o)
                0x08010984                rcc_wait_for_osc_ready
 .text.rcc_osc_on
                0x080109dc       0x4c /opt/paparazzi/arm-multilib/lib/gcc/arm-none-eabi/4.4.5/../../../../arm-none-eabi/lib/libopencm3_stm32.a(rcc.o)
                0x080109dc                rcc_osc_on
 .text.rcc_set_sysclk_source
                0x08010a28       0x14 /opt/paparazzi/arm-multilib/lib/gcc/arm-none-eabi/4.4.5/../../../../arm-none-eabi/lib/libopencm3_stm32.a(rcc.o)
                0x08010a28                rcc_set_sysclk_source
 .text.rcc_set_pll_multiplication_factor
                0x08010a3c       0x14 /opt/paparazzi/arm-multilib/lib/gcc/arm-none-eabi/4.4.5/../../../../arm-none-eabi/lib/libopencm3_stm32.a(rcc.o)
                0x08010a3c                rcc_set_pll_multiplication_factor
 .text.rcc_set_pll_source
                0x08010a50       0x14 /opt/paparazzi/arm-multilib/lib/gcc/arm-none-eabi/4.4.5/../../../../arm-none-eabi/lib/libopencm3_stm32.a(rcc.o)
                0x08010a50                rcc_set_pll_source
 .text.rcc_set_pllxtpre
                0x08010a64       0x14 /opt/paparazzi/arm-multilib/lib/gcc/arm-none-eabi/4.4.5/../../../../arm-none-eabi/lib/libopencm3_stm32.a(rcc.o)
                0x08010a64                rcc_set_pllxtpre
 .text.rcc_set_adcpre
                0x08010a78       0x14 /opt/paparazzi/arm-multilib/lib/gcc/arm-none-eabi/4.4.5/../../../../arm-none-eabi/lib/libopencm3_stm32.a(rcc.o)
                0x08010a78                rcc_set_adcpre
 .text.rcc_set_ppre1
                0x08010a8c       0x14 /opt/paparazzi/arm-multilib/lib/gcc/arm-none-eabi/4.4.5/../../../../arm-none-eabi/lib/libopencm3_stm32.a(rcc.o)
                0x08010a8c                rcc_set_ppre1
 .text.T.0      0x08010aa0       0x10 /opt/paparazzi/arm-multilib/lib/gcc/arm-none-eabi/4.4.5/../../../../arm-none-eabi/lib/libopencm3_stm32.a(rcc.o)
 .text.T.1      0x08010ab0       0x10 /opt/paparazzi/arm-multilib/lib/gcc/arm-none-eabi/4.4.5/../../../../arm-none-eabi/lib/libopencm3_stm32.a(rcc.o)
 .text.rcc_clock_setup_in_hse_12mhz_out_72mhz
                0x08010ac0       0x84 /opt/paparazzi/arm-multilib/lib/gcc/arm-none-eabi/4.4.5/../../../../arm-none-eabi/lib/libopencm3_stm32.a(rcc.o)
                0x08010ac0                rcc_clock_setup_in_hse_12mhz_out_72mhz
 .text.usart_set_baudrate
                0x08010b44       0x24 /opt/paparazzi/arm-multilib/lib/gcc/arm-none-eabi/4.4.5/../../../../arm-none-eabi/lib/libopencm3_stm32.a(usart.o)
                0x08010b44                usart_set_baudrate
 .text.flash_set_ws
                0x08010b68       0x14 /opt/paparazzi/arm-multilib/lib/gcc/arm-none-eabi/4.4.5/../../../../arm-none-eabi/lib/libopencm3_stm32.a(flash.o)
                0x08010b68                flash_set_ws
 *(.rodata)
 *fill*         0x08010b7c        0x4 00
 .rodata        0x08010b80       0x40 /opt/paparazzi/arm-multilib/lib/gcc/arm-none-eabi/4.4.5/../../../../arm-none-eabi/lib/thumb2/libm.a(lib_a-s_atan.o)
 .rodata        0x08010bc0       0x10 /opt/paparazzi/arm-multilib/lib/gcc/arm-none-eabi/4.4.5/../../../../arm-none-eabi/lib/thumb2/libm.a(lib_a-s_rint.o)
 .rodata        0x08010bd0       0x30 /opt/paparazzi/arm-multilib/lib/gcc/arm-none-eabi/4.4.5/../../../../arm-none-eabi/lib/thumb2/libm.a(lib_a-e_exp.o)
 .rodata        0x08010c00       0x30 /opt/paparazzi/arm-multilib/lib/gcc/arm-none-eabi/4.4.5/../../../../arm-none-eabi/lib/thumb2/libm.a(lib_a-e_pow.o)
 .rodata        0x08010c30      0x188 /opt/paparazzi/arm-multilib/lib/gcc/arm-none-eabi/4.4.5/../../../../arm-none-eabi/lib/thumb2/libm.a(lib_a-e_rem_pio2.o)
 .rodata        0x08010db8       0x50 /opt/paparazzi/arm-multilib/lib/gcc/arm-none-eabi/4.4.5/../../../../arm-none-eabi/lib/thumb2/libm.a(lib_a-k_rem_pio2.o)
 *(.rodata*)
 .rodata.serie_coeff_proj_mercator
                0x08010e08       0x14 /home/mav/lisa-m-team4938/paparazzi/var/ECE_2012/ap/math/pprz_geodetic_float.o
 .rodata.commands_failsafe
                0x08010e1c        0x8 /home/mav/lisa-m-team4938/paparazzi/var/ECE_2012/ap/./commands.o
                0x08010e1c                commands_failsafe
 .rodata.version
                0x08010e24        0x2 /home/mav/lisa-m-team4938/paparazzi/var/ECE_2012/ap/firmwares/fixedwing/main_ap.o
 .rodata.str1.1
                0x08010e26       0x11 /home/mav/lisa-m-team4938/paparazzi/var/ECE_2012/ap/firmwares/fixedwing/main_ap.o
 .rodata.nb_waypoint
                0x08010e37        0x1 /home/mav/lisa-m-team4938/paparazzi/var/ECE_2012/ap/subsystems/nav.o
                0x08010e37                nb_waypoint
 .rodata.str1.1
                0x08010e38        0x5 /opt/paparazzi/arm-multilib/lib/gcc/arm-none-eabi/4.4.5/../../../../arm-none-eabi/lib/thumb2/libm.a(lib_a-w_asin.o)
                                  0x6 (size before relaxing)
 .rodata.str1.1
                0x08010e3d        0x5 /opt/paparazzi/arm-multilib/lib/gcc/arm-none-eabi/4.4.5/../../../../arm-none-eabi/lib/thumb2/libm.a(lib_a-w_cosh.o)
 .rodata.str1.1
                0x08010e42        0x4 /opt/paparazzi/arm-multilib/lib/gcc/arm-none-eabi/4.4.5/../../../../arm-none-eabi/lib/thumb2/libm.a(lib_a-w_exp.o)
 .rodata.str1.1
                0x08010e46        0x4 /opt/paparazzi/arm-multilib/lib/gcc/arm-none-eabi/4.4.5/../../../../arm-none-eabi/lib/thumb2/libm.a(lib_a-w_log.o)
                                  0x5 (size before relaxing)
 .rodata.str1.1
                0x08010e4a        0x4 /opt/paparazzi/arm-multilib/lib/gcc/arm-none-eabi/4.4.5/../../../../arm-none-eabi/lib/thumb2/libm.a(lib_a-w_pow.o)
 .rodata.str1.1
                0x08010e4e        0x5 /opt/paparazzi/arm-multilib/lib/gcc/arm-none-eabi/4.4.5/../../../../arm-none-eabi/lib/thumb2/libm.a(lib_a-w_sinh.o)
 .rodata.str1.1
                0x00000000        0x1 /opt/paparazzi/arm-multilib/lib/gcc/arm-none-eabi/4.4.5/../../../../arm-none-eabi/lib/thumb2/libm.a(lib_a-e_pow.o)
 .rodata.str1.1
                0x08010e53        0x2 /opt/paparazzi/arm-multilib/lib/gcc/arm-none-eabi/4.4.5/../../../../arm-none-eabi/lib/thumb2/libc.a(lib_a-impure.o)
 *(.glue_7)
 .glue_7        0x00000000        0x0 linker stubs
 *(.glue_7t)
 .glue_7t       0x00000000        0x0 linker stubs
                0x08010e58                . = ALIGN (0x4)
 *fill*         0x08010e55        0x3 00
                0x08010e58                _etext = .
                0x08010e58                _sidata = _etext

.vfp11_veneer   0x08010e58        0x0
 .vfp11_veneer  0x00000000        0x0 linker stubs

.v4_bx          0x08010e58        0x0
 .v4_bx         0x00000000        0x0 linker stubs

.data           0x20000000      0x4b8 load address 0x08010e58
                0x20000000                . = ALIGN (0x4)
                0x20000000                _sdata = .
 *(.data)
 .data          0x20000000        0x1 /opt/paparazzi/arm-multilib/lib/gcc/arm-none-eabi/4.4.5/../../../../arm-none-eabi/lib/thumb2/libm.a(lib_a-s_lib_ver.o)
                0x20000000                __fdlib_version
 *fill*         0x20000001        0x7 00
 .data          0x20000008      0x430 /opt/paparazzi/arm-multilib/lib/gcc/arm-none-eabi/4.4.5/../../../../arm-none-eabi/lib/thumb2/libc.a(lib_a-impure.o)
                0x20000008                _impure_ptr
 *(.data.*)
 .data.fbw_state
                0x20000438        0x4 /home/mav/lisa-m-team4938/paparazzi/var/ECE_2012/ap/./inter_mcu.o
                0x20000438                fbw_state
 .data.ap_state
                0x2000043c        0x4 /home/mav/lisa-m-team4938/paparazzi/var/ECE_2012/ap/./inter_mcu.o
                0x2000043c                ap_state
 .data.pprz_mode
                0x20000440        0x1 /home/mav/lisa-m-team4938/paparazzi/var/ECE_2012/ap/firmwares/fixedwing/main_ap.o
                0x20000440                pprz_mode
 .data.boot.4710
                0x20000441        0x1 /home/mav/lisa-m-team4938/paparazzi/var/ECE_2012/ap/firmwares/fixedwing/main_ap.o
 .data.telemetry_mode_Fbw_DefaultChannel
                0x20000442        0x1 /home/mav/lisa-m-team4938/paparazzi/var/ECE_2012/ap/downlink.o
                0x20000442                telemetry_mode_Fbw_DefaultChannel
 *fill*         0x20000443        0x1 00
 .data.v_ctl_auto_throttle_dash_trim
                0x20000444        0x4 /home/mav/lisa-m-team4938/paparazzi/var/ECE_2012/ap/firmwares/fixedwing/stabilization/stabilization_attitude.o
                0x20000444                v_ctl_auto_throttle_dash_trim
 .data.v_ctl_auto_throttle_loiter_trim
                0x20000448        0x4 /home/mav/lisa-m-team4938/paparazzi/var/ECE_2012/ap/firmwares/fixedwing/stabilization/stabilization_attitude.o
                0x20000448                v_ctl_auto_throttle_loiter_trim
 .data.DCM_Matrix
                0x2000044c       0x24 /home/mav/lisa-m-team4938/paparazzi/var/ECE_2012/ap/subsystems/ahrs/ahrs_float_dcm.o
                0x2000044c                DCM_Matrix
 .data.max_dist_from_home
                0x20000470        0x4 /home/mav/lisa-m-team4938/paparazzi/var/ECE_2012/ap/subsystems/nav.o
                0x20000470                max_dist_from_home
 .data.nav_altitude
                0x20000474        0x4 /home/mav/lisa-m-team4938/paparazzi/var/ECE_2012/ap/subsystems/nav.o
                0x20000474                nav_altitude
 .data.nav_utm_zone0
                0x20000478        0x1 /home/mav/lisa-m-team4938/paparazzi/var/ECE_2012/ap/subsystems/nav.o
                0x20000478                nav_utm_zone0
 *fill*         0x20000479        0x3 00
 .data.nav_utm_north0
                0x2000047c        0x4 /home/mav/lisa-m-team4938/paparazzi/var/ECE_2012/ap/subsystems/nav.o
                0x2000047c                nav_utm_north0
 .data.nav_utm_east0
                0x20000480        0x4 /home/mav/lisa-m-team4938/paparazzi/var/ECE_2012/ap/subsystems/nav.o
                0x20000480                nav_utm_east0
 .data.waypoints
                0x20000484       0x18 /home/mav/lisa-m-team4938/paparazzi/var/ECE_2012/ap/subsystems/nav.o
                0x20000484                waypoints
 .data.ADCPrescTable
                0x2000049c        0x4 /opt/paparazzi/arm-multilib/lib/gcc/arm-none-eabi/4.4.5/../../../../arm-none-eabi/lib/libstm32.a(stm32_rcc.o)
 .data.APBAHBPrescTable
                0x200004a0       0x10 /opt/paparazzi/arm-multilib/lib/gcc/arm-none-eabi/4.4.5/../../../../arm-none-eabi/lib/libstm32.a(stm32_rcc.o)
 .data.rcc_ppre1_frequency
                0x200004b0        0x4 /opt/paparazzi/arm-multilib/lib/gcc/arm-none-eabi/4.4.5/../../../../arm-none-eabi/lib/libopencm3_stm32.a(rcc.o)
                0x200004b0                rcc_ppre1_frequency
 .data.rcc_ppre2_frequency
                0x200004b4        0x4 /opt/paparazzi/arm-multilib/lib/gcc/arm-none-eabi/4.4.5/../../../../arm-none-eabi/lib/libopencm3_stm32.a(rcc.o)
                0x200004b4                rcc_ppre2_frequency
                0x200004b8                . = ALIGN (0x4)
                0x200004b8                _edata = .

.bss            0x200004b8      0xeec load address 0x08011310
                0x200004b8                . = ALIGN (0x4)
                0x200004b8                _sbss = .
 *(.dynbss)
 *(.bss .bss.* .gnu.linkonce.b.*)
 .bss.cpu_time_sec
                0x200004b8        0x2 /home/mav/lisa-m-team4938/paparazzi/var/ECE_2012/ap/sys_time.o
                0x200004b8                cpu_time_sec
 .bss.inter_mcu_received_ap
                0x200004ba        0x1 /home/mav/lisa-m-team4938/paparazzi/var/ECE_2012/ap/./inter_mcu.o
                0x200004ba                inter_mcu_received_ap
 *fill*         0x200004bb        0x1 00
 .bss._ap_state
                0x200004bc        0x8 /home/mav/lisa-m-team4938/paparazzi/var/ECE_2012/ap/./inter_mcu.o
 .bss.ap_ok     0x200004c4        0x1 /home/mav/lisa-m-team4938/paparazzi/var/ECE_2012/ap/./inter_mcu.o
                0x200004c4                ap_ok
 .bss.time_since_last_ap
                0x200004c5        0x1 /home/mav/lisa-m-team4938/paparazzi/var/ECE_2012/ap/./inter_mcu.o
                0x200004c5                time_since_last_ap
 .bss.inter_mcu_received_fbw
                0x200004c6        0x1 /home/mav/lisa-m-team4938/paparazzi/var/ECE_2012/ap/./inter_mcu.o
                0x200004c6                inter_mcu_received_fbw
 *fill*         0x200004c7        0x1 00
 .bss._fbw_state
                0x200004c8       0x18 /home/mav/lisa-m-team4938/paparazzi/var/ECE_2012/ap/./inter_mcu.o
 .bss.i300.3392
                0x200004e0        0x2 /home/mav/lisa-m-team4938/paparazzi/var/ECE_2012/ap/firmwares/fixedwing/main_fbw.o
 .bss.fbw_mode  0x200004e2        0x1 /home/mav/lisa-m-team4938/paparazzi/var/ECE_2012/ap/firmwares/fixedwing/main_fbw.o
                0x200004e2                fbw_mode
 .bss._1Hz.3087
                0x200004e3        0x1 /home/mav/lisa-m-team4938/paparazzi/var/ECE_2012/ap/firmwares/fixedwing/main_fbw.o
 .bss.fbw_new_actuators
                0x200004e4        0x1 /home/mav/lisa-m-team4938/paparazzi/var/ECE_2012/ap/firmwares/fixedwing/main_fbw.o
                0x200004e4                fbw_new_actuators
 .bss.i60.3417  0x200004e5        0x1 /home/mav/lisa-m-team4938/paparazzi/var/ECE_2012/ap/firmwares/fixedwing/main_fbw.o
 .bss.i120.3391
                0x200004e6        0x1 /home/mav/lisa-m-team4938/paparazzi/var/ECE_2012/ap/firmwares/fixedwing/main_fbw.o
 .bss.i30.3416  0x200004e7        0x1 /home/mav/lisa-m-team4938/paparazzi/var/ECE_2012/ap/firmwares/fixedwing/main_fbw.o
 .bss._10Hz.3854
                0x200004e8        0x1 /home/mav/lisa-m-team4938/paparazzi/var/ECE_2012/ap/firmwares/fixedwing/main_fbw.o
 *fill*         0x200004e9        0x1 00
 .bss.i300.3418
                0x200004ea        0x2 /home/mav/lisa-m-team4938/paparazzi/var/ECE_2012/ap/firmwares/fixedwing/main_fbw.o
 .bss.electrical_priv
                0x200004ec       0x4c /home/mav/lisa-m-team4938/paparazzi/var/ECE_2012/ap/subsystems/electrical.o
 .bss.electrical
                0x20000538        0x8 /home/mav/lisa-m-team4938/paparazzi/var/ECE_2012/ap/subsystems/electrical.o
                0x20000538                electrical
 .bss.commands  0x20000540        0x8 /home/mav/lisa-m-team4938/paparazzi/var/ECE_2012/ap/./commands.o
                0x20000540                commands
 .bss.command_roll_trim
                0x20000548        0x2 /home/mav/lisa-m-team4938/paparazzi/var/ECE_2012/ap/./commands.o
                0x20000548                command_roll_trim
 .bss.command_pitch_trim
                0x2000054a        0x2 /home/mav/lisa-m-team4938/paparazzi/var/ECE_2012/ap/./commands.o
                0x2000054a                command_pitch_trim
 .bss.i420.5298
                0x2000054c        0x2 /home/mav/lisa-m-team4938/paparazzi/var/ECE_2012/ap/firmwares/fixedwing/main_ap.o
 .bss.t.7236    0x2000054e        0x1 /home/mav/lisa-m-team4938/paparazzi/var/ECE_2012/ap/firmwares/fixedwing/main_ap.o
 .bss.rc_settings_mode
                0x2000054f        0x1 /home/mav/lisa-m-team4938/paparazzi/var/ECE_2012/ap/firmwares/fixedwing/main_ap.o
                0x2000054f                rc_settings_mode
 .bss.vsupply   0x20000550        0x1 /home/mav/lisa-m-team4938/paparazzi/var/ECE_2012/ap/firmwares/fixedwing/main_ap.o
                0x20000550                vsupply
 .bss.i84.5014  0x20000551        0x1 /home/mav/lisa-m-team4938/paparazzi/var/ECE_2012/ap/firmwares/fixedwing/main_ap.o
 .bss._ck_b.2893
                0x20000552        0x1 /home/mav/lisa-m-team4938/paparazzi/var/ECE_2012/ap/firmwares/fixedwing/main_ap.o
 .bss.i66.5012  0x20000553        0x1 /home/mav/lisa-m-team4938/paparazzi/var/ECE_2012/ap/firmwares/fixedwing/main_ap.o
 .bss.i240.5020
                0x20000554        0x1 /home/mav/lisa-m-team4938/paparazzi/var/ECE_2012/ap/firmwares/fixedwing/main_ap.o
 .bss.i183.5018
                0x20000555        0x1 /home/mav/lisa-m-team4938/paparazzi/var/ECE_2012/ap/firmwares/fixedwing/main_ap.o
 .bss.last.5274
                0x20000556        0x2 /home/mav/lisa-m-team4938/paparazzi/var/ECE_2012/ap/firmwares/fixedwing/main_ap.o
 .bss.i63.5011  0x20000558        0x1 /home/mav/lisa-m-team4938/paparazzi/var/ECE_2012/ap/firmwares/fixedwing/main_ap.o
 .bss._20Hz.7232
                0x20000559        0x1 /home/mav/lisa-m-team4938/paparazzi/var/ECE_2012/ap/firmwares/fixedwing/main_ap.o
 .bss.i72.4719  0x2000055a        0x1 /home/mav/lisa-m-team4938/paparazzi/var/ECE_2012/ap/firmwares/fixedwing/main_ap.o
 .bss.i30.4715  0x2000055b        0x1 /home/mav/lisa-m-team4938/paparazzi/var/ECE_2012/ap/firmwares/fixedwing/main_ap.o
 .bss.i180.5017
                0x2000055c        0x1 /home/mav/lisa-m-team4938/paparazzi/var/ECE_2012/ap/firmwares/fixedwing/main_ap.o
 .bss._1Hz.7235
                0x2000055d        0x1 /home/mav/lisa-m-team4938/paparazzi/var/ECE_2012/ap/firmwares/fixedwing/main_ap.o
 .bss._60Hz.7231
                0x2000055e        0x1 /home/mav/lisa-m-team4938/paparazzi/var/ECE_2012/ap/firmwares/fixedwing/main_ap.o
 *fill*         0x2000055f        0x1 00
 .bss.i318.5294
                0x20000560        0x2 /home/mav/lisa-m-team4938/paparazzi/var/ECE_2012/ap/firmwares/fixedwing/main_ap.o
 .bss.i243.5021
                0x20000562        0x1 /home/mav/lisa-m-team4938/paparazzi/var/ECE_2012/ap/firmwares/fixedwing/main_ap.o
 .bss.i90.4720  0x20000563        0x1 /home/mav/lisa-m-team4938/paparazzi/var/ECE_2012/ap/firmwares/fixedwing/main_ap.o
 .bss.launch    0x20000564        0x1 /home/mav/lisa-m-team4938/paparazzi/var/ECE_2012/ap/firmwares/fixedwing/main_ap.o
                0x20000564                launch
 *fill*         0x20000565        0x1 00
 .bss.i330.5296
                0x20000566        0x2 /home/mav/lisa-m-team4938/paparazzi/var/ECE_2012/ap/firmwares/fixedwing/main_ap.o
 .bss._10Hz.7233
                0x20000568        0x1 /home/mav/lisa-m-team4938/paparazzi/var/ECE_2012/ap/firmwares/fixedwing/main_ap.o
 .bss.i.5093    0x20000569        0x1 /home/mav/lisa-m-team4938/paparazzi/var/ECE_2012/ap/firmwares/fixedwing/main_ap.o
 .bss.i.5111    0x2000056a        0x1 /home/mav/lisa-m-team4938/paparazzi/var/ECE_2012/ap/firmwares/fixedwing/main_ap.o
 .bss.i126.4722
                0x2000056b        0x1 /home/mav/lisa-m-team4938/paparazzi/var/ECE_2012/ap/firmwares/fixedwing/main_ap.o
 .bss.i342.5297
                0x2000056c        0x2 /home/mav/lisa-m-team4938/paparazzi/var/ECE_2012/ap/firmwares/fixedwing/main_ap.o
 .bss.i66.4718  0x2000056e        0x1 /home/mav/lisa-m-team4938/paparazzi/var/ECE_2012/ap/firmwares/fixedwing/main_ap.o
 *fill*         0x2000056f        0x1 00
 .bss.i606.5299
                0x20000570        0x2 /home/mav/lisa-m-team4938/paparazzi/var/ECE_2012/ap/firmwares/fixedwing/main_ap.o
 .bss.i.4905    0x20000572        0x1 /home/mav/lisa-m-team4938/paparazzi/var/ECE_2012/ap/firmwares/fixedwing/main_ap.o
 .bss.lateral_mode
                0x20000573        0x1 /home/mav/lisa-m-team4938/paparazzi/var/ECE_2012/ap/firmwares/fixedwing/main_ap.o
                0x20000573                lateral_mode
 .bss.mcu1_status
                0x20000574        0x1 /home/mav/lisa-m-team4938/paparazzi/var/ECE_2012/ap/firmwares/fixedwing/main_ap.o
 .bss.i63.4717  0x20000575        0x1 /home/mav/lisa-m-team4938/paparazzi/var/ECE_2012/ap/firmwares/fixedwing/main_ap.o
 *fill*         0x20000576        0x2 00
 .bss.energy    0x20000578        0x4 /home/mav/lisa-m-team4938/paparazzi/var/ECE_2012/ap/firmwares/fixedwing/main_ap.o
                0x20000578                energy
 .bss.i120.4721
                0x2000057c        0x1 /home/mav/lisa-m-team4938/paparazzi/var/ECE_2012/ap/firmwares/fixedwing/main_ap.o
 .bss.gps_lost  0x2000057d        0x1 /home/mav/lisa-m-team4938/paparazzi/var/ECE_2012/ap/firmwares/fixedwing/main_ap.o
                0x2000057d                gps_lost
 .bss.i60.4716  0x2000057e        0x1 /home/mav/lisa-m-team4938/paparazzi/var/ECE_2012/ap/firmwares/fixedwing/main_ap.o
 *fill*         0x2000057f        0x1 00
 .bss.i540.5025
                0x20000580        0x2 /home/mav/lisa-m-team4938/paparazzi/var/ECE_2012/ap/firmwares/fixedwing/main_ap.o
 .bss.last_pprz_mode.7030
                0x20000582        0x1 /home/mav/lisa-m-team4938/paparazzi/var/ECE_2012/ap/firmwares/fixedwing/main_ap.o
 *fill*         0x20000583        0x1 00
 .bss.last.5385
                0x20000584        0x2 /home/mav/lisa-m-team4938/paparazzi/var/ECE_2012/ap/firmwares/fixedwing/main_ap.o
 .bss.i.5307    0x20000586        0x1 /home/mav/lisa-m-team4938/paparazzi/var/ECE_2012/ap/firmwares/fixedwing/main_ap.o
 .bss.i90.5015  0x20000587        0x1 /home/mav/lisa-m-team4938/paparazzi/var/ECE_2012/ap/firmwares/fixedwing/main_ap.o
 .bss.i.5027    0x20000588        0x1 /home/mav/lisa-m-team4938/paparazzi/var/ECE_2012/ap/firmwares/fixedwing/main_ap.o
 *fill*         0x20000589        0x1 00
 .bss.i306.5293
                0x2000058a        0x2 /home/mav/lisa-m-team4938/paparazzi/var/ECE_2012/ap/firmwares/fixedwing/main_ap.o
 .bss.i300.5022
                0x2000058c        0x2 /home/mav/lisa-m-team4938/paparazzi/var/ECE_2012/ap/firmwares/fixedwing/main_ap.o
 .bss.i306.5023
                0x2000058e        0x2 /home/mav/lisa-m-team4938/paparazzi/var/ECE_2012/ap/firmwares/fixedwing/main_ap.o
 .bss.i324.5295
                0x20000590        0x2 /home/mav/lisa-m-team4938/paparazzi/var/ECE_2012/ap/firmwares/fixedwing/main_ap.o
 .bss.i150.4723
                0x20000592        0x1 /home/mav/lisa-m-team4938/paparazzi/var/ECE_2012/ap/firmwares/fixedwing/main_ap.o
 .bss.i15.4714  0x20000593        0x1 /home/mav/lisa-m-team4938/paparazzi/var/ECE_2012/ap/firmwares/fixedwing/main_ap.o
 .bss.kill_throttle
                0x20000594        0x1 /home/mav/lisa-m-team4938/paparazzi/var/ECE_2012/ap/firmwares/fixedwing/main_ap.o
                0x20000594                kill_throttle
 .bss.pprz_status.2891
                0x20000595        0x1 /home/mav/lisa-m-team4938/paparazzi/var/ECE_2012/ap/firmwares/fixedwing/main_ap.o
 .bss._4Hz.7234
                0x20000596        0x1 /home/mav/lisa-m-team4938/paparazzi/var/ECE_2012/ap/firmwares/fixedwing/main_ap.o
 *fill*         0x20000597        0x1 00
 .bss.i612.5300
                0x20000598        0x2 /home/mav/lisa-m-team4938/paparazzi/var/ECE_2012/ap/firmwares/fixedwing/main_ap.o
 .bss._ck_a.2892
                0x2000059a        0x1 /home/mav/lisa-m-team4938/paparazzi/var/ECE_2012/ap/firmwares/fixedwing/main_ap.o
 .bss.i.4727    0x2000059b        0x1 /home/mav/lisa-m-team4938/paparazzi/var/ECE_2012/ap/firmwares/fixedwing/main_ap.o
 .bss.i300.5292
                0x2000059c        0x2 /home/mav/lisa-m-team4938/paparazzi/var/ECE_2012/ap/firmwares/fixedwing/main_ap.o
 .bss.i126.5016
                0x2000059e        0x1 /home/mav/lisa-m-team4938/paparazzi/var/ECE_2012/ap/firmwares/fixedwing/main_ap.o
 .bss.i78.5013  0x2000059f        0x1 /home/mav/lisa-m-team4938/paparazzi/var/ECE_2012/ap/firmwares/fixedwing/main_ap.o
 .bss.i300.4724
                0x200005a0        0x2 /home/mav/lisa-m-team4938/paparazzi/var/ECE_2012/ap/firmwares/fixedwing/main_ap.o
 .bss.i306.4725
                0x200005a2        0x2 /home/mav/lisa-m-team4938/paparazzi/var/ECE_2012/ap/firmwares/fixedwing/main_ap.o
 .bss.i540.4726
                0x200005a4        0x2 /home/mav/lisa-m-team4938/paparazzi/var/ECE_2012/ap/firmwares/fixedwing/main_ap.o
 *fill*         0x200005a6        0x2 00
 .bss.current   0x200005a8        0x4 /home/mav/lisa-m-team4938/paparazzi/var/ECE_2012/ap/firmwares/fixedwing/main_ap.o
 .bss.power_switch
                0x200005ac        0x1 /home/mav/lisa-m-team4938/paparazzi/var/ECE_2012/ap/firmwares/fixedwing/main_ap.o
                0x200005ac                power_switch
 *fill*         0x200005ad        0x1 00
 .bss.last.4993
                0x200005ae        0x2 /home/mav/lisa-m-team4938/paparazzi/var/ECE_2012/ap/firmwares/fixedwing/main_ap.o
 .bss.mcu1_ppm_cpt
                0x200005b0        0x1 /home/mav/lisa-m-team4938/paparazzi/var/ECE_2012/ap/firmwares/fixedwing/main_ap.o
 .bss.i.4789    0x200005b1        0x1 /home/mav/lisa-m-team4938/paparazzi/var/ECE_2012/ap/firmwares/fixedwing/main_ap.o
 .bss.i606.5026
                0x200005b2        0x2 /home/mav/lisa-m-team4938/paparazzi/var/ECE_2012/ap/firmwares/fixedwing/main_ap.o
 .bss.i312.5024
                0x200005b4        0x2 /home/mav/lisa-m-team4938/paparazzi/var/ECE_2012/ap/firmwares/fixedwing/main_ap.o
 .bss.payload_idx.2894
                0x200005b6        0x1 /home/mav/lisa-m-team4938/paparazzi/var/ECE_2012/ap/firmwares/fixedwing/main_ap.o
 .bss.i192.5019
                0x200005b7        0x1 /home/mav/lisa-m-team4938/paparazzi/var/ECE_2012/ap/firmwares/fixedwing/main_ap.o
 .bss.estimator_hspeed_dir
                0x200005b8        0x4 /home/mav/lisa-m-team4938/paparazzi/var/ECE_2012/ap/./estimator.o
                0x200005b8                estimator_hspeed_dir
 .bss.estimator_airspeed
                0x200005bc        0x4 /home/mav/lisa-m-team4938/paparazzi/var/ECE_2012/ap/./estimator.o
                0x200005bc                estimator_airspeed
 .bss.p         0x200005c0       0x10 /home/mav/lisa-m-team4938/paparazzi/var/ECE_2012/ap/./estimator.o
 .bss.estimator_z_dot
                0x200005d0        0x4 /home/mav/lisa-m-team4938/paparazzi/var/ECE_2012/ap/./estimator.o
                0x200005d0                estimator_z_dot
 .bss.estimator_flight_time
                0x200005d4        0x2 /home/mav/lisa-m-team4938/paparazzi/var/ECE_2012/ap/./estimator.o
                0x200005d4                estimator_flight_time
 *fill*         0x200005d6        0x2 00
 .bss.wind_east
                0x200005d8        0x4 /home/mav/lisa-m-team4938/paparazzi/var/ECE_2012/ap/./estimator.o
                0x200005d8                wind_east
 .bss.alt_kalman_enabled
                0x200005dc        0x1 /home/mav/lisa-m-team4938/paparazzi/var/ECE_2012/ap/./estimator.o
                0x200005dc                alt_kalman_enabled
 *fill*         0x200005dd        0x3 00
 .bss.estimator_psi
                0x200005e0        0x4 /home/mav/lisa-m-team4938/paparazzi/var/ECE_2012/ap/./estimator.o
                0x200005e0                estimator_psi
 .bss.wind_north
                0x200005e4        0x4 /home/mav/lisa-m-team4938/paparazzi/var/ECE_2012/ap/./estimator.o
                0x200005e4                wind_north
 .bss.estimator_p
                0x200005e8        0x4 /home/mav/lisa-m-team4938/paparazzi/var/ECE_2012/ap/./estimator.o
                0x200005e8                estimator_p
 .bss.estimator_theta
                0x200005ec        0x4 /home/mav/lisa-m-team4938/paparazzi/var/ECE_2012/ap/./estimator.o
                0x200005ec                estimator_theta
 .bss.estimator_q
                0x200005f0        0x4 /home/mav/lisa-m-team4938/paparazzi/var/ECE_2012/ap/./estimator.o
                0x200005f0                estimator_q
 .bss.estimator_x
                0x200005f4        0x4 /home/mav/lisa-m-team4938/paparazzi/var/ECE_2012/ap/./estimator.o
                0x200005f4                estimator_x
 .bss.estimator_y
                0x200005f8        0x4 /home/mav/lisa-m-team4938/paparazzi/var/ECE_2012/ap/./estimator.o
                0x200005f8                estimator_y
 .bss.estimator_z
                0x200005fc        0x4 /home/mav/lisa-m-team4938/paparazzi/var/ECE_2012/ap/./estimator.o
                0x200005fc                estimator_z
 .bss.estimator_hspeed_mod
                0x20000600        0x4 /home/mav/lisa-m-team4938/paparazzi/var/ECE_2012/ap/./estimator.o
                0x20000600                estimator_hspeed_mod
 .bss.estimator_phi
                0x20000604        0x4 /home/mav/lisa-m-team4938/paparazzi/var/ECE_2012/ap/./estimator.o
                0x20000604                estimator_phi
 .bss.cpu_time_ticks
                0x20000608        0x4 /home/mav/lisa-m-team4938/paparazzi/var/ECE_2012/ap/arch/stm32/sys_time_hw.o
                0x20000608                cpu_time_ticks
 .bss.sys_time_period_elapsed
                0x2000060c        0x1 /home/mav/lisa-m-team4938/paparazzi/var/ECE_2012/ap/arch/stm32/sys_time_hw.o
                0x2000060c                sys_time_period_elapsed
 *fill*         0x2000060d        0x3 00
 .bss.uart1     0x20000610      0x120 /home/mav/lisa-m-team4938/paparazzi/var/ECE_2012/ap/mcu_periph/uart.o
                0x20000610                uart1
 .bss.uart2     0x20000730      0x120 /home/mav/lisa-m-team4938/paparazzi/var/ECE_2012/ap/mcu_periph/uart.o
                0x20000730                uart2
 .bss.adc_new_data_trigger
                0x20000850        0x1 /home/mav/lisa-m-team4938/paparazzi/var/ECE_2012/ap/arch/stm32/mcu_periph/adc_arch.o
                0x20000850                adc_new_data_trigger
 *fill*         0x20000851        0x3 00
 .bss.adc1_buffers
                0x20000854       0x10 /home/mav/lisa-m-team4938/paparazzi/var/ECE_2012/ap/arch/stm32/mcu_periph/adc_arch.o
 .bss.adc_channel_map
                0x20000864        0x4 /home/mav/lisa-m-team4938/paparazzi/var/ECE_2012/ap/arch/stm32/mcu_periph/adc_arch.o
 .bss.adc_injected_channels
                0x20000868        0x4 /home/mav/lisa-m-team4938/paparazzi/var/ECE_2012/ap/arch/stm32/mcu_periph/adc_arch.o
 .bss.actuators_pwm_values
                0x2000086c       0x18 /home/mav/lisa-m-team4938/paparazzi/var/ECE_2012/ap/arch/stm32/servos_direct_hw.o
                0x2000086c                actuators_pwm_values
 .bss.actuators
                0x20000884       0x10 /home/mav/lisa-m-team4938/paparazzi/var/ECE_2012/ap/actuators.o
                0x20000884                actuators
 .bss.radio_control
                0x20000894       0x14 /home/mav/lisa-m-team4938/paparazzi/var/ECE_2012/ap/subsystems/radio_control.o
                0x20000894                radio_control
 .bss.ppm_pulses
                0x200008a8       0x10 /home/mav/lisa-m-team4938/paparazzi/var/ECE_2012/ap/subsystems/radio_control/ppm.o
                0x200008a8                ppm_pulses
 .bss.ppm_frame_available
                0x200008b8        0x1 /home/mav/lisa-m-team4938/paparazzi/var/ECE_2012/ap/subsystems/radio_control/ppm.o
                0x200008b8                ppm_frame_available
 .bss.ppm_data_valid
                0x200008b9        0x1 /home/mav/lisa-m-team4938/paparazzi/var/ECE_2012/ap/arch/stm32/subsystems/radio_control/ppm_arch.o
                0x200008b9                ppm_data_valid
 *fill*         0x200008ba        0x2 00
 .bss.ppm_last_pulse_time
                0x200008bc        0x4 /home/mav/lisa-m-team4938/paparazzi/var/ECE_2012/ap/arch/stm32/subsystems/radio_control/ppm_arch.o
                0x200008bc                ppm_last_pulse_time
 .bss.timer_rollover_cnt
                0x200008c0        0x4 /home/mav/lisa-m-team4938/paparazzi/var/ECE_2012/ap/arch/stm32/subsystems/radio_control/ppm_arch.o
 .bss.ppm_cur_pulse
                0x200008c4        0x1 /home/mav/lisa-m-team4938/paparazzi/var/ECE_2012/ap/arch/stm32/subsystems/radio_control/ppm_arch.o
                0x200008c4                ppm_cur_pulse
 *fill*         0x200008c5        0x1 00
 .bss.downlink_nb_msgs
                0x200008c6        0x2 /home/mav/lisa-m-team4938/paparazzi/var/ECE_2012/ap/downlink.o
                0x200008c6                downlink_nb_msgs
 .bss.downlink_nb_ovrn
                0x200008c8        0x1 /home/mav/lisa-m-team4938/paparazzi/var/ECE_2012/ap/downlink.o
                0x200008c8                downlink_nb_ovrn
 *fill*         0x200008c9        0x1 00
 .bss.downlink_nb_bytes
                0x200008ca        0x2 /home/mav/lisa-m-team4938/paparazzi/var/ECE_2012/ap/downlink.o
                0x200008ca                downlink_nb_bytes
 .bss.telemetry_mode_Ap_DefaultChannel
                0x200008cc        0x1 /home/mav/lisa-m-team4938/paparazzi/var/ECE_2012/ap/downlink.o
                0x200008cc                telemetry_mode_Ap_DefaultChannel
 .bss.pprz_error
                0x200008cd        0x1 /home/mav/lisa-m-team4938/paparazzi/var/ECE_2012/ap/pprz_transport.o
                0x200008cd                pprz_error
 *fill*         0x200008ce        0x2 00
 .bss.pprz_payload
                0x200008d0      0x100 /home/mav/lisa-m-team4938/paparazzi/var/ECE_2012/ap/pprz_transport.o
                0x200008d0                pprz_payload
 .bss.ck_a      0x200009d0        0x1 /home/mav/lisa-m-team4938/paparazzi/var/ECE_2012/ap/pprz_transport.o
                0x200009d0                ck_a
 .bss.ck_b      0x200009d1        0x1 /home/mav/lisa-m-team4938/paparazzi/var/ECE_2012/ap/pprz_transport.o
                0x200009d1                ck_b
 .bss.pprz_msg_received
                0x200009d2        0x1 /home/mav/lisa-m-team4938/paparazzi/var/ECE_2012/ap/pprz_transport.o
                0x200009d2                pprz_msg_received
 .bss.pprz_ovrn
                0x200009d3        0x1 /home/mav/lisa-m-team4938/paparazzi/var/ECE_2012/ap/pprz_transport.o
                0x200009d3                pprz_ovrn
 .bss.pprz_payload_len
                0x200009d4        0x1 /home/mav/lisa-m-team4938/paparazzi/var/ECE_2012/ap/pprz_transport.o
                0x200009d4                pprz_payload_len
 .bss.dl_msg_available
                0x200009d5        0x1 /home/mav/lisa-m-team4938/paparazzi/var/ECE_2012/ap/firmwares/fixedwing/datalink.o
                0x200009d5                dl_msg_available
 *fill*         0x200009d6        0x2 00
 .bss.dl_buffer
                0x200009d8       0x80 /home/mav/lisa-m-team4938/paparazzi/var/ECE_2012/ap/firmwares/fixedwing/datalink.o
                0x200009d8                dl_buffer
 .bss.datalink_time
                0x20000a58        0x2 /home/mav/lisa-m-team4938/paparazzi/var/ECE_2012/ap/firmwares/fixedwing/datalink.o
                0x20000a58                datalink_time
 .bss.h_ctl_disabled
                0x20000a5a        0x1 /home/mav/lisa-m-team4938/paparazzi/var/ECE_2012/ap/firmwares/fixedwing/stabilization/stabilization_attitude.o
                0x20000a5a                h_ctl_disabled
 *fill*         0x20000a5b        0x1 00
 .bss.h_ctl_aileron_setpoint
                0x20000a5c        0x2 /home/mav/lisa-m-team4938/paparazzi/var/ECE_2012/ap/firmwares/fixedwing/stabilization/stabilization_attitude.o
                0x20000a5c                h_ctl_aileron_setpoint
 *fill*         0x20000a5e        0x2 00
 .bss.h_ctl_aileron_of_throttle
                0x20000a60        0x4 /home/mav/lisa-m-team4938/paparazzi/var/ECE_2012/ap/firmwares/fixedwing/stabilization/stabilization_attitude.o
                0x20000a60                h_ctl_aileron_of_throttle
 .bss.h_ctl_pitch_setpoint
                0x20000a64        0x4 /home/mav/lisa-m-team4938/paparazzi/var/ECE_2012/ap/firmwares/fixedwing/stabilization/stabilization_attitude.o
                0x20000a64                h_ctl_pitch_setpoint
 .bss.h_ctl_elevator_setpoint
                0x20000a68        0x2 /home/mav/lisa-m-team4938/paparazzi/var/ECE_2012/ap/firmwares/fixedwing/stabilization/stabilization_attitude.o
                0x20000a68                h_ctl_elevator_setpoint
 *fill*         0x20000a6a        0x2 00
 .bss.h_ctl_elevator_of_roll
                0x20000a6c        0x4 /home/mav/lisa-m-team4938/paparazzi/var/ECE_2012/ap/firmwares/fixedwing/stabilization/stabilization_attitude.o
                0x20000a6c                h_ctl_elevator_of_roll
 .bss.h_ctl_roll_setpoint
                0x20000a70        0x4 /home/mav/lisa-m-team4938/paparazzi/var/ECE_2012/ap/firmwares/fixedwing/stabilization/stabilization_attitude.o
                0x20000a70                h_ctl_roll_setpoint
 .bss.h_ctl_course_setpoint
                0x20000a74        0x4 /home/mav/lisa-m-team4938/paparazzi/var/ECE_2012/ap/firmwares/fixedwing/stabilization/stabilization_attitude.o
                0x20000a74                h_ctl_course_setpoint
 .bss.h_ctl_pitch_dgain
                0x20000a78        0x4 /home/mav/lisa-m-team4938/paparazzi/var/ECE_2012/ap/firmwares/fixedwing/stabilization/stabilization_attitude.o
                0x20000a78                h_ctl_pitch_dgain
 .bss.h_ctl_pitch_pgain
                0x20000a7c        0x4 /home/mav/lisa-m-team4938/paparazzi/var/ECE_2012/ap/firmwares/fixedwing/stabilization/stabilization_attitude.o
                0x20000a7c                h_ctl_pitch_pgain
 .bss.h_ctl_course_pgain
                0x20000a80        0x4 /home/mav/lisa-m-team4938/paparazzi/var/ECE_2012/ap/firmwares/fixedwing/stabilization/stabilization_attitude.o
                0x20000a80                h_ctl_course_pgain
 .bss.h_ctl_course_pre_bank_correction
                0x20000a84        0x4 /home/mav/lisa-m-team4938/paparazzi/var/ECE_2012/ap/firmwares/fixedwing/stabilization/stabilization_attitude.o
                0x20000a84                h_ctl_course_pre_bank_correction
 .bss.h_ctl_roll_max_setpoint
                0x20000a88        0x4 /home/mav/lisa-m-team4938/paparazzi/var/ECE_2012/ap/firmwares/fixedwing/stabilization/stabilization_attitude.o
                0x20000a88                h_ctl_roll_max_setpoint
 .bss.h_ctl_course_dgain
                0x20000a8c        0x4 /home/mav/lisa-m-team4938/paparazzi/var/ECE_2012/ap/firmwares/fixedwing/stabilization/stabilization_attitude.o
                0x20000a8c                h_ctl_course_dgain
 .bss.nav_ratio
                0x20000a90        0x4 /home/mav/lisa-m-team4938/paparazzi/var/ECE_2012/ap/firmwares/fixedwing/stabilization/stabilization_attitude.o
 .bss.h_ctl_course_pre_bank
                0x20000a94        0x4 /home/mav/lisa-m-team4938/paparazzi/var/ECE_2012/ap/firmwares/fixedwing/stabilization/stabilization_attitude.o
                0x20000a94                h_ctl_course_pre_bank
 .bss.last_err.3526
                0x20000a98        0x4 /home/mav/lisa-m-team4938/paparazzi/var/ECE_2012/ap/firmwares/fixedwing/stabilization/stabilization_attitude.o
 .bss.last_err.3347
                0x20000a9c        0x4 /home/mav/lisa-m-team4938/paparazzi/var/ECE_2012/ap/firmwares/fixedwing/stabilization/stabilization_attitude.o
 .bss.h_ctl_pitch_loop_setpoint
                0x20000aa0        0x4 /home/mav/lisa-m-team4938/paparazzi/var/ECE_2012/ap/firmwares/fixedwing/stabilization/stabilization_attitude.o
                0x20000aa0                h_ctl_pitch_loop_setpoint
 .bss.last_elevator_trim.3481
                0x20000aa4        0x4 /home/mav/lisa-m-team4938/paparazzi/var/ECE_2012/ap/firmwares/fixedwing/stabilization/stabilization_attitude.o
 .bss.h_ctl_roll_pgain
                0x20000aa8        0x4 /home/mav/lisa-m-team4938/paparazzi/var/ECE_2012/ap/firmwares/fixedwing/stabilization/stabilization_attitude.o
                0x20000aa8                h_ctl_roll_pgain
 .bss.v_ctl_throttle_setpoint
                0x20000aac        0x2 /home/mav/lisa-m-team4938/paparazzi/var/ECE_2012/ap/firmwares/fixedwing/guidance/guidance_v.o
                0x20000aac                v_ctl_throttle_setpoint
 .bss.v_ctl_auto_throttle_submode
                0x20000aae        0x1 /home/mav/lisa-m-team4938/paparazzi/var/ECE_2012/ap/firmwares/fixedwing/guidance/guidance_v.o
                0x20000aae                v_ctl_auto_throttle_submode
 *fill*         0x20000aaf        0x1 00
 .bss.v_ctl_auto_pitch_sum_err
                0x20000ab0        0x4 /home/mav/lisa-m-team4938/paparazzi/var/ECE_2012/ap/firmwares/fixedwing/guidance/guidance_v.o
                0x20000ab0                v_ctl_auto_pitch_sum_err
 .bss.v_ctl_auto_pitch_pgain
                0x20000ab4        0x4 /home/mav/lisa-m-team4938/paparazzi/var/ECE_2012/ap/firmwares/fixedwing/guidance/guidance_v.o
                0x20000ab4                v_ctl_auto_pitch_pgain
 .bss.last_err.3363
                0x20000ab8        0x4 /home/mav/lisa-m-team4938/paparazzi/var/ECE_2012/ap/firmwares/fixedwing/guidance/guidance_v.o
 .bss.v_ctl_auto_throttle_cruise_throttle
                0x20000abc        0x4 /home/mav/lisa-m-team4938/paparazzi/var/ECE_2012/ap/firmwares/fixedwing/guidance/guidance_v.o
                0x20000abc                v_ctl_auto_throttle_cruise_throttle
 .bss.v_ctl_climb_mode
                0x20000ac0        0x1 /home/mav/lisa-m-team4938/paparazzi/var/ECE_2012/ap/firmwares/fixedwing/guidance/guidance_v.o
                0x20000ac0                v_ctl_climb_mode
 .bss.v_ctl_mode
                0x20000ac1        0x1 /home/mav/lisa-m-team4938/paparazzi/var/ECE_2012/ap/firmwares/fixedwing/guidance/guidance_v.o
                0x20000ac1                v_ctl_mode
 *fill*         0x20000ac2        0x2 00
 .bss.v_ctl_auto_throttle_igain
                0x20000ac4        0x4 /home/mav/lisa-m-team4938/paparazzi/var/ECE_2012/ap/firmwares/fixedwing/guidance/guidance_v.o
                0x20000ac4                v_ctl_auto_throttle_igain
 .bss.v_ctl_altitude_error
                0x20000ac8        0x4 /home/mav/lisa-m-team4938/paparazzi/var/ECE_2012/ap/firmwares/fixedwing/guidance/guidance_v.o
                0x20000ac8                v_ctl_altitude_error
 .bss.v_ctl_altitude_setpoint
                0x20000acc        0x4 /home/mav/lisa-m-team4938/paparazzi/var/ECE_2012/ap/firmwares/fixedwing/guidance/guidance_v.o
                0x20000acc                v_ctl_altitude_setpoint
 .bss.v_ctl_auto_throttle_sum_err
                0x20000ad0        0x4 /home/mav/lisa-m-team4938/paparazzi/var/ECE_2012/ap/firmwares/fixedwing/guidance/guidance_v.o
                0x20000ad0                v_ctl_auto_throttle_sum_err
 .bss.v_ctl_auto_throttle_pitch_of_vz_pgain
                0x20000ad4        0x4 /home/mav/lisa-m-team4938/paparazzi/var/ECE_2012/ap/firmwares/fixedwing/guidance/guidance_v.o
                0x20000ad4                v_ctl_auto_throttle_pitch_of_vz_pgain
 .bss.v_ctl_auto_throttle_pgain
                0x20000ad8        0x4 /home/mav/lisa-m-team4938/paparazzi/var/ECE_2012/ap/firmwares/fixedwing/guidance/guidance_v.o
                0x20000ad8                v_ctl_auto_throttle_pgain
 .bss.v_ctl_altitude_pre_climb
                0x20000adc        0x4 /home/mav/lisa-m-team4938/paparazzi/var/ECE_2012/ap/firmwares/fixedwing/guidance/guidance_v.o
                0x20000adc                v_ctl_altitude_pre_climb
 .bss.v_ctl_auto_throttle_pitch_of_vz_dgain
                0x20000ae0        0x4 /home/mav/lisa-m-team4938/paparazzi/var/ECE_2012/ap/firmwares/fixedwing/guidance/guidance_v.o
                0x20000ae0                v_ctl_auto_throttle_pitch_of_vz_dgain
 .bss.v_ctl_auto_throttle_climb_throttle_increment
                0x20000ae4        0x4 /home/mav/lisa-m-team4938/paparazzi/var/ECE_2012/ap/firmwares/fixedwing/guidance/guidance_v.o
                0x20000ae4                v_ctl_auto_throttle_climb_throttle_increment
 .bss.v_ctl_auto_throttle_dgain
                0x20000ae8        0x4 /home/mav/lisa-m-team4938/paparazzi/var/ECE_2012/ap/firmwares/fixedwing/guidance/guidance_v.o
                0x20000ae8                v_ctl_auto_throttle_dgain
 .bss.v_ctl_auto_pitch_igain
                0x20000aec        0x4 /home/mav/lisa-m-team4938/paparazzi/var/ECE_2012/ap/firmwares/fixedwing/guidance/guidance_v.o
                0x20000aec                v_ctl_auto_pitch_igain
 .bss.v_ctl_auto_throttle_nominal_cruise_throttle
                0x20000af0        0x4 /home/mav/lisa-m-team4938/paparazzi/var/ECE_2012/ap/firmwares/fixedwing/guidance/guidance_v.o
                0x20000af0                v_ctl_auto_throttle_nominal_cruise_throttle
 .bss.v_ctl_throttle_slewed
                0x20000af4        0x2 /home/mav/lisa-m-team4938/paparazzi/var/ECE_2012/ap/firmwares/fixedwing/guidance/guidance_v.o
                0x20000af4                v_ctl_throttle_slewed
 *fill*         0x20000af6        0x2 00
 .bss.v_ctl_climb_setpoint
                0x20000af8        0x4 /home/mav/lisa-m-team4938/paparazzi/var/ECE_2012/ap/firmwares/fixedwing/guidance/guidance_v.o
                0x20000af8                v_ctl_climb_setpoint
 .bss.v_ctl_altitude_pgain
                0x20000afc        0x4 /home/mav/lisa-m-team4938/paparazzi/var/ECE_2012/ap/firmwares/fixedwing/guidance/guidance_v.o
                0x20000afc                v_ctl_altitude_pgain
 .bss.ahrs      0x20000b00       0x9c /home/mav/lisa-m-team4938/paparazzi/var/ECE_2012/ap/subsystems/ahrs.o
                0x20000b00                ahrs
 .bss.ahrs_float
                0x20000b9c       0xbc /home/mav/lisa-m-team4938/paparazzi/var/ECE_2012/ap/subsystems/ahrs.o
                0x20000b9c                ahrs_float
 .bss.gyro_sum  0x20000c58        0xc /home/mav/lisa-m-team4938/paparazzi/var/ECE_2012/ap/subsystems/ahrs/ahrs_aligner.o
 .bss.mag_sum   0x20000c64        0xc /home/mav/lisa-m-team4938/paparazzi/var/ECE_2012/ap/subsystems/ahrs/ahrs_aligner.o
 .bss.samples_idx
                0x20000c70        0x4 /home/mav/lisa-m-team4938/paparazzi/var/ECE_2012/ap/subsystems/ahrs/ahrs_aligner.o
 .bss.ahrs_aligner
                0x20000c74       0x30 /home/mav/lisa-m-team4938/paparazzi/var/ECE_2012/ap/subsystems/ahrs/ahrs_aligner.o
                0x20000c74                ahrs_aligner
 .bss.accel_sum
                0x20000ca4        0xc /home/mav/lisa-m-team4938/paparazzi/var/ECE_2012/ap/subsystems/ahrs/ahrs_aligner.o
 .bss.ahrs_impl
                0x20000cb0       0x4c /home/mav/lisa-m-team4938/paparazzi/var/ECE_2012/ap/subsystems/ahrs/ahrs_float_dcm.o
                0x20000cb0                ahrs_impl
 *fill*         0x20000cfc        0x4 00