Archive member included because of file (symbol)

/opt/paparazzi/arm-multilib/lib/gcc/arm-none-eabi/4.4.5/../../../../arm-none-eabi/lib/thumb2/libc.a(lib_a-memcpy.o)
                              /home/woz/lisa-m-team4938/paparazzi/var/ECE_2012/ap/peripherals/hmc5843.o (memcpy)
/opt/paparazzi/arm-multilib/lib/gcc/arm-none-eabi/4.4.5/../../../../arm-none-eabi/lib/thumb2/libm.a(lib_a-s_atan.o)
                              /home/woz/lisa-m-team4938/paparazzi/var/ECE_2012/ap/math/pprz_geodetic_float.o (atan)
/opt/paparazzi/arm-multilib/lib/gcc/arm-none-eabi/4.4.5/../../../../arm-none-eabi/lib/thumb2/libm.a(lib_a-s_cos.o)
                              /home/woz/lisa-m-team4938/paparazzi/var/ECE_2012/ap/math/pprz_geodetic_float.o (cos)
/opt/paparazzi/arm-multilib/lib/gcc/arm-none-eabi/4.4.5/../../../../arm-none-eabi/lib/thumb2/libm.a(lib_a-s_fabs.o)
                              /opt/paparazzi/arm-multilib/lib/gcc/arm-none-eabi/4.4.5/../../../../arm-none-eabi/lib/thumb2/libm.a(lib_a-s_atan.o) (fabs)
/opt/paparazzi/arm-multilib/lib/gcc/arm-none-eabi/4.4.5/../../../../arm-none-eabi/lib/thumb2/libm.a(lib_a-s_rint.o)
                              /home/woz/lisa-m-team4938/paparazzi/var/ECE_2012/ap/math/pprz_geodetic_int.o (rint)
/opt/paparazzi/arm-multilib/lib/gcc/arm-none-eabi/4.4.5/../../../../arm-none-eabi/lib/thumb2/libm.a(lib_a-s_sin.o)
                              /home/woz/lisa-m-team4938/paparazzi/var/ECE_2012/ap/math/pprz_geodetic_float.o (sin)
/opt/paparazzi/arm-multilib/lib/gcc/arm-none-eabi/4.4.5/../../../../arm-none-eabi/lib/thumb2/libm.a(lib_a-s_tan.o)
                              /home/woz/lisa-m-team4938/paparazzi/var/ECE_2012/ap/math/pprz_geodetic_float.o (tan)
/opt/paparazzi/arm-multilib/lib/gcc/arm-none-eabi/4.4.5/../../../../arm-none-eabi/lib/thumb2/libm.a(lib_a-sf_atan.o)
                              /home/woz/lisa-m-team4938/paparazzi/var/ECE_2012/ap/math/pprz_geodetic_float.o (atanf)
/opt/paparazzi/arm-multilib/lib/gcc/arm-none-eabi/4.4.5/../../../../arm-none-eabi/lib/thumb2/libm.a(lib_a-sf_cos.o)
                              /home/woz/lisa-m-team4938/paparazzi/var/ECE_2012/ap/math/pprz_geodetic_int.o (cosf)
/opt/paparazzi/arm-multilib/lib/gcc/arm-none-eabi/4.4.5/../../../../arm-none-eabi/lib/thumb2/libm.a(lib_a-sf_fabs.o)
                              /opt/paparazzi/arm-multilib/lib/gcc/arm-none-eabi/4.4.5/../../../../arm-none-eabi/lib/thumb2/libm.a(lib_a-sf_atan.o) (fabsf)
/opt/paparazzi/arm-multilib/lib/gcc/arm-none-eabi/4.4.5/../../../../arm-none-eabi/lib/thumb2/libm.a(lib_a-sf_sin.o)
                              /home/woz/lisa-m-team4938/paparazzi/var/ECE_2012/ap/math/pprz_geodetic_int.o (sinf)
/opt/paparazzi/arm-multilib/lib/gcc/arm-none-eabi/4.4.5/../../../../arm-none-eabi/lib/thumb2/libm.a(lib_a-w_asin.o)
                              /home/woz/lisa-m-team4938/paparazzi/var/ECE_2012/ap/math/pprz_geodetic_float.o (asin)
/opt/paparazzi/arm-multilib/lib/gcc/arm-none-eabi/4.4.5/../../../../arm-none-eabi/lib/thumb2/libm.a(lib_a-w_atan2.o)
                              /home/woz/lisa-m-team4938/paparazzi/var/ECE_2012/ap/math/pprz_geodetic_double.o (atan2)
/opt/paparazzi/arm-multilib/lib/gcc/arm-none-eabi/4.4.5/../../../../arm-none-eabi/lib/thumb2/libm.a(lib_a-w_cosh.o)
                              /home/woz/lisa-m-team4938/paparazzi/var/ECE_2012/ap/math/pprz_geodetic_float.o (cosh)
/opt/paparazzi/arm-multilib/lib/gcc/arm-none-eabi/4.4.5/../../../../arm-none-eabi/lib/thumb2/libm.a(lib_a-w_exp.o)
                              /home/woz/lisa-m-team4938/paparazzi/var/ECE_2012/ap/math/pprz_geodetic_float.o (exp)
/opt/paparazzi/arm-multilib/lib/gcc/arm-none-eabi/4.4.5/../../../../arm-none-eabi/lib/thumb2/libm.a(lib_a-w_log.o)
                              /home/woz/lisa-m-team4938/paparazzi/var/ECE_2012/ap/math/pprz_geodetic_float.o (log)
/opt/paparazzi/arm-multilib/lib/gcc/arm-none-eabi/4.4.5/../../../../arm-none-eabi/lib/thumb2/libm.a(lib_a-w_pow.o)
                              /home/woz/lisa-m-team4938/paparazzi/var/ECE_2012/ap/math/pprz_geodetic_float.o (pow)
/opt/paparazzi/arm-multilib/lib/gcc/arm-none-eabi/4.4.5/../../../../arm-none-eabi/lib/thumb2/libm.a(lib_a-w_sinh.o)
                              /home/woz/lisa-m-team4938/paparazzi/var/ECE_2012/ap/math/pprz_geodetic_float.o (sinh)
/opt/paparazzi/arm-multilib/lib/gcc/arm-none-eabi/4.4.5/../../../../arm-none-eabi/lib/thumb2/libm.a(lib_a-w_sqrt.o)
                              /home/woz/lisa-m-team4938/paparazzi/var/ECE_2012/ap/math/pprz_geodetic_double.o (sqrt)
/opt/paparazzi/arm-multilib/lib/gcc/arm-none-eabi/4.4.5/../../../../arm-none-eabi/lib/thumb2/libm.a(lib_a-wf_asin.o)
                              /home/woz/lisa-m-team4938/paparazzi/var/ECE_2012/ap/subsystems/ahrs/ahrs_float_dcm.o (asinf)
/opt/paparazzi/arm-multilib/lib/gcc/arm-none-eabi/4.4.5/../../../../arm-none-eabi/lib/thumb2/libm.a(lib_a-wf_atan2.o)
                              /home/woz/lisa-m-team4938/paparazzi/var/ECE_2012/ap/math/pprz_geodetic_float.o (atan2f)
[...]
Memory Configuration

Name             Origin             Length             Attributes
RAM              0x20000000         0x00010000         xrw
FLASH            0x08000000         0x0007f800         xr
FLASHB1          0x00000000         0x00000000         xr
*default*        0x00000000         0xffffffff

Linker script and memory map

LOAD /home/woz/lisa-m-team4938/paparazzi/var/ECE_2012/ap/mcu.o
LOAD /home/woz/lisa-m-team4938/paparazzi/var/ECE_2012/ap/arch/stm32/mcu_arch.o
LOAD /home/woz/lisa-m-team4938/paparazzi/var/ECE_2012/ap/arch/stm32/led_hw.o
LOAD /home/woz/lisa-m-team4938/paparazzi/var/ECE_2012/ap/sys_time.o
LOAD /home/woz/lisa-m-team4938/paparazzi/var/ECE_2012/ap/./inter_mcu.o
LOAD /home/woz/lisa-m-team4938/paparazzi/var/ECE_2012/ap/math/pprz_geodetic_int.o
LOAD /home/woz/lisa-m-team4938/paparazzi/var/ECE_2012/ap/math/pprz_geodetic_float.o
LOAD /home/woz/lisa-m-team4938/paparazzi/var/ECE_2012/ap/math/pprz_geodetic_double.o
LOAD /home/woz/lisa-m-team4938/paparazzi/var/ECE_2012/ap/math/pprz_trig_int.o
LOAD /home/woz/lisa-m-team4938/paparazzi/var/ECE_2012/ap/mcu_periph/i2c.o
LOAD /home/woz/lisa-m-team4938/paparazzi/var/ECE_2012/ap/arch/stm32/mcu_periph/i2c_arch.o
LOAD /home/woz/lisa-m-team4938/paparazzi/var/ECE_2012/ap/firmwares/fixedwing/main_fbw.o
LOAD /home/woz/lisa-m-team4938/paparazzi/var/ECE_2012/ap/subsystems/electrical.o
LOAD /home/woz/lisa-m-team4938/paparazzi/var/ECE_2012/ap/./commands.o
LOAD /home/woz/lisa-m-team4938/paparazzi/var/ECE_2012/ap/firmwares/fixedwing/main_ap.o
LOAD /home/woz/lisa-m-team4938/paparazzi/var/ECE_2012/ap/./estimator.o
LOAD /home/woz/lisa-m-team4938/paparazzi/var/ECE_2012/ap/arch/stm32/stm32_exceptions.o
LOAD /home/woz/lisa-m-team4938/paparazzi/var/ECE_2012/ap/arch/stm32/stm32_vector_table.o
LOAD /home/woz/lisa-m-team4938/paparazzi/var/ECE_2012/ap/lisa/plug_sys.o
LOAD /home/woz/lisa-m-team4938/paparazzi/var/ECE_2012/ap/firmwares/fixedwing/main.o
LOAD /home/woz/lisa-m-team4938/paparazzi/var/ECE_2012/ap/arch/stm32/sys_time_hw.o
LOAD /home/woz/lisa-m-team4938/paparazzi/var/ECE_2012/ap/mcu_periph/uart.o
LOAD /home/woz/lisa-m-team4938/paparazzi/var/ECE_2012/ap/arch/stm32/mcu_periph/uart_arch.o
LOAD /home/woz/lisa-m-team4938/paparazzi/var/ECE_2012/ap/subsystems/settings.o
LOAD /home/woz/lisa-m-team4938/paparazzi/var/ECE_2012/ap/arch/stm32/subsystems/settings_arch.o
LOAD /home/woz/lisa-m-team4938/paparazzi/var/ECE_2012/ap/arch/stm32/mcu_periph/adc_arch.o
LOAD /home/woz/lisa-m-team4938/paparazzi/var/ECE_2012/ap/arch/stm32/servos_direct_hw.o
LOAD /home/woz/lisa-m-team4938/paparazzi/var/ECE_2012/ap/actuators.o
LOAD /home/woz/lisa-m-team4938/paparazzi/var/ECE_2012/ap/firmwares/rotorcraft/actuators/arch/stm32/actuators_pwm_arch.o
LOAD /home/woz/lisa-m-team4938/paparazzi/var/ECE_2012/ap/subsystems/radio_control.o
LOAD /home/woz/lisa-m-team4938/paparazzi/var/ECE_2012/ap/subsystems/radio_control/ppm.o
LOAD /home/woz/lisa-m-team4938/paparazzi/var/ECE_2012/ap/arch/stm32/subsystems/radio_control/ppm_arch.o
LOAD /home/woz/lisa-m-team4938/paparazzi/var/ECE_2012/ap/downlink.o
LOAD /home/woz/lisa-m-team4938/paparazzi/var/ECE_2012/ap/pprz_transport.o
LOAD /home/woz/lisa-m-team4938/paparazzi/var/ECE_2012/ap/firmwares/fixedwing/datalink.o
LOAD /home/woz/lisa-m-team4938/paparazzi/var/ECE_2012/ap/firmwares/fixedwing/stabilization/stabilization_attitude.o
LOAD /home/woz/lisa-m-team4938/paparazzi/var/ECE_2012/ap/firmwares/fixedwing/guidance/guidance_v.o
LOAD /home/woz/lisa-m-team4938/paparazzi/var/ECE_2012/ap/subsystems/imu.o
LOAD /home/woz/lisa-m-team4938/paparazzi/var/ECE_2012/ap/subsystems/imu/imu_aspirin.o
LOAD /home/woz/lisa-m-team4938/paparazzi/var/ECE_2012/ap/arch/stm32/subsystems/imu/imu_aspirin_arch.o
LOAD /home/woz/lisa-m-team4938/paparazzi/var/ECE_2012/ap/peripherals/hmc5843.o
LOAD /home/woz/lisa-m-team4938/paparazzi/var/ECE_2012/ap/arch/stm32/peripherals/hmc5843_arch.o
LOAD /home/woz/lisa-m-team4938/paparazzi/var/ECE_2012/ap/subsystems/ahrs.o
LOAD /home/woz/lisa-m-team4938/paparazzi/var/ECE_2012/ap/subsystems/ahrs/ahrs_aligner.o
LOAD /home/woz/lisa-m-team4938/paparazzi/var/ECE_2012/ap/subsystems/ahrs/ahrs_float_dcm.o
LOAD /home/woz/lisa-m-team4938/paparazzi/var/ECE_2012/ap/subsystems/gps/gps_ubx.o
LOAD /home/woz/lisa-m-team4938/paparazzi/var/ECE_2012/ap/subsystems/gps.o
LOAD /home/woz/lisa-m-team4938/paparazzi/var/ECE_2012/ap/subsystems/nav.o
LOAD /home/woz/lisa-m-team4938/paparazzi/var/ECE_2012/ap/subsystems/navigation/common_flight_plan.o
LOAD /home/woz/lisa-m-team4938/paparazzi/var/ECE_2012/ap/subsystems/navigation/traffic_info.o
LOAD /home/woz/lisa-m-team4938/paparazzi/var/ECE_2012/ap/subsystems/navigation/nav_survey_rectangle.o
LOAD /home/woz/lisa-m-team4938/paparazzi/var/ECE_2012/ap/subsystems/navigation/nav_line.o
LOAD /opt/paparazzi/arm-multilib/lib/gcc/arm-none-eabi/4.4.5/../../../../arm-none-eabi/lib/thumb2/libc.a
LOAD /opt/paparazzi/arm-multilib/lib/gcc/arm-none-eabi/4.4.5/../../../../arm-none-eabi/lib/thumb2/libm.a
LOAD /opt/paparazzi/arm-multilib/lib/gcc/arm-none-eabi/4.4.5/thumb2/libgcc.a
LOAD /opt/paparazzi/arm-multilib/lib/gcc/arm-none-eabi/4.4.5/../../../../arm-none-eabi/lib/libcmsis.a
LOAD /opt/paparazzi/arm-multilib/lib/gcc/arm-none-eabi/4.4.5/../../../../arm-none-eabi/lib/libstm32.a
LOAD /opt/paparazzi/arm-multilib/lib/gcc/arm-none-eabi/4.4.5/../../../../arm-none-eabi/lib/libopencm3_stm32.a
START GROUP
LOAD /opt/paparazzi/arm-multilib/lib/gcc/arm-none-eabi/4.4.5/thumb2/libgcc.a
LOAD /opt/paparazzi/arm-multilib/lib/gcc/arm-none-eabi/4.4.5/../../../../arm-none-eabi/lib/thumb2/libc.a
END GROUP
                0x20010000                _estack = 0x20010000
                0x00001000                __Stack_Size = 0x1000
                0x00001000                PROVIDE (_Stack_Size, __Stack_Size)
                0x2000f000                __Stack_Init = (_estack - __Stack_Size)
                0x2000f000                PROVIDE (_Stack_Init, __Stack_Init)
                0x00000800                _Minimum_Stack_Size = 0x800
                0x00000001                ASSERT ((ORIGIN (FLASH) == ALIGN (ORIGIN (FLASH), 0x80)), Start of memory region flash not aligned for startup vector table)

.isr_vector     0x08000000      0x130
                0x08000000                . = ALIGN (0x4)
 *(.isr_vector)
 .isr_vector    0x08000000      0x130 /home/woz/lisa-m-team4938/paparazzi/var/ECE_2012/ap/arch/stm32/stm32_vector_table.o
                0x08000000                vector_table
                0x08000130                . = ALIGN (0x4)

.flashtext      0x08000130        0x0
                0x08000130                . = ALIGN (0x4)
 *(.flashtext)
                0x08000130                . = ALIGN (0x4)

.text           0x08000130    0x18058
                0x08000130                . = ALIGN (0x4)
 *(.text)
 .text          0x08000130       0x16 /opt/paparazzi/arm-multilib/lib/gcc/arm-none-eabi/4.4.5/../../../../arm-none-eabi/lib/thumb2/libc.a(lib_a-memcpy.o)
                0x08000130                memcpy
 *fill*         0x08000146        0x2 00
 .text          0x08000148      0x340 /opt/paparazzi/arm-multilib/lib/gcc/arm-none-eabi/4.4.5/../../../../arm-none-eabi/lib/thumb2/libm.a(lib_a-s_atan.o)
                0x08000148                atan
 .text          0x08000488       0x88 /opt/paparazzi/arm-multilib/lib/gcc/arm-none-eabi/4.4.5/../../../../arm-none-eabi/lib/thumb2/libm.a(lib_a-s_cos.o)
                0x08000488                cos
 .text          0x08000510        0x6 /opt/paparazzi/arm-multilib/lib/gcc/arm-none-eabi/4.4.5/../../../../arm-none-eabi/lib/thumb2/libm.a(lib_a-s_fabs.o)
                0x08000510                fabs
 *fill*         0x08000516        0x2 00
 .text          0x08000518      0x12c /opt/paparazzi/arm-multilib/lib/gcc/arm-none-eabi/4.4.5/../../../../arm-none-eabi/lib/thumb2/libm.a(lib_a-s_rint.o)
                0x08000518                rint
 .text          0x08000644       0x8c /opt/paparazzi/arm-multilib/lib/gcc/arm-none-eabi/4.4.5/../../../../arm-none-eabi/lib/thumb2/libm.a(lib_a-s_sin.o)
                0x08000644                sin
 .text          0x080006d0       0x54 /opt/paparazzi/arm-multilib/lib/gcc/arm-none-eabi/4.4.5/../../../../arm-none-eabi/lib/thumb2/libm.a(lib_a-s_tan.o)
                0x080006d0                tan
 .text          0x08000724      0x234 /opt/paparazzi/arm-multilib/lib/gcc/arm-none-eabi/4.4.5/../../../../arm-none-eabi/lib/thumb2/libm.a(lib_a-sf_atan.o)
                0x08000724                atanf
 .text          0x08000958       0x64 /opt/paparazzi/arm-multilib/lib/gcc/arm-none-eabi/4.4.5/../../../../arm-none-eabi/lib/thumb2/libm.a(lib_a-sf_cos.o)
                0x08000958                cosf
 .text          0x080009bc        0x6 /opt/paparazzi/arm-multilib/lib/gcc/arm-none-eabi/4.4.5/../../../../arm-none-eabi/lib/thumb2/libm.a(lib_a-sf_fabs.o)
                0x080009bc                fabsf
 *fill*         0x080009c2        0x2 00
 .text          0x080009c4       0x68 /opt/paparazzi/arm-multilib/lib/gcc/arm-none-eabi/4.4.5/../../../../arm-none-eabi/lib/thumb2/libm.a(lib_a-sf_sin.o)
                0x080009c4                sinf
 .text          0x08000a2c       0x9c /opt/paparazzi/arm-multilib/lib/gcc/arm-none-eabi/4.4.5/../../../../arm-none-eabi/lib/thumb2/libm.a(lib_a-w_asin.o)
                0x08000a2c                asin
 .text          0x08000ac8        0x4 /opt/paparazzi/arm-multilib/lib/gcc/arm-none-eabi/4.4.5/../../../../arm-none-eabi/lib/thumb2/libm.a(lib_a-w_atan2.o)
                0x08000ac8                atan2
 *fill*         0x08000acc        0x4 00
 .text          0x08000ad0       0xb8 /opt/paparazzi/arm-multilib/lib/gcc/arm-none-eabi/4.4.5/../../../../arm-none-eabi/lib/thumb2/libm.a(lib_a-w_cosh.o)
                0x08000ad0                cosh
 .text          0x08000b88       0xe8 /opt/paparazzi/arm-multilib/lib/gcc/arm-none-eabi/4.4.5/../../../../arm-none-eabi/lib/thumb2/libm.a(lib_a-w_exp.o)
                0x08000b88                exp
 .text          0x08000c70       0xd8 /opt/paparazzi/arm-multilib/lib/gcc/arm-none-eabi/4.4.5/../../../../arm-none-eabi/lib/thumb2/libm.a(lib_a-w_log.o)
                0x08000c70                log
 .text          0x08000d48      0x2d0 /opt/paparazzi/arm-multilib/lib/gcc/arm-none-eabi/4.4.5/../../../../arm-none-eabi/lib/thumb2/libm.a(lib_a-w_pow.o)
                0x08000d48                pow
 .text          0x08001018       0xd4 /opt/paparazzi/arm-multilib/lib/gcc/arm-none-eabi/4.4.5/../../../../arm-none-eabi/lib/thumb2/libm.a(lib_a-w_sinh.o)
                0x08001018                sinh
 .text          0x080010ec       0xa8 /opt/paparazzi/arm-multilib/lib/gcc/arm-none-eabi/4.4.5/../../../../arm-none-eabi/lib/thumb2/libm.a(lib_a-w_sqrt.o)
                0x080010ec                sqrt
 .text          0x08001194       0x98 /opt/paparazzi/arm-multilib/lib/gcc/arm-none-eabi/4.4.5/../../../../arm-none-eabi/lib/thumb2/libm.a(lib_a-wf_asin.o)
                0x08001194                asinf
 .text          0x0800122c        0x4 /opt/paparazzi/arm-multilib/lib/gcc/arm-none-eabi/4.4.5/../../../../arm-none-eabi/lib/thumb2/libm.a(lib_a-wf_atan2.o)
                0x0800122c                atan2f
 .text          0x08001230      0x498 /opt/paparazzi/arm-multilib/lib/gcc/arm-none-eabi/4.4.5/../../../../arm-none-eabi/lib/thumb2/libm.a(lib_a-e_asin.o)
                0x08001230                __ieee754_asin
 .text          0x080016c8      0x1e8 /opt/paparazzi/arm-multilib/lib/gcc/arm-none-eabi/4.4.5/../../../../arm-none-eabi/lib/thumb2/libm.a(lib_a-e_atan2.o)
                0x080016c8                __ieee754_atan2
 .text          0x080018b0      0x130 /opt/paparazzi/arm-multilib/lib/gcc/arm-none-eabi/4.4.5/../../../../arm-none-eabi/lib/thumb2/libm.a(lib_a-e_cosh.o)
                0x080018b0                __ieee754_cosh
 .text          0x080019e0      0x2e0 /opt/paparazzi/arm-multilib/lib/gcc/arm-none-eabi/4.4.5/../../../../arm-none-eabi/lib/thumb2/libm.a(lib_a-e_exp.o)
                0x080019e0                __ieee754_exp
 .text          0x08001cc0      0x400 /opt/paparazzi/arm-multilib/lib/gcc/arm-none-eabi/4.4.5/../../../../arm-none-eabi/lib/thumb2/libm.a(lib_a-e_log.o)
                0x08001cc0                __ieee754_log
 .text          0x080020c0      0xa58 /opt/paparazzi/arm-multilib/lib/gcc/arm-none-eabi/4.4.5/../../../../arm-none-eabi/lib/thumb2/libm.a(lib_a-e_pow.o)
                0x080020c0                __ieee754_pow
 .text          0x08002b18      0x3f0 /opt/paparazzi/arm-multilib/lib/gcc/arm-none-eabi/4.4.5/../../../../arm-none-eabi/lib/thumb2/libm.a(lib_a-e_rem_pio2.o)
                0x08002b18                __ieee754_rem_pio2
 .text          0x08002f08      0x168 /opt/paparazzi/arm-multilib/lib/gcc/arm-none-eabi/4.4.5/../../../../arm-none-eabi/lib/thumb2/libm.a(lib_a-e_sinh.o)
                0x08002f08                __ieee754_sinh
 .text          0x08003070      0x170 /opt/paparazzi/arm-multilib/lib/gcc/arm-none-eabi/4.4.5/../../../../arm-none-eabi/lib/thumb2/libm.a(lib_a-e_sqrt.o)
                0x08003070                __ieee754_sqrt
 .text          0x080031e0      0x2ac /opt/paparazzi/arm-multilib/lib/gcc/arm-none-eabi/4.4.5/../../../../arm-none-eabi/lib/thumb2/libm.a(lib_a-ef_asin.o)
                0x080031e0                __ieee754_asinf
 .text          0x0800348c      0x118 /opt/paparazzi/arm-multilib/lib/gcc/arm-none-eabi/4.4.5/../../../../arm-none-eabi/lib/thumb2/libm.a(lib_a-ef_atan2.o)
                0x0800348c                __ieee754_atan2f
 .text          0x080035a4      0x2b8 /opt/paparazzi/arm-multilib/lib/gcc/arm-none-eabi/4.4.5/../../../../arm-none-eabi/lib/thumb2/libm.a(lib_a-ef_rem_pio2.o)
                0x080035a4                __ieee754_rem_pio2f
 .text          0x0800385c       0xaa /opt/paparazzi/arm-multilib/lib/gcc/arm-none-eabi/4.4.5/../../../../arm-none-eabi/lib/thumb2/libm.a(lib_a-ef_sqrt.o)
                0x0800385c                __ieee754_sqrtf
 *fill*         0x08003906        0x2 00
 .text          0x08003908      0x1d0 /opt/paparazzi/arm-multilib/lib/gcc/arm-none-eabi/4.4.5/../../../../arm-none-eabi/lib/thumb2/libm.a(lib_a-k_cos.o)
                0x08003908                __kernel_cos
 .text          0x08003ad8      0x6d0 /opt/paparazzi/arm-multilib/lib/gcc/arm-none-eabi/4.4.5/../../../../arm-none-eabi/lib/thumb2/libm.a(lib_a-k_rem_pio2.o)
                0x08003ad8                __kernel_rem_pio2
 .text          0x080041a8      0x180 /opt/paparazzi/arm-multilib/lib/gcc/arm-none-eabi/4.4.5/../../../../arm-none-eabi/lib/thumb2/libm.a(lib_a-k_sin.o)
                0x080041a8                __kernel_sin
 .text          0x08004328      0x3d8 /opt/paparazzi/arm-multilib/lib/gcc/arm-none-eabi/4.4.5/../../../../arm-none-eabi/lib/thumb2/libm.a(lib_a-k_tan.o)
                0x08004328                __kernel_tan
 .text          0x08004700      0x138 /opt/paparazzi/arm-multilib/lib/gcc/arm-none-eabi/4.4.5/../../../../arm-none-eabi/lib/thumb2/libm.a(lib_a-kf_cos.o)
                0x08004700                __kernel_cosf
 .text          0x08004838      0x58c /opt/paparazzi/arm-multilib/lib/gcc/arm-none-eabi/4.4.5/../../../../arm-none-eabi/lib/thumb2/libm.a(lib_a-kf_rem_pio2.o)
                0x08004838                __kernel_rem_pio2f
 .text          0x08004dc4       0xf4 /opt/paparazzi/arm-multilib/lib/gcc/arm-none-eabi/4.4.5/../../../../arm-none-eabi/lib/thumb2/libm.a(lib_a-kf_sin.o)
                0x08004dc4                __kernel_sinf
 .text          0x08004eb8      0x438 /opt/paparazzi/arm-multilib/lib/gcc/arm-none-eabi/4.4.5/../../../../arm-none-eabi/lib/thumb2/libm.a(lib_a-s_expm1.o)
                0x08004eb8                expm1
 .text          0x080052f0       0x10 /opt/paparazzi/arm-multilib/lib/gcc/arm-none-eabi/4.4.5/../../../../arm-none-eabi/lib/thumb2/libm.a(lib_a-s_finite.o)
                0x080052f0                finite
 .text          0x08005300      0x108 /opt/paparazzi/arm-multilib/lib/gcc/arm-none-eabi/4.4.5/../../../../arm-none-eabi/lib/thumb2/libm.a(lib_a-s_floor.o)
                0x08005300                floor
 .text          0x08005408       0x68 /opt/paparazzi/arm-multilib/lib/gcc/arm-none-eabi/4.4.5/../../../../arm-none-eabi/lib/thumb2/libm.a(lib_a-s_fpclassify.o)
                0x08005408                __fpclassifyd
 .text          0x08005470        0x4 /opt/paparazzi/arm-multilib/lib/gcc/arm-none-eabi/4.4.5/../../../../arm-none-eabi/lib/thumb2/libm.a(lib_a-s_matherr.o)
                0x08005470                matherr
 .text          0x08005474        0xc /opt/paparazzi/arm-multilib/lib/gcc/arm-none-eabi/4.4.5/../../../../arm-none-eabi/lib/thumb2/libm.a(lib_a-s_nan.o)
                0x08005474                nan
 .text          0x08005480      0x108 /opt/paparazzi/arm-multilib/lib/gcc/arm-none-eabi/4.4.5/../../../../arm-none-eabi/lib/thumb2/libm.a(lib_a-s_scalbn.o)
                0x08005480                scalbn
 .text          0x08005588       0x80 /opt/paparazzi/arm-multilib/lib/gcc/arm-none-eabi/4.4.5/../../../../arm-none-eabi/lib/thumb2/libm.a(lib_a-sf_floor.o)
                0x08005588                floorf
 .text          0x08005608       0x54 /opt/paparazzi/arm-multilib/lib/gcc/arm-none-eabi/4.4.5/../../../../arm-none-eabi/lib/thumb2/libm.a(lib_a-sf_fpclassify.o)
                0x08005608                __fpclassifyf
 .text          0x0800565c       0xa0 /opt/paparazzi/arm-multilib/lib/gcc/arm-none-eabi/4.4.5/../../../../arm-none-eabi/lib/thumb2/libm.a(lib_a-sf_scalbn.o)
                0x0800565c                scalbnf
 .text          0x080056fc       0x14 /opt/paparazzi/arm-multilib/lib/gcc/arm-none-eabi/4.4.5/../../../../arm-none-eabi/lib/thumb2/libm.a(lib_a-s_copysign.o)
                0x080056fc                copysign
 .text          0x08005710        0xe /opt/paparazzi/arm-multilib/lib/gcc/arm-none-eabi/4.4.5/../../../../arm-none-eabi/lib/thumb2/libm.a(lib_a-sf_copysign.o)
                0x08005710                copysignf
 *fill*         0x0800571e        0x2 00
 .text          0x08005720       0xe0 /opt/paparazzi/arm-multilib/lib/gcc/arm-none-eabi/4.4.5/thumb2/libgcc.a(_divsi3.o)
                0x08005720                __aeabi_idiv
                0x08005720                __divsi3
                0x080057e4                __aeabi_idivmod
 .text          0x08005800        0x4 /opt/paparazzi/arm-multilib/lib/gcc/arm-none-eabi/4.4.5/thumb2/libgcc.a(_dvmd_tls.o)
                0x08005800                __aeabi_ldiv0
                0x08005800                __aeabi_idiv0
 .text          0x08005804      0x370 /opt/paparazzi/arm-multilib/lib/gcc/arm-none-eabi/4.4.5/thumb2/libgcc.a(_arm_addsubdf3.o)
                0x08005804                __aeabi_drsub
                0x0800580c                __aeabi_dsub
                0x0800580c                __subdf3
                0x08005810                __adddf3
                0x08005810                __aeabi_dadd
                0x08005a88                __aeabi_ui2d
                0x08005a88                __floatunsidf
                0x08005aa8                __floatsidf
                0x08005aa8                __aeabi_i2d
                0x08005acc                __extendsfdf2
                0x08005acc                __aeabi_f2d
                0x08005b08                __aeabi_ul2d
                0x08005b08                __floatundidf
                0x08005b18                __floatdidf
                0x08005b18                __aeabi_l2d
 .text          0x08005b74      0x424 /opt/paparazzi/arm-multilib/lib/gcc/arm-none-eabi/4.4.5/thumb2/libgcc.a(_arm_muldivdf3.o)
                0x08005b74                __aeabi_dmul
                0x08005b74                __muldf3
                0x08005dc8                __aeabi_ddiv
                0x08005dc8                __divdf3
 .text          0x08005f98      0x110 /opt/paparazzi/arm-multilib/lib/gcc/arm-none-eabi/4.4.5/thumb2/libgcc.a(_arm_cmpdf2.o)
                0x08005f98                __gtdf2
                0x08005f98                __gedf2
                0x08005fa0                __ltdf2
                0x08005fa0                __ledf2
                0x08005fa8                __cmpdf2
                0x08005fa8                __eqdf2
                0x08005fa8                __nedf2
                0x08006024                __aeabi_cdrcmple
                0x08006034                __aeabi_cdcmple
                0x08006034                __aeabi_cdcmpeq
                0x08006044                __aeabi_dcmpeq
                0x08006058                __aeabi_dcmplt
                0x0800606c                __aeabi_dcmple
                0x08006080                __aeabi_dcmpge
                0x08006094                __aeabi_dcmpgt
 .text          0x080060a8       0x50 /opt/paparazzi/arm-multilib/lib/gcc/arm-none-eabi/4.4.5/thumb2/libgcc.a(_arm_fixdfsi.o)
                0x080060a8                __fixdfsi
                0x080060a8                __aeabi_d2iz
 .text          0x080060f8       0x40 /opt/paparazzi/arm-multilib/lib/gcc/arm-none-eabi/4.4.5/thumb2/libgcc.a(_arm_fixunsdfsi.o)
                0x080060f8                __fixunsdfsi
                0x080060f8                __aeabi_d2uiz
 .text          0x08006138       0xa0 /opt/paparazzi/arm-multilib/lib/gcc/arm-none-eabi/4.4.5/thumb2/libgcc.a(_arm_truncdfsf2.o)
                0x08006138                __aeabi_d2f
                0x08006138                __truncdfsf2
 .text          0x080061d8      0x21c /opt/paparazzi/arm-multilib/lib/gcc/arm-none-eabi/4.4.5/thumb2/libgcc.a(_arm_addsubsf3.o)
                0x080061d8                __aeabi_frsub
                0x080061e0                __subsf3
                0x080061e0                __aeabi_fsub
                0x080061e4                __aeabi_fadd
                0x080061e4                __addsf3
                0x08006344                __aeabi_ui2f
                0x08006344                __floatunsisf
                0x0800634c                __aeabi_i2f
                0x0800634c                __floatsisf
                0x08006368                __floatundisf
                0x08006368                __aeabi_ul2f
                0x08006378                __floatdisf
                0x08006378                __aeabi_l2f
 .text          0x080063f4      0x2a0 /opt/paparazzi/arm-multilib/lib/gcc/arm-none-eabi/4.4.5/thumb2/libgcc.a(_arm_muldivsf3.o)
                0x080063f4                __mulsf3
                0x080063f4                __aeabi_fmul
                0x0800655c                __divsf3
                0x0800655c                __aeabi_fdiv
 .text          0x08006694       0xec /opt/paparazzi/arm-multilib/lib/gcc/arm-none-eabi/4.4.5/thumb2/libgcc.a(_arm_cmpsf2.o)
                0x08006694                __gtsf2
                0x08006694                __gesf2
                0x0800669c                __lesf2
                0x0800669c                __ltsf2
                0x080066a4                __nesf2
                0x080066a4                __eqsf2
                0x080066a4                __cmpsf2
                0x08006704                __aeabi_cfrcmple
                0x0800670c                __aeabi_cfcmple
                0x0800670c                __aeabi_cfcmpeq
                0x0800671c                __aeabi_fcmpeq
                0x08006730                __aeabi_fcmplt
                0x08006744                __aeabi_fcmple
                0x08006758                __aeabi_fcmpge
                0x0800676c                __aeabi_fcmpgt
 .text          0x08006780       0x4c /opt/paparazzi/arm-multilib/lib/gcc/arm-none-eabi/4.4.5/thumb2/libgcc.a(_arm_fixsfsi.o)
                0x08006780                __fixsfsi
                0x08006780                __aeabi_f2iz
 .text          0x080067cc       0x40 /opt/paparazzi/arm-multilib/lib/gcc/arm-none-eabi/4.4.5/thumb2/libgcc.a(_arm_fixunssfsi.o)
                0x080067cc                __aeabi_f2uiz
                0x080067cc                __fixunssfsi
 .text          0x0800680c        0xc /opt/paparazzi/arm-multilib/lib/gcc/arm-none-eabi/4.4.5/../../../../arm-none-eabi/lib/thumb2/libc.a(lib_a-errno.o)
                0x0800680c                __errno
 *(.text.*)
 .text.mcu_init
                0x08006818       0xa0 /home/woz/lisa-m-team4938/paparazzi/var/ECE_2012/ap/mcu.o
                0x08006818                mcu_init
 .text.mcu_arch_init
                0x080068b8       0x14 /home/woz/lisa-m-team4938/paparazzi/var/ECE_2012/ap/arch/stm32/mcu_arch.o
                0x080068b8                mcu_arch_init
 *fill*         0x080068cc        0x4 00
 .text.isometric_latitude_fast_f
                0x080068d0       0x38 /home/woz/lisa-m-team4938/paparazzi/var/ECE_2012/ap/math/pprz_geodetic_float.o
 .text.utm_of_lla_f
                0x08006908      0x270 /home/woz/lisa-m-team4938/paparazzi/var/ECE_2012/ap/math/pprz_geodetic_float.o
                0x08006908                utm_of_lla_f
 .text.i2c_init
                0x08006b78       0x10 /home/woz/lisa-m-team4938/paparazzi/var/ECE_2012/ap/mcu_periph/i2c.o
                0x08006b78                i2c_init
 .text.i2c2_init
                0x08006b88       0x14 /home/woz/lisa-m-team4938/paparazzi/var/ECE_2012/ap/mcu_periph/i2c.o
                0x08006b88                i2c2_init
 .text.i2c_delay
                0x08006b9c       0x16 /home/woz/lisa-m-team4938/paparazzi/var/ECE_2012/ap/arch/stm32/mcu_periph/i2c_arch.o
 .text.start_transaction
                0x08006bb2       0x28 /home/woz/lisa-m-team4938/paparazzi/var/ECE_2012/ap/arch/stm32/mcu_periph/i2c_arch.o
 .text.i2c_submit
                0x08006bda       0x3e /home/woz/lisa-m-team4938/paparazzi/var/ECE_2012/ap/arch/stm32/mcu_periph/i2c_arch.o
                0x08006bda                i2c_submit
 .text.i2c_idle
                0x08006c18       0x16 /home/woz/lisa-m-team4938/paparazzi/var/ECE_2012/ap/arch/stm32/mcu_periph/i2c_arch.o
                0x08006c18                i2c_idle
 *fill*         0x08006c2e        0x2 00
 .text.T.28     0x08006c30       0x38 /home/woz/lisa-m-team4938/paparazzi/var/ECE_2012/ap/arch/stm32/mcu_periph/i2c_arch.o
 .text.T.29     0x08006c68      0x100 /home/woz/lisa-m-team4938/paparazzi/var/ECE_2012/ap/arch/stm32/mcu_periph/i2c_arch.o
 .text.i2c2_hw_init
                0x08006d68       0xb0 /home/woz/lisa-m-team4938/paparazzi/var/ECE_2012/ap/arch/stm32/mcu_periph/i2c_arch.o
                0x08006d68                i2c2_hw_init
 .text.T.30     0x08006e18       0x3c /home/woz/lisa-m-team4938/paparazzi/var/ECE_2012/ap/arch/stm32/mcu_periph/i2c_arch.o
 .text.i2c2_er_irq_handler
                0x08006e54      0x100 /home/woz/lisa-m-team4938/paparazzi/var/ECE_2012/ap/arch/stm32/mcu_periph/i2c_arch.o
                0x08006e54                i2c2_er_irq_handler
 .text.i2c2_ev_irq_handler
                0x08006f54      0x2d4 /home/woz/lisa-m-team4938/paparazzi/var/ECE_2012/ap/arch/stm32/mcu_periph/i2c_arch.o
                0x08006f54                i2c2_ev_irq_handler
 .text.inter_mcu_fill_fbw_state
                0x08007228       0x8c /home/woz/lisa-m-team4938/paparazzi/var/ECE_2012/ap/firmwares/fixedwing/main_fbw.o
 .text.periodic_task_fbw
                0x080072b4      0x908 /home/woz/lisa-m-team4938/paparazzi/var/ECE_2012/ap/firmwares/fixedwing/main_fbw.o
                0x080072b4                periodic_task_fbw
 *fill*         0x08007bbc        0x4 00
 .text.event_task_fbw
                0x08007bc0      0x408 /home/woz/lisa-m-team4938/paparazzi/var/ECE_2012/ap/firmwares/fixedwing/main_fbw.o
                0x08007bc0                event_task_fbw
 .text.init_fbw
                0x08007fc8       0x7c /home/woz/lisa-m-team4938/paparazzi/var/ECE_2012/ap/firmwares/fixedwing/main_fbw.o
                0x08007fc8                init_fbw
 *fill*         0x08008044        0x4 00
 .text.electrical_periodic
                0x08008048       0xf8 /home/woz/lisa-m-team4938/paparazzi/var/ECE_2012/ap/subsystems/electrical.o
                0x08008048                electrical_periodic
 .text.electrical_init
                0x08008140       0x28 /home/woz/lisa-m-team4938/paparazzi/var/ECE_2012/ap/subsystems/electrical.o
                0x08008140                electrical_init
 .text.gyro_read_i2c
                0x08008168       0x20 /home/woz/lisa-m-team4938/paparazzi/var/ECE_2012/ap/firmwares/fixedwing/main_ap.o
 .text.on_mag_event
                0x08008188       0x60 /home/woz/lisa-m-team4938/paparazzi/var/ECE_2012/ap/firmwares/fixedwing/main_ap.o
 .text.on_gyro_event
                0x080081e8      0x160 /home/woz/lisa-m-team4938/paparazzi/var/ECE_2012/ap/firmwares/fixedwing/main_ap.o
 .text.navigation_task
                0x08008348      0x690 /home/woz/lisa-m-team4938/paparazzi/var/ECE_2012/ap/firmwares/fixedwing/main_ap.o
 .text.attitude_loop
                0x080089d8       0x3c /home/woz/lisa-m-team4938/paparazzi/var/ECE_2012/ap/firmwares/fixedwing/main_ap.o
 *fill*         0x08008a14        0x4 00
 .text.periodic_task_ap
                0x08008a18     0x5d78 /home/woz/lisa-m-team4938/paparazzi/var/ECE_2012/ap/firmwares/fixedwing/main_ap.o
                0x08008a18                periodic_task_ap
 .text.init_ap  0x0800e790       0xa4 /home/woz/lisa-m-team4938/paparazzi/var/ECE_2012/ap/firmwares/fixedwing/main_ap.o
                0x0800e790                init_ap
 .text.event_task_ap
                0x0800e834      0x60c /home/woz/lisa-m-team4938/paparazzi/var/ECE_2012/ap/firmwares/fixedwing/main_ap.o
                0x0800e834                event_task_ap
 .text.estimator_propagate_state
                0x0800ee40        0x2 /home/woz/lisa-m-team4938/paparazzi/var/ECE_2012/ap/./estimator.o
                0x0800ee40                estimator_propagate_state
 *fill*         0x0800ee42        0x2 00
 .text.alt_kalman_reset
                0x0800ee44       0x18 /home/woz/lisa-m-team4938/paparazzi/var/ECE_2012/ap/./estimator.o
                0x0800ee44                alt_kalman_reset
 .text.alt_kalman_init
                0x0800ee5c       0x10 /home/woz/lisa-m-team4938/paparazzi/var/ECE_2012/ap/./estimator.o
                0x0800ee5c                alt_kalman_init
 *fill*         0x0800ee6c        0x4 00
 .text.alt_kalman
                0x0800ee70      0x168 /home/woz/lisa-m-team4938/paparazzi/var/ECE_2012/ap/./estimator.o
                0x0800ee70                alt_kalman
 .text.estimator_init
                0x0800efd8       0x94 /home/woz/lisa-m-team4938/paparazzi/var/ECE_2012/ap/./estimator.o
                0x0800efd8                estimator_init
 *fill*         0x0800f06c        0x4 00
 .text.estimator_update_state_gps
                0x0800f070      0x110 /home/woz/lisa-m-team4938/paparazzi/var/ECE_2012/ap/./estimator.o
                0x0800f070                estimator_update_state_gps
 .text.nmi_exception
                0x0800f180        0x2 /home/woz/lisa-m-team4938/paparazzi/var/ECE_2012/ap/arch/stm32/stm32_exceptions.o
                0x0800f180                nmi_exception
 .text.hard_fault_exception
                0x0800f182        0x2 /home/woz/lisa-m-team4938/paparazzi/var/ECE_2012/ap/arch/stm32/stm32_exceptions.o
                0x0800f182                hard_fault_exception
 .text.mem_manage_exception
                0x0800f184        0x2 /home/woz/lisa-m-team4938/paparazzi/var/ECE_2012/ap/arch/stm32/stm32_exceptions.o
                0x0800f184                mem_manage_exception
 .text.bus_fault_exception
                0x0800f186        0x2 /home/woz/lisa-m-team4938/paparazzi/var/ECE_2012/ap/arch/stm32/stm32_exceptions.o
                0x0800f186                bus_fault_exception
 .text.usage_fault_exception
                0x0800f188        0x2 /home/woz/lisa-m-team4938/paparazzi/var/ECE_2012/ap/arch/stm32/stm32_exceptions.o
                0x0800f188                usage_fault_exception
 .text.null_handler
                0x0800f18a        0x2 /home/woz/lisa-m-team4938/paparazzi/var/ECE_2012/ap/arch/stm32/stm32_vector_table.o
                0x0800f18a                null_handler
 .text.reset_handler_stage2
                0x0800f18c       0x40 /home/woz/lisa-m-team4938/paparazzi/var/ECE_2012/ap/arch/stm32/stm32_vector_table.o
                0x0800f18c                reset_handler_stage2
 .text.reset_handler_stage1
                0x0800f1cc       0x24 /home/woz/lisa-m-team4938/paparazzi/var/ECE_2012/ap/arch/stm32/stm32_vector_table.o
                0x0800f1cc                reset_handler_stage1
 .text.main     0x0800f1f0       0x70 /home/woz/lisa-m-team4938/paparazzi/var/ECE_2012/ap/firmwares/fixedwing/main.o
                0x0800f1f0                main
 .text.sys_tick_irq_handler
                0x0800f260        0xc /home/woz/lisa-m-team4938/paparazzi/var/ECE_2012/ap/arch/stm32/sys_time_hw.o
                0x0800f260                sys_tick_irq_handler
 .text.T.16     0x0800f26c       0x10 /home/woz/lisa-m-team4938/paparazzi/var/ECE_2012/ap/arch/stm32/sys_time_hw.o
 .text.sys_time_init
                0x0800f27c       0x40 /home/woz/lisa-m-team4938/paparazzi/var/ECE_2012/ap/arch/stm32/sys_time_hw.o
                0x0800f27c                sys_time_init
 .text.uart_periph_init
                0x0800f2bc       0x18 /home/woz/lisa-m-team4938/paparazzi/var/ECE_2012/ap/mcu_periph/uart.o
                0x0800f2bc                uart_periph_init
 .text.uart_check_free_space
                0x0800f2d4       0x24 /home/woz/lisa-m-team4938/paparazzi/var/ECE_2012/ap/mcu_periph/uart.o
                0x0800f2d4                uart_check_free_space
 .text.uart_transmit
                0x0800f2f8       0x60 /home/woz/lisa-m-team4938/paparazzi/var/ECE_2012/ap/arch/stm32/mcu_periph/uart_arch.o
                0x0800f2f8                uart_transmit
 .text.usart_irq_handler
                0x0800f358       0x7e /home/woz/lisa-m-team4938/paparazzi/var/ECE_2012/ap/arch/stm32/mcu_periph/uart_arch.o
 *fill*         0x0800f3d6        0x2 00
 .text.usart2_irq_handler
                0x0800f3d8        0xc /home/woz/lisa-m-team4938/paparazzi/var/ECE_2012/ap/arch/stm32/mcu_periph/uart_arch.o
                0x0800f3d8                usart2_irq_handler
 .text.usart1_irq_handler
                0x0800f3e4        0xc /home/woz/lisa-m-team4938/paparazzi/var/ECE_2012/ap/arch/stm32/mcu_periph/uart_arch.o
                0x0800f3e4                usart1_irq_handler
 .text.usart_enable_irq
                0x0800f3f0       0x1e /home/woz/lisa-m-team4938/paparazzi/var/ECE_2012/ap/arch/stm32/mcu_periph/uart_arch.o
 .text.uart_periph_set_baudrate
                0x0800f40e       0x54 /home/woz/lisa-m-team4938/paparazzi/var/ECE_2012/ap/arch/stm32/mcu_periph/uart_arch.o
                0x0800f40e                uart_periph_set_baudrate
 *fill*         0x0800f462        0x2 00
 .text.uart2_init
                0x0800f464       0x74 /home/woz/lisa-m-team4938/paparazzi/var/ECE_2012/ap/arch/stm32/mcu_periph/uart_arch.o
                0x0800f464                uart2_init
 .text.uart1_init
                0x0800f4d8       0x74 /home/woz/lisa-m-team4938/paparazzi/var/ECE_2012/ap/arch/stm32/mcu_periph/uart_arch.o
                0x0800f4d8                uart1_init
 .text.settings_init
                0x0800f54c        0x2 /home/woz/lisa-m-team4938/paparazzi/var/ECE_2012/ap/subsystems/settings.o
                0x0800f54c                settings_init
 *fill*         0x0800f54e        0x2 00
 .text.adc_buf_channel
                0x0800f550       0x10 /home/woz/lisa-m-team4938/paparazzi/var/ECE_2012/ap/arch/stm32/mcu_periph/adc_arch.o
                0x0800f550                adc_buf_channel
 .text.adc1_2_irq_handler
                0x0800f560       0x64 /home/woz/lisa-m-team4938/paparazzi/var/ECE_2012/ap/arch/stm32/mcu_periph/adc_arch.o
                0x0800f560                adc1_2_irq_handler
 .text.adc_init
                0x0800f5c4      0x1a4 /home/woz/lisa-m-team4938/paparazzi/var/ECE_2012/ap/arch/stm32/mcu_periph/adc_arch.o
                0x0800f5c4                adc_init
 .text.actuators_init
                0x0800f768        0x4 /home/woz/lisa-m-team4938/paparazzi/var/ECE_2012/ap/arch/stm32/servos_direct_hw.o
                0x0800f768                actuators_init
 .text.actuators_pwm_commit
                0x0800f76c       0x44 /home/woz/lisa-m-team4938/paparazzi/var/ECE_2012/ap/firmwares/rotorcraft/actuators/arch/stm32/actuators_pwm_arch.o
                0x0800f76c                actuators_pwm_commit
 .text.actuators_pwm_arch_init
                0x0800f7b0      0x13c /home/woz/lisa-m-team4938/paparazzi/var/ECE_2012/ap/firmwares/rotorcraft/actuators/arch/stm32/actuators_pwm_arch.o
                0x0800f7b0                actuators_pwm_arch_init
 .text.radio_control_impl_init
                0x0800f8ec       0x10 /home/woz/lisa-m-team4938/paparazzi/var/ECE_2012/ap/subsystems/radio_control/ppm.o
                0x0800f8ec                radio_control_impl_init
 .text.tim2_irq_handler
                0x0800f8fc       0xd4 /home/woz/lisa-m-team4938/paparazzi/var/ECE_2012/ap/arch/stm32/subsystems/radio_control/ppm_arch.o
                0x0800f8fc                tim2_irq_handler
 .text.ppm_arch_init
                0x0800f9d0       0xd0 /home/woz/lisa-m-team4938/paparazzi/var/ECE_2012/ap/arch/stm32/subsystems/radio_control/ppm_arch.o
                0x0800f9d0                ppm_arch_init
 .text.dl_parse_msg
                0x0800faa0      0xb78 /home/woz/lisa-m-team4938/paparazzi/var/ECE_2012/ap/firmwares/fixedwing/datalink.o
                0x0800faa0                dl_parse_msg
 .text.h_ctl_init
                0x08010618       0xbc /home/woz/lisa-m-team4938/paparazzi/var/ECE_2012/ap/firmwares/fixedwing/stabilization/stabilization_attitude.o
                0x08010618                h_ctl_init
 *fill*         0x080106d4        0x4 00
 .text.h_ctl_course_loop
                0x080106d8      0x2d8 /home/woz/lisa-m-team4938/paparazzi/var/ECE_2012/ap/firmwares/fixedwing/stabilization/stabilization_attitude.o
                0x080106d8                h_ctl_course_loop
 .text.h_ctl_attitude_loop
                0x080109b0      0x290 /home/woz/lisa-m-team4938/paparazzi/var/ECE_2012/ap/firmwares/fixedwing/stabilization/stabilization_attitude.o
                0x080109b0                h_ctl_attitude_loop
 .text.v_ctl_init
                0x08010c40       0xe0 /home/woz/lisa-m-team4938/paparazzi/var/ECE_2012/ap/firmwares/fixedwing/guidance/guidance_v.o
                0x08010c40                v_ctl_init
 .text.v_ctl_altitude_loop
                0x08010d20       0xa0 /home/woz/lisa-m-team4938/paparazzi/var/ECE_2012/ap/firmwares/fixedwing/guidance/guidance_v.o
                0x08010d20                v_ctl_altitude_loop
 .text.v_ctl_climb_loop
                0x08010dc0      0x390 /home/woz/lisa-m-team4938/paparazzi/var/ECE_2012/ap/firmwares/fixedwing/guidance/guidance_v.o
                0x08010dc0                v_ctl_climb_loop
 .text.v_ctl_throttle_slew
                0x08011150       0x58 /home/woz/lisa-m-team4938/paparazzi/var/ECE_2012/ap/firmwares/fixedwing/guidance/guidance_v.o
                0x08011150                v_ctl_throttle_slew
 .text.imu_init
                0x080111a8      0x150 /home/woz/lisa-m-team4938/paparazzi/var/ECE_2012/ap/subsystems/imu.o
                0x080111a8                imu_init
 .text.send_i2c_msg_with_retry
                0x080112f8       0x50 /home/woz/lisa-m-team4938/paparazzi/var/ECE_2012/ap/subsystems/imu/imu_aspirin.o
 .text.configure_accel
                0x08011348       0x2e /home/woz/lisa-m-team4938/paparazzi/var/ECE_2012/ap/subsystems/imu/imu_aspirin.o
 *fill*         0x08011376        0x2 00
 .text.imu_periodic
                0x08011378       0x9c /home/woz/lisa-m-team4938/paparazzi/var/ECE_2012/ap/subsystems/imu/imu_aspirin.o
                0x08011378                imu_periodic
 .text.imu_impl_init
                0x08011414       0x40 /home/woz/lisa-m-team4938/paparazzi/var/ECE_2012/ap/subsystems/imu/imu_aspirin.o
                0x08011414                imu_impl_init
 .text.dma1_c4_irq_handler
                0x08011454       0x68 /home/woz/lisa-m-team4938/paparazzi/var/ECE_2012/ap/arch/stm32/subsystems/imu/imu_aspirin_arch.o
                0x08011454                dma1_c4_irq_handler
 .text.exti15_10_irq_handler
                0x080114bc       0x1a /home/woz/lisa-m-team4938/paparazzi/var/ECE_2012/ap/arch/stm32/subsystems/imu/imu_aspirin_arch.o
                0x080114bc                exti15_10_irq_handler
 *fill*         0x080114d6        0x2 00
 .text.adxl345_start_reading_data
                0x080114d8       0xc0 /home/woz/lisa-m-team4938/paparazzi/var/ECE_2012/ap/arch/stm32/subsystems/imu/imu_aspirin_arch.o
                0x080114d8                adxl345_start_reading_data
 .text.exti2_irq_handler
                0x08011598       0x18 /home/woz/lisa-m-team4938/paparazzi/var/ECE_2012/ap/arch/stm32/subsystems/imu/imu_aspirin_arch.o
                0x08011598                exti2_irq_handler
 .text.adxl345_clear_rx_buf
                0x080115b0        0xc /home/woz/lisa-m-team4938/paparazzi/var/ECE_2012/ap/arch/stm32/subsystems/imu/imu_aspirin_arch.o
                0x080115b0                adxl345_clear_rx_buf
 .text.adxl345_write_to_reg
                0x080115bc       0x54 /home/woz/lisa-m-team4938/paparazzi/var/ECE_2012/ap/arch/stm32/subsystems/imu/imu_aspirin_arch.o
                0x080115bc                adxl345_write_to_reg
 .text.imu_aspirin_arch_init
                0x08011610      0x154 /home/woz/lisa-m-team4938/paparazzi/var/ECE_2012/ap/arch/stm32/subsystems/imu/imu_aspirin_arch.o
                0x08011610                imu_aspirin_arch_init
 .text.imu_aspirin_arch_int_disable
                0x08011764       0x38 /home/woz/lisa-m-team4938/paparazzi/var/ECE_2012/ap/arch/stm32/subsystems/imu/imu_aspirin_arch.o
                0x08011764                imu_aspirin_arch_int_disable
 .text.imu_aspirin_arch_int_enable
                0x0801179c       0x34 /home/woz/lisa-m-team4938/paparazzi/var/ECE_2012/ap/arch/stm32/subsystems/imu/imu_aspirin_arch.o
                0x0801179c                imu_aspirin_arch_int_enable
 .text.hmc5843_periodic
                0x080117d0       0xe0 /home/woz/lisa-m-team4938/paparazzi/var/ECE_2012/ap/peripherals/hmc5843.o
                0x080117d0                hmc5843_periodic
 .text.hmc5843_idle_task
                0x080118b0       0xdc /home/woz/lisa-m-team4938/paparazzi/var/ECE_2012/ap/peripherals/hmc5843.o
                0x080118b0                hmc5843_idle_task
 .text.hmc5843_init
                0x0801198c       0x14 /home/woz/lisa-m-team4938/paparazzi/var/ECE_2012/ap/peripherals/hmc5843.o
                0x0801198c                hmc5843_init
 .text.exti9_5_irq_handler
                0x080119a0       0x16 /home/woz/lisa-m-team4938/paparazzi/var/ECE_2012/ap/arch/stm32/peripherals/hmc5843_arch.o
                0x080119a0                exti9_5_irq_handler
 *fill*         0x080119b6        0x2 00
 .text.hmc5843_arch_init
                0x080119b8       0x2c /home/woz/lisa-m-team4938/paparazzi/var/ECE_2012/ap/arch/stm32/peripherals/hmc5843_arch.o
                0x080119b8                hmc5843_arch_init
 .text.ahrs_aligner_init
                0x080119e4       0x40 /home/woz/lisa-m-team4938/paparazzi/var/ECE_2012/ap/subsystems/ahrs/ahrs_aligner.o
                0x080119e4                ahrs_aligner_init
 .text.ahrs_aligner_run
                0x08011a24      0x188 /home/woz/lisa-m-team4938/paparazzi/var/ECE_2012/ap/subsystems/ahrs/ahrs_aligner.o
                0x08011a24                ahrs_aligner_run
 .text.Vector_Dot_Product
                0x08011bac       0x34 /home/woz/lisa-m-team4938/paparazzi/var/ECE_2012/ap/subsystems/ahrs/ahrs_float_dcm.o
 .text.Vector_Cross_Product
                0x08011be0       0x5e /home/woz/lisa-m-team4938/paparazzi/var/ECE_2012/ap/subsystems/ahrs/ahrs_float_dcm.o
 .text.Vector_Scale
                0x08011c3e       0x28 /home/woz/lisa-m-team4938/paparazzi/var/ECE_2012/ap/subsystems/ahrs/ahrs_float_dcm.o
 .text.Vector_Add
                0x08011c66       0x28 /home/woz/lisa-m-team4938/paparazzi/var/ECE_2012/ap/subsystems/ahrs/ahrs_float_dcm.o
 *fill*         0x08011c8e        0x2 00
 .text.set_dcm_matrix_from_rmat
                0x08011c90       0x20 /home/woz/lisa-m-team4938/paparazzi/var/ECE_2012/ap/subsystems/ahrs/ahrs_float_dcm.o
 .text.ahrs_update_mag
                0x08011cb0        0x2 /home/woz/lisa-m-team4938/paparazzi/var/ECE_2012/ap/subsystems/ahrs/ahrs_float_dcm.o
                0x08011cb0                ahrs_update_mag
 *fill*         0x08011cb2        0x2 00
 .text.Normalize
                0x08011cb4      0x20c /home/woz/lisa-m-team4938/paparazzi/var/ECE_2012/ap/subsystems/ahrs/ahrs_float_dcm.o
                0x08011cb4                Normalize
 .text.Drift_correction
                0x08011ec0      0x290 /home/woz/lisa-m-team4938/paparazzi/var/ECE_2012/ap/subsystems/ahrs/ahrs_float_dcm.o
                0x08011ec0                Drift_correction
 .text.ahrs_update_accel
                0x08012150      0x100 /home/woz/lisa-m-team4938/paparazzi/var/ECE_2012/ap/subsystems/ahrs/ahrs_float_dcm.o
                0x08012150                ahrs_update_accel
 .text.ahrs_init
                0x08012250       0xe0 /home/woz/lisa-m-team4938/paparazzi/var/ECE_2012/ap/subsystems/ahrs/ahrs_float_dcm.o
                0x08012250                ahrs_init
 .text.compute_body_orientation_and_rates
                0x08012330      0x3c0 /home/woz/lisa-m-team4938/paparazzi/var/ECE_2012/ap/subsystems/ahrs/ahrs_float_dcm.o
 .text.ahrs_update_fw_estimator
                0x080126f0      0x2c0 /home/woz/lisa-m-team4938/paparazzi/var/ECE_2012/ap/subsystems/ahrs/ahrs_float_dcm.o
                0x080126f0                ahrs_update_fw_estimator
 .text.Matrix_update
                0x080129b0      0x128 /home/woz/lisa-m-team4938/paparazzi/var/ECE_2012/ap/subsystems/ahrs/ahrs_float_dcm.o
                0x080129b0                Matrix_update
 .text.ahrs_propagate
                0x08012ad8       0x6c /home/woz/lisa-m-team4938/paparazzi/var/ECE_2012/ap/subsystems/ahrs/ahrs_float_dcm.o
                0x08012ad8                ahrs_propagate
 *fill*         0x08012b44        0x4 00
 .text.ahrs_align
                0x08012b48      0x448 /home/woz/lisa-m-team4938/paparazzi/var/ECE_2012/ap/subsystems/ahrs/ahrs_float_dcm.o
                0x08012b48                ahrs_align
 .text.gps_impl_init
                0x08012f90       0x1c /home/woz/lisa-m-team4938/paparazzi/var/ECE_2012/ap/subsystems/gps/gps_ubx.o
                0x08012f90                gps_impl_init
 .text.gps_ubx_parse
                0x08012fac      0x100 /home/woz/lisa-m-team4938/paparazzi/var/ECE_2012/ap/subsystems/gps/gps_ubx.o
                0x08012fac                gps_ubx_parse
 *fill*         0x080130ac        0x4 00
 .text.gps_ubx_read_message
                0x080130b0      0x368 /home/woz/lisa-m-team4938/paparazzi/var/ECE_2012/ap/subsystems/gps/gps_ubx.o
                0x080130b0                gps_ubx_read_message
 .text.gps_init
                0x08013418       0x10 /home/woz/lisa-m-team4938/paparazzi/var/ECE_2012/ap/subsystems/gps.o
                0x08013418                gps_init
 .text.nav_init_stage
                0x08013428       0x58 /home/woz/lisa-m-team4938/paparazzi/var/ECE_2012/ap/subsystems/nav.o
                0x08013428                nav_init_stage
 .text.nav_approaching_xy
                0x08013480       0xa8 /home/woz/lisa-m-team4938/paparazzi/var/ECE_2012/ap/subsystems/nav.o
                0x08013480                nav_approaching_xy
 .text.compute_dist2_to_home
                0x08013528       0x68 /home/woz/lisa-m-team4938/paparazzi/var/ECE_2012/ap/subsystems/nav.o
                0x08013528                compute_dist2_to_home
 .text.nav_update_waypoints_alt
                0x08013590       0x38 /home/woz/lisa-m-team4938/paparazzi/var/ECE_2012/ap/subsystems/nav.o
                0x08013590                nav_update_waypoints_alt
 .text.common_nav_periodic_task_4Hz
                0x080135c8       0x34 /home/woz/lisa-m-team4938/paparazzi/var/ECE_2012/ap/subsystems/nav.o
                0x080135c8                common_nav_periodic_task_4Hz
 .text.nav_move_waypoint
                0x080135fc       0xc4 /home/woz/lisa-m-team4938/paparazzi/var/ECE_2012/ap/subsystems/nav.o
                0x080135fc                nav_move_waypoint
 .text.nav_set_altitude
                0x080136c0       0x40 /home/woz/lisa-m-team4938/paparazzi/var/ECE_2012/ap/subsystems/nav.o
 .text.nav_init
                0x08013700       0x4c /home/woz/lisa-m-team4938/paparazzi/var/ECE_2012/ap/subsystems/nav.o
                0x08013700                nav_init
 .text.nav_without_gps
                0x0801374c       0x3c /home/woz/lisa-m-team4938/paparazzi/var/ECE_2012/ap/subsystems/nav.o
                0x0801374c                nav_without_gps
 .text.nav_eight_init
                0x08013788        0xc /home/woz/lisa-m-team4938/paparazzi/var/ECE_2012/ap/subsystems/nav.o
                0x08013788                nav_eight_init
 .text.nav_oval_init
                0x08013794       0x18 /home/woz/lisa-m-team4938/paparazzi/var/ECE_2012/ap/subsystems/nav.o
                0x08013794                nav_oval_init
 *fill*         0x080137ac        0x4 00
 .text.nav_reset_reference
                0x080137b0       0xf0 /home/woz/lisa-m-team4938/paparazzi/var/ECE_2012/ap/subsystems/nav.o
                0x080137b0                nav_reset_reference
 .text.fly_to_xy
                0x080138a0      0x208 /home/woz/lisa-m-team4938/paparazzi/var/ECE_2012/ap/subsystems/nav.o
                0x080138a0                fly_to_xy
 .text.nav_route_xy
                0x08013aa8      0x194 /home/woz/lisa-m-team4938/paparazzi/var/ECE_2012/ap/subsystems/nav.o
                0x08013aa8                nav_route_xy
 *fill*         0x08013c3c        0x4 00
 .text.nav_circle_XY
                0x08013c40      0x330 /home/woz/lisa-m-team4938/paparazzi/var/ECE_2012/ap/subsystems/nav.o
                0x08013c40                nav_circle_XY
 .text.nav_oval
                0x08013f70      0x4c0 /home/woz/lisa-m-team4938/paparazzi/var/ECE_2012/ap/subsystems/nav.o
                0x08013f70                nav_oval
 .text.nav_eight
                0x08014430      0x530 /home/woz/lisa-m-team4938/paparazzi/var/ECE_2012/ap/subsystems/nav.o
                0x08014430                nav_eight
 .text.nav_home
                0x08014960       0x60 /home/woz/lisa-m-team4938/paparazzi/var/ECE_2012/ap/subsystems/nav.o
                0x08014960                nav_home
 .text.nav_periodic_task
                0x080149c0      0xaa0 /home/woz/lisa-m-team4938/paparazzi/var/ECE_2012/ap/subsystems/nav.o
                0x080149c0                nav_periodic_task
 .text.nav_init_block
                0x08015460       0x28 /home/woz/lisa-m-team4938/paparazzi/var/ECE_2012/ap/subsystems/navigation/common_flight_plan.o
                0x08015460                nav_init_block
 .text.nav_goto_block
                0x08015488       0x2c /home/woz/lisa-m-team4938/paparazzi/var/ECE_2012/ap/subsystems/navigation/common_flight_plan.o
                0x08015488                nav_goto_block
 .text.traffic_info_init
                0x080154b4       0x24 /home/woz/lisa-m-team4938/paparazzi/var/ECE_2012/ap/subsystems/navigation/traffic_info.o
                0x080154b4                traffic_info_init
 .text.nav_survey_rectangle_init
                0x080154d8      0x2f0 /home/woz/lisa-m-team4938/paparazzi/var/ECE_2012/ap/subsystems/navigation/nav_survey_rectangle.o
                0x080154d8                nav_survey_rectangle_init
 .text.nav_survey_rectangle
                0x080157c8      0x650 /home/woz/lisa-m-team4938/paparazzi/var/ECE_2012/ap/subsystems/navigation/nav_survey_rectangle.o
                0x080157c8                nav_survey_rectangle
 .text.nav_line_init
                0x08015e18        0xc /home/woz/lisa-m-team4938/paparazzi/var/ECE_2012/ap/subsystems/navigation/nav_line.o
                0x08015e18                nav_line_init
 *fill*         0x08015e24        0x4 00
 .text.nav_line
                0x08015e28      0xa38 /home/woz/lisa-m-team4938/paparazzi/var/ECE_2012/ap/subsystems/navigation/nav_line.o
                0x08015e28                nav_line
 .text.ADC_Init
                0x08016860       0x4c /opt/paparazzi/arm-multilib/lib/gcc/arm-none-eabi/4.4.5/../../../../arm-none-eabi/lib/libstm32.a(stm32_adc.o)
                0x08016860                ADC_Init
 .text.ADC_Cmd  0x080168ac       0x14 /opt/paparazzi/arm-multilib/lib/gcc/arm-none-eabi/4.4.5/../../../../arm-none-eabi/lib/libstm32.a(stm32_adc.o)
                0x080168ac                ADC_Cmd
 .text.ADC_ITConfig
                0x080168c0       0x14 /opt/paparazzi/arm-multilib/lib/gcc/arm-none-eabi/4.4.5/../../../../arm-none-eabi/lib/libstm32.a(stm32_adc.o)
                0x080168c0                ADC_ITConfig
 .text.ADC_ResetCalibration
                0x080168d4        0xa /opt/paparazzi/arm-multilib/lib/gcc/arm-none-eabi/4.4.5/../../../../arm-none-eabi/lib/libstm32.a(stm32_adc.o)
                0x080168d4                ADC_ResetCalibration
 .text.ADC_GetResetCalibrationStatus
                0x080168de        0xa /opt/paparazzi/arm-multilib/lib/gcc/arm-none-eabi/4.4.5/../../../../arm-none-eabi/lib/libstm32.a(stm32_adc.o)
                0x080168de                ADC_GetResetCalibrationStatus
 .text.ADC_StartCalibration
                0x080168e8        0xa /opt/paparazzi/arm-multilib/lib/gcc/arm-none-eabi/4.4.5/../../../../arm-none-eabi/lib/libstm32.a(stm32_adc.o)
                0x080168e8                ADC_StartCalibration
 .text.ADC_GetCalibrationStatus
                0x080168f2        0xa /opt/paparazzi/arm-multilib/lib/gcc/arm-none-eabi/4.4.5/../../../../arm-none-eabi/lib/libstm32.a(stm32_adc.o)
                0x080168f2                ADC_GetCalibrationStatus
 .text.ADC_ExternalTrigInjectedConvConfig
                0x080168fc        0xe /opt/paparazzi/arm-multilib/lib/gcc/arm-none-eabi/4.4.5/../../../../arm-none-eabi/lib/libstm32.a(stm32_adc.o)
                0x080168fc                ADC_ExternalTrigInjectedConvConfig
 .text.ADC_ExternalTrigInjectedConvCmd
                0x0801690a       0x14 /opt/paparazzi/arm-multilib/lib/gcc/arm-none-eabi/4.4.5/../../../../arm-none-eabi/lib/libstm32.a(stm32_adc.o)
                0x0801690a                ADC_ExternalTrigInjectedConvCmd
 .text.ADC_InjectedChannelConfig
                0x0801691e       0x68 /opt/paparazzi/arm-multilib/lib/gcc/arm-none-eabi/4.4.5/../../../../arm-none-eabi/lib/libstm32.a(stm32_adc.o)
                0x0801691e                ADC_InjectedChannelConfig
 .text.ADC_InjectedSequencerLengthConfig
                0x08016986       0x10 /opt/paparazzi/arm-multilib/lib/gcc/arm-none-eabi/4.4.5/../../../../arm-none-eabi/lib/libstm32.a(stm32_adc.o)
                0x08016986                ADC_InjectedSequencerLengthConfig
 .text.ADC_GetInjectedConversionValue
                0x08016996        0x8 /opt/paparazzi/arm-multilib/lib/gcc/arm-none-eabi/4.4.5/../../../../arm-none-eabi/lib/libstm32.a(stm32_adc.o)
                0x08016996                ADC_GetInjectedConversionValue
 .text.ADC_ClearITPendingBit
                0x0801699e        0x8 /opt/paparazzi/arm-multilib/lib/gcc/arm-none-eabi/4.4.5/../../../../arm-none-eabi/lib/libstm32.a(stm32_adc.o)
                0x0801699e                ADC_ClearITPendingBit
 *fill*         0x080169a6        0x2 00
 .text.TIM_TimeBaseInit
                0x080169a8       0x40 /opt/paparazzi/arm-multilib/lib/gcc/arm-none-eabi/4.4.5/../../../../arm-none-eabi/lib/libstm32.a(stm32_tim.o)
                0x080169a8                TIM_TimeBaseInit
 .text.TIM_OC1Init
                0x080169e8       0x94 /opt/paparazzi/arm-multilib/lib/gcc/arm-none-eabi/4.4.5/../../../../arm-none-eabi/lib/libstm32.a(stm32_tim.o)
                0x080169e8                TIM_OC1Init
 .text.TIM_OC2Init
                0x08016a7c       0x9c /opt/paparazzi/arm-multilib/lib/gcc/arm-none-eabi/4.4.5/../../../../arm-none-eabi/lib/libstm32.a(stm32_tim.o)
                0x08016a7c                TIM_OC2Init
 .text.TIM_OC3Init
                0x08016b18       0x98 /opt/paparazzi/arm-multilib/lib/gcc/arm-none-eabi/4.4.5/../../../../arm-none-eabi/lib/libstm32.a(stm32_tim.o)
                0x08016b18                TIM_OC3Init
 .text.TIM_OC4Init
                0x08016bb0       0x7c /opt/paparazzi/arm-multilib/lib/gcc/arm-none-eabi/4.4.5/../../../../arm-none-eabi/lib/libstm32.a(stm32_tim.o)
                0x08016bb0                TIM_OC4Init
 .text.TIM_TimeBaseStructInit
                0x08016c2c       0x12 /opt/paparazzi/arm-multilib/lib/gcc/arm-none-eabi/4.4.5/../../../../arm-none-eabi/lib/libstm32.a(stm32_tim.o)
                0x08016c2c                TIM_TimeBaseStructInit
 .text.TIM_Cmd  0x08016c3e       0x1a /opt/paparazzi/arm-multilib/lib/gcc/arm-none-eabi/4.4.5/../../../../arm-none-eabi/lib/libstm32.a(stm32_tim.o)
                0x08016c3e                TIM_Cmd
 .text.TIM_CtrlPWMOutputs
                0x08016c58       0x20 /opt/paparazzi/arm-multilib/lib/gcc/arm-none-eabi/4.4.5/../../../../arm-none-eabi/lib/libstm32.a(stm32_tim.o)
                0x08016c58                TIM_CtrlPWMOutputs
 .text.TIM_ITConfig
                0x08016c78       0x16 /opt/paparazzi/arm-multilib/lib/gcc/arm-none-eabi/4.4.5/../../../../arm-none-eabi/lib/libstm32.a(stm32_tim.o)
                0x08016c78                TIM_ITConfig
 .text.TIM_ARRPreloadConfig
                0x08016c8e       0x1a /opt/paparazzi/arm-multilib/lib/gcc/arm-none-eabi/4.4.5/../../../../arm-none-eabi/lib/libstm32.a(stm32_tim.o)
                0x08016c8e                TIM_ARRPreloadConfig
 .text.TIM_OC1PreloadConfig
                0x08016ca8       0x12 /opt/paparazzi/arm-multilib/lib/gcc/arm-none-eabi/4.4.5/../../../../arm-none-eabi/lib/libstm32.a(stm32_tim.o)
                0x08016ca8                TIM_OC1PreloadConfig
 .text.TIM_OC2PreloadConfig
                0x08016cba       0x14 /opt/paparazzi/arm-multilib/lib/gcc/arm-none-eabi/4.4.5/../../../../arm-none-eabi/lib/libstm32.a(stm32_tim.o)
                0x08016cba                TIM_OC2PreloadConfig
 .text.TIM_OC3PreloadConfig
                0x08016cce       0x12 /opt/paparazzi/arm-multilib/lib/gcc/arm-none-eabi/4.4.5/../../../../arm-none-eabi/lib/libstm32.a(stm32_tim.o)
                0x08016cce                TIM_OC3PreloadConfig
 .text.TIM_OC4PreloadConfig
                0x08016ce0       0x14 /opt/paparazzi/arm-multilib/lib/gcc/arm-none-eabi/4.4.5/../../../../arm-none-eabi/lib/libstm32.a(stm32_tim.o)
                0x08016ce0                TIM_OC4PreloadConfig
 .text.TIM_SelectOutputTrigger
                0x08016cf4       0x18 /opt/paparazzi/arm-multilib/lib/gcc/arm-none-eabi/4.4.5/../../../../arm-none-eabi/lib/libstm32.a(stm32_tim.o)
                0x08016cf4                TIM_SelectOutputTrigger
 .text.TIM_SetCompare1
                0x08016d0c        0x4 /opt/paparazzi/arm-multilib/lib/gcc/arm-none-eabi/4.4.5/../../../../arm-none-eabi/lib/libstm32.a(stm32_tim.o)
                0x08016d0c                TIM_SetCompare1
 .text.TIM_SetCompare2
                0x08016d10        0x4 /opt/paparazzi/arm-multilib/lib/gcc/arm-none-eabi/4.4.5/../../../../arm-none-eabi/lib/libstm32.a(stm32_tim.o)
                0x08016d10                TIM_SetCompare2
 .text.TIM_SetCompare3
                0x08016d14        0x4 /opt/paparazzi/arm-multilib/lib/gcc/arm-none-eabi/4.4.5/../../../../arm-none-eabi/lib/libstm32.a(stm32_tim.o)
                0x08016d14                TIM_SetCompare3
 .text.TIM_SetCompare4
                0x08016d18        0x6 /opt/paparazzi/arm-multilib/lib/gcc/arm-none-eabi/4.4.5/../../../../arm-none-eabi/lib/libstm32.a(stm32_tim.o)
                0x08016d18                TIM_SetCompare4
 .text.TIM_SetIC1Prescaler
                0x08016d1e       0x18 /opt/paparazzi/arm-multilib/lib/gcc/arm-none-eabi/4.4.5/../../../../arm-none-eabi/lib/libstm32.a(stm32_tim.o)
                0x08016d1e                TIM_SetIC1Prescaler
 .text.TIM_SetIC2Prescaler
                0x08016d36       0x1a /opt/paparazzi/arm-multilib/lib/gcc/arm-none-eabi/4.4.5/../../../../arm-none-eabi/lib/libstm32.a(stm32_tim.o)
                0x08016d36                TIM_SetIC2Prescaler
 .text.TIM_SetIC3Prescaler
                0x08016d50       0x18 /opt/paparazzi/arm-multilib/lib/gcc/arm-none-eabi/4.4.5/../../../../arm-none-eabi/lib/libstm32.a(stm32_tim.o)
                0x08016d50                TIM_SetIC3Prescaler
 .text.TIM_SetIC4Prescaler
                0x08016d68       0x1a /opt/paparazzi/arm-multilib/lib/gcc/arm-none-eabi/4.4.5/../../../../arm-none-eabi/lib/libstm32.a(stm32_tim.o)
                0x08016d68                TIM_SetIC4Prescaler
 .text.TIM_GetCapture2
                0x08016d82        0x6 /opt/paparazzi/arm-multilib/lib/gcc/arm-none-eabi/4.4.5/../../../../arm-none-eabi/lib/libstm32.a(stm32_tim.o)
                0x08016d82                TIM_GetCapture2
 .text.TIM_GetITStatus
                0x08016d88       0x16 /opt/paparazzi/arm-multilib/lib/gcc/arm-none-eabi/4.4.5/../../../../arm-none-eabi/lib/libstm32.a(stm32_tim.o)
                0x08016d88                TIM_GetITStatus
 .text.TIM_ClearITPendingBit
                0x08016d9e        0x8 /opt/paparazzi/arm-multilib/lib/gcc/arm-none-eabi/4.4.5/../../../../arm-none-eabi/lib/libstm32.a(stm32_tim.o)
                0x08016d9e                TIM_ClearITPendingBit
 .text.TI1_Config
                0x08016da6       0x4a /opt/paparazzi/arm-multilib/lib/gcc/arm-none-eabi/4.4.5/../../../../arm-none-eabi/lib/libstm32.a(stm32_tim.o)
 .text.TI2_Config
                0x08016df0       0x4e /opt/paparazzi/arm-multilib/lib/gcc/arm-none-eabi/4.4.5/../../../../arm-none-eabi/lib/libstm32.a(stm32_tim.o)
 .text.TIM_ICInit
                0x08016e3e       0xd8 /opt/paparazzi/arm-multilib/lib/gcc/arm-none-eabi/4.4.5/../../../../arm-none-eabi/lib/libstm32.a(stm32_tim.o)
                0x08016e3e                TIM_ICInit
 *fill*         0x08016f16        0x2 00
 .text.DMA_DeInit
                0x08016f18       0xec /opt/paparazzi/arm-multilib/lib/gcc/arm-none-eabi/4.4.5/../../../../arm-none-eabi/lib/libstm32.a(stm32_dma.o)
                0x08016f18                DMA_DeInit
 .text.DMA_Init
                0x08017004       0x40 /opt/paparazzi/arm-multilib/lib/gcc/arm-none-eabi/4.4.5/../../../../arm-none-eabi/lib/libstm32.a(stm32_dma.o)
                0x08017004                DMA_Init
 .text.DMA_Cmd  0x08017044       0x14 /opt/paparazzi/arm-multilib/lib/gcc/arm-none-eabi/4.4.5/../../../../arm-none-eabi/lib/libstm32.a(stm32_dma.o)
                0x08017044                DMA_Cmd
 .text.DMA_ITConfig
                0x08017058       0x12 /opt/paparazzi/arm-multilib/lib/gcc/arm-none-eabi/4.4.5/../../../../arm-none-eabi/lib/libstm32.a(stm32_dma.o)
                0x08017058                DMA_ITConfig
 *fill*         0x0801706a        0x2 00
 .text.DMA_GetITStatus
                0x0801706c       0x20 /opt/paparazzi/arm-multilib/lib/gcc/arm-none-eabi/4.4.5/../../../../arm-none-eabi/lib/libstm32.a(stm32_dma.o)
                0x0801706c                DMA_GetITStatus
 .text.DMA_ClearITPendingBit
                0x0801708c       0x18 /opt/paparazzi/arm-multilib/lib/gcc/arm-none-eabi/4.4.5/../../../../arm-none-eabi/lib/libstm32.a(stm32_dma.o)
                0x0801708c                DMA_ClearITPendingBit
 .text.GPIO_Init
                0x080170a4       0x94 /opt/paparazzi/arm-multilib/lib/gcc/arm-none-eabi/4.4.5/../../../../arm-none-eabi/lib/libstm32.a(stm32_gpio.o)
                0x080170a4                GPIO_Init
 .text.GPIO_ReadInputDataBit
                0x08017138        0xc /opt/paparazzi/arm-multilib/lib/gcc/arm-none-eabi/4.4.5/../../../../arm-none-eabi/lib/libstm32.a(stm32_gpio.o)
                0x08017138                GPIO_ReadInputDataBit
 .text.GPIO_SetBits
                0x08017144        0x4 /opt/paparazzi/arm-multilib/lib/gcc/arm-none-eabi/4.4.5/../../../../arm-none-eabi/lib/libstm32.a(stm32_gpio.o)
                0x08017144                GPIO_SetBits
 .text.GPIO_ResetBits
                0x08017148        0x4 /opt/paparazzi/arm-multilib/lib/gcc/arm-none-eabi/4.4.5/../../../../arm-none-eabi/lib/libstm32.a(stm32_gpio.o)
                0x08017148                GPIO_ResetBits
 .text.GPIO_PinRemapConfig
                0x0801714c       0x60 /opt/paparazzi/arm-multilib/lib/gcc/arm-none-eabi/4.4.5/../../../../arm-none-eabi/lib/libstm32.a(stm32_gpio.o)
                0x0801714c                GPIO_PinRemapConfig
 .text.GPIO_EXTILineConfig
                0x080171ac       0x34 /opt/paparazzi/arm-multilib/lib/gcc/arm-none-eabi/4.4.5/../../../../arm-none-eabi/lib/libstm32.a(stm32_gpio.o)
                0x080171ac                GPIO_EXTILineConfig
 .text.USART_Cmd
                0x080171e0       0x1a /opt/paparazzi/arm-multilib/lib/gcc/arm-none-eabi/4.4.5/../../../../arm-none-eabi/lib/libstm32.a(stm32_usart.o)
                0x080171e0                USART_Cmd
 .text.USART_ITConfig
                0x080171fa       0x36 /opt/paparazzi/arm-multilib/lib/gcc/arm-none-eabi/4.4.5/../../../../arm-none-eabi/lib/libstm32.a(stm32_usart.o)
                0x080171fa                USART_ITConfig
 .text.USART_SendData
                0x08017230        0x8 /opt/paparazzi/arm-multilib/lib/gcc/arm-none-eabi/4.4.5/../../../../arm-none-eabi/lib/libstm32.a(stm32_usart.o)
                0x08017230                USART_SendData
 .text.USART_ReceiveData
                0x08017238        0x8 /opt/paparazzi/arm-multilib/lib/gcc/arm-none-eabi/4.4.5/../../../../arm-none-eabi/lib/libstm32.a(stm32_usart.o)
                0x08017238                USART_ReceiveData
 .text.USART_GetITStatus
                0x08017240       0x46 /opt/paparazzi/arm-multilib/lib/gcc/arm-none-eabi/4.4.5/../../../../arm-none-eabi/lib/libstm32.a(stm32_usart.o)
                0x08017240                USART_GetITStatus
 *fill*         0x08017286        0x2 00
 .text.USART_Init
                0x08017288       0x90 /opt/paparazzi/arm-multilib/lib/gcc/arm-none-eabi/4.4.5/../../../../arm-none-eabi/lib/libstm32.a(stm32_usart.o)
                0x08017288                USART_Init
 .text.EXTI_Init
                0x08017318       0x84 /opt/paparazzi/arm-multilib/lib/gcc/arm-none-eabi/4.4.5/../../../../arm-none-eabi/lib/libstm32.a(stm32_exti.o)
                0x08017318                EXTI_Init
 .text.EXTI_GetITStatus
                0x0801739c       0x1c /opt/paparazzi/arm-multilib/lib/gcc/arm-none-eabi/4.4.5/../../../../arm-none-eabi/lib/libstm32.a(stm32_exti.o)
                0x0801739c                EXTI_GetITStatus
 .text.EXTI_ClearITPendingBit
                0x080173b8        0xc /opt/paparazzi/arm-multilib/lib/gcc/arm-none-eabi/4.4.5/../../../../arm-none-eabi/lib/libstm32.a(stm32_exti.o)
                0x080173b8                EXTI_ClearITPendingBit
 .text.I2C_Cmd  0x080173c4       0x1a /opt/paparazzi/arm-multilib/lib/gcc/arm-none-eabi/4.4.5/../../../../arm-none-eabi/lib/libstm32.a(stm32_i2c.o)
                0x080173c4                I2C_Cmd
 .text.I2C_GenerateSTART
                0x080173de       0x1a /opt/paparazzi/arm-multilib/lib/gcc/arm-none-eabi/4.4.5/../../../../arm-none-eabi/lib/libstm32.a(stm32_i2c.o)
                0x080173de                I2C_GenerateSTART
 .text.I2C_GenerateSTOP
                0x080173f8       0x1a /opt/paparazzi/arm-multilib/lib/gcc/arm-none-eabi/4.4.5/../../../../arm-none-eabi/lib/libstm32.a(stm32_i2c.o)
                0x080173f8                I2C_GenerateSTOP
 .text.I2C_AcknowledgeConfig
                0x08017412       0x1a /opt/paparazzi/arm-multilib/lib/gcc/arm-none-eabi/4.4.5/../../../../arm-none-eabi/lib/libstm32.a(stm32_i2c.o)
                0x08017412                I2C_AcknowledgeConfig
 .text.I2C_ITConfig
                0x0801742c       0x16 /opt/paparazzi/arm-multilib/lib/gcc/arm-none-eabi/4.4.5/../../../../arm-none-eabi/lib/libstm32.a(stm32_i2c.o)
                0x0801742c                I2C_ITConfig
 .text.I2C_SendData
                0x08017442        0x4 /opt/paparazzi/arm-multilib/lib/gcc/arm-none-eabi/4.4.5/../../../../arm-none-eabi/lib/libstm32.a(stm32_i2c.o)
                0x08017442                I2C_SendData
 .text.I2C_ReceiveData
                0x08017446        0x6 /opt/paparazzi/arm-multilib/lib/gcc/arm-none-eabi/4.4.5/../../../../arm-none-eabi/lib/libstm32.a(stm32_i2c.o)
                0x08017446                I2C_ReceiveData
 .text.I2C_Send7bitAddress
                0x0801744c       0x10 /opt/paparazzi/arm-multilib/lib/gcc/arm-none-eabi/4.4.5/../../../../arm-none-eabi/lib/libstm32.a(stm32_i2c.o)
                0x0801744c                I2C_Send7bitAddress
 .text.I2C_SoftwareResetCmd
                0x0801745c       0x1a /opt/paparazzi/arm-multilib/lib/gcc/arm-none-eabi/4.4.5/../../../../arm-none-eabi/lib/libstm32.a(stm32_i2c.o)
                0x0801745c                I2C_SoftwareResetCmd
 .text.I2C_GetLastEvent
                0x08017476       0x10 /opt/paparazzi/arm-multilib/lib/gcc/arm-none-eabi/4.4.5/../../../../arm-none-eabi/lib/libstm32.a(stm32_i2c.o)
                0x08017476                I2C_GetLastEvent
 .text.I2C_GetFlagStatus
                0x08017486       0x34 /opt/paparazzi/arm-multilib/lib/gcc/arm-none-eabi/4.4.5/../../../../arm-none-eabi/lib/libstm32.a(stm32_i2c.o)
                0x08017486                I2C_GetFlagStatus
 .text.I2C_GetITStatus
                0x080174ba       0x1c /opt/paparazzi/arm-multilib/lib/gcc/arm-none-eabi/4.4.5/../../../../arm-none-eabi/lib/libstm32.a(stm32_i2c.o)
                0x080174ba                I2C_GetITStatus
 .text.I2C_ClearITPendingBit
                0x080174d6        0x8 /opt/paparazzi/arm-multilib/lib/gcc/arm-none-eabi/4.4.5/../../../../arm-none-eabi/lib/libstm32.a(stm32_i2c.o)
                0x080174d6                I2C_ClearITPendingBit
 *fill*         0x080174de        0x2 00
 .text.I2C_Init
                0x080174e0       0xe8 /opt/paparazzi/arm-multilib/lib/gcc/arm-none-eabi/4.4.5/../../../../arm-none-eabi/lib/libstm32.a(stm32_i2c.o)
                0x080174e0                I2C_Init
 .text.I2C_DeInit
                0x080175c8       0x44 /opt/paparazzi/arm-multilib/lib/gcc/arm-none-eabi/4.4.5/../../../../arm-none-eabi/lib/libstm32.a(stm32_i2c.o)
                0x080175c8                I2C_DeInit
 .text.SPI_Init
                0x0801760c       0x5a /opt/paparazzi/arm-multilib/lib/gcc/arm-none-eabi/4.4.5/../../../../arm-none-eabi/lib/libstm32.a(stm32_spi.o)
                0x0801760c                SPI_Init
 .text.SPI_Cmd  0x08017666       0x1a /opt/paparazzi/arm-multilib/lib/gcc/arm-none-eabi/4.4.5/../../../../arm-none-eabi/lib/libstm32.a(stm32_spi.o)
                0x08017666                SPI_Cmd
 .text.SPI_I2S_DMACmd
                0x08017680       0x16 /opt/paparazzi/arm-multilib/lib/gcc/arm-none-eabi/4.4.5/../../../../arm-none-eabi/lib/libstm32.a(stm32_spi.o)
                0x08017680                SPI_I2S_DMACmd
 .text.SPI_I2S_SendData
                0x08017696        0x4 /opt/paparazzi/arm-multilib/lib/gcc/arm-none-eabi/4.4.5/../../../../arm-none-eabi/lib/libstm32.a(stm32_spi.o)
                0x08017696                SPI_I2S_SendData
 .text.SPI_I2S_ReceiveData
                0x0801769a        0x6 /opt/paparazzi/arm-multilib/lib/gcc/arm-none-eabi/4.4.5/../../../../arm-none-eabi/lib/libstm32.a(stm32_spi.o)
                0x0801769a                SPI_I2S_ReceiveData
 .text.SPI_I2S_GetFlagStatus
                0x080176a0        0xc /opt/paparazzi/arm-multilib/lib/gcc/arm-none-eabi/4.4.5/../../../../arm-none-eabi/lib/libstm32.a(stm32_spi.o)
                0x080176a0                SPI_I2S_GetFlagStatus
 .text.RCC_ADCCLKConfig
                0x080176ac       0x14 /opt/paparazzi/arm-multilib/lib/gcc/arm-none-eabi/4.4.5/../../../../arm-none-eabi/lib/libstm32.a(stm32_rcc.o)
                0x080176ac                RCC_ADCCLKConfig
 .text.RCC_GetClocksFreq
                0x080176c0       0xa0 /opt/paparazzi/arm-multilib/lib/gcc/arm-none-eabi/4.4.5/../../../../arm-none-eabi/lib/libstm32.a(stm32_rcc.o)
                0x080176c0                RCC_GetClocksFreq
 .text.RCC_AHBPeriphClockCmd
                0x08017760       0x1c /opt/paparazzi/arm-multilib/lib/gcc/arm-none-eabi/4.4.5/../../../../arm-none-eabi/lib/libstm32.a(stm32_rcc.o)
                0x08017760                RCC_AHBPeriphClockCmd
 .text.RCC_APB2PeriphClockCmd
                0x0801777c       0x1c /opt/paparazzi/arm-multilib/lib/gcc/arm-none-eabi/4.4.5/../../../../arm-none-eabi/lib/libstm32.a(stm32_rcc.o)
                0x0801777c                RCC_APB2PeriphClockCmd
 .text.RCC_APB1PeriphClockCmd
                0x08017798       0x1c /opt/paparazzi/arm-multilib/lib/gcc/arm-none-eabi/4.4.5/../../../../arm-none-eabi/lib/libstm32.a(stm32_rcc.o)
                0x08017798                RCC_APB1PeriphClockCmd
 .text.RCC_APB1PeriphResetCmd
                0x080177b4       0x1c /opt/paparazzi/arm-multilib/lib/gcc/arm-none-eabi/4.4.5/../../../../arm-none-eabi/lib/libstm32.a(stm32_rcc.o)
                0x080177b4                RCC_APB1PeriphResetCmd
 .text.NVIC_PriorityGroupConfig
                0x080177d0       0x14 /opt/paparazzi/arm-multilib/lib/gcc/arm-none-eabi/4.4.5/../../../../arm-none-eabi/lib/libstm32.a(stm32_misc.o)
                0x080177d0                NVIC_PriorityGroupConfig
 .text.NVIC_Init
                0x080177e4       0x64 /opt/paparazzi/arm-multilib/lib/gcc/arm-none-eabi/4.4.5/../../../../arm-none-eabi/lib/libstm32.a(stm32_misc.o)
                0x080177e4                NVIC_Init
 .text.NVIC_SetVectorTable
                0x08017848       0x14 /opt/paparazzi/arm-multilib/lib/gcc/arm-none-eabi/4.4.5/../../../../arm-none-eabi/lib/libstm32.a(stm32_misc.o)
                0x08017848                NVIC_SetVectorTable
 .text.rcc_wait_for_osc_ready
                0x0801785c       0x58 /opt/paparazzi/arm-multilib/lib/gcc/arm-none-eabi/4.4.5/../../../../arm-none-eabi/lib/libopencm3_stm32.a(rcc.o)
                0x0801785c                rcc_wait_for_osc_ready
 .text.rcc_osc_on
                0x080178b4       0x4c /opt/paparazzi/arm-multilib/lib/gcc/arm-none-eabi/4.4.5/../../../../arm-none-eabi/lib/libopencm3_stm32.a(rcc.o)
                0x080178b4                rcc_osc_on
 .text.rcc_set_sysclk_source
                0x08017900       0x14 /opt/paparazzi/arm-multilib/lib/gcc/arm-none-eabi/4.4.5/../../../../arm-none-eabi/lib/libopencm3_stm32.a(rcc.o)
                0x08017900                rcc_set_sysclk_source
 .text.rcc_set_pll_multiplication_factor
                0x08017914       0x14 /opt/paparazzi/arm-multilib/lib/gcc/arm-none-eabi/4.4.5/../../../../arm-none-eabi/lib/libopencm3_stm32.a(rcc.o)
                0x08017914                rcc_set_pll_multiplication_factor
 .text.rcc_set_pll_source
                0x08017928       0x14 /opt/paparazzi/arm-multilib/lib/gcc/arm-none-eabi/4.4.5/../../../../arm-none-eabi/lib/libopencm3_stm32.a(rcc.o)
                0x08017928                rcc_set_pll_source
 .text.rcc_set_pllxtpre
                0x0801793c       0x14 /opt/paparazzi/arm-multilib/lib/gcc/arm-none-eabi/4.4.5/../../../../arm-none-eabi/lib/libopencm3_stm32.a(rcc.o)
                0x0801793c                rcc_set_pllxtpre
 .text.rcc_set_adcpre
                0x08017950       0x14 /opt/paparazzi/arm-multilib/lib/gcc/arm-none-eabi/4.4.5/../../../../arm-none-eabi/lib/libopencm3_stm32.a(rcc.o)
                0x08017950                rcc_set_adcpre
 .text.rcc_set_ppre1
                0x08017964       0x14 /opt/paparazzi/arm-multilib/lib/gcc/arm-none-eabi/4.4.5/../../../../arm-none-eabi/lib/libopencm3_stm32.a(rcc.o)
                0x08017964                rcc_set_ppre1
 .text.T.0      0x08017978       0x10 /opt/paparazzi/arm-multilib/lib/gcc/arm-none-eabi/4.4.5/../../../../arm-none-eabi/lib/libopencm3_stm32.a(rcc.o)
 .text.T.1      0x08017988       0x10 /opt/paparazzi/arm-multilib/lib/gcc/arm-none-eabi/4.4.5/../../../../arm-none-eabi/lib/libopencm3_stm32.a(rcc.o)
 .text.rcc_clock_setup_in_hse_12mhz_out_72mhz
                0x08017998       0x84 /opt/paparazzi/arm-multilib/lib/gcc/arm-none-eabi/4.4.5/../../../../arm-none-eabi/lib/libopencm3_stm32.a(rcc.o)
                0x08017998                rcc_clock_setup_in_hse_12mhz_out_72mhz
 .text.usart_set_baudrate
                0x08017a1c       0x24 /opt/paparazzi/arm-multilib/lib/gcc/arm-none-eabi/4.4.5/../../../../arm-none-eabi/lib/libopencm3_stm32.a(usart.o)
                0x08017a1c                usart_set_baudrate
 .text.flash_set_ws
                0x08017a40       0x14 /opt/paparazzi/arm-multilib/lib/gcc/arm-none-eabi/4.4.5/../../../../arm-none-eabi/lib/libopencm3_stm32.a(flash.o)
                0x08017a40                flash_set_ws
 *(.rodata)
 *fill*         0x08017a54        0x4 00
 .rodata        0x08017a58       0x40 /opt/paparazzi/arm-multilib/lib/gcc/arm-none-eabi/4.4.5/../../../../arm-none-eabi/lib/thumb2/libm.a(lib_a-s_atan.o)
 .rodata        0x08017a98       0x10 /opt/paparazzi/arm-multilib/lib/gcc/arm-none-eabi/4.4.5/../../../../arm-none-eabi/lib/thumb2/libm.a(lib_a-s_rint.o)
 .rodata        0x08017aa8       0x20 /opt/paparazzi/arm-multilib/lib/gcc/arm-none-eabi/4.4.5/../../../../arm-none-eabi/lib/thumb2/libm.a(lib_a-sf_atan.o)
 .rodata        0x08017ac8       0x30 /opt/paparazzi/arm-multilib/lib/gcc/arm-none-eabi/4.4.5/../../../../arm-none-eabi/lib/thumb2/libm.a(lib_a-e_exp.o)
 .rodata        0x08017af8       0x30 /opt/paparazzi/arm-multilib/lib/gcc/arm-none-eabi/4.4.5/../../../../arm-none-eabi/lib/thumb2/libm.a(lib_a-e_pow.o)
 .rodata        0x08017b28      0x188 /opt/paparazzi/arm-multilib/lib/gcc/arm-none-eabi/4.4.5/../../../../arm-none-eabi/lib/thumb2/libm.a(lib_a-e_rem_pio2.o)
 .rodata        0x08017cb0      0x398 /opt/paparazzi/arm-multilib/lib/gcc/arm-none-eabi/4.4.5/../../../../arm-none-eabi/lib/thumb2/libm.a(lib_a-ef_rem_pio2.o)
 .rodata        0x08018048       0x50 /opt/paparazzi/arm-multilib/lib/gcc/arm-none-eabi/4.4.5/../../../../arm-none-eabi/lib/thumb2/libm.a(lib_a-k_rem_pio2.o)
 .rodata        0x08018098       0x38 /opt/paparazzi/arm-multilib/lib/gcc/arm-none-eabi/4.4.5/../../../../arm-none-eabi/lib/thumb2/libm.a(lib_a-kf_rem_pio2.o)
 *(.rodata*)
 .rodata.serie_coeff_proj_mercator
                0x080180d0       0x14 /home/woz/lisa-m-team4938/paparazzi/var/ECE_2012/ap/math/pprz_geodetic_float.o
 .rodata.commands_failsafe
                0x080180e4        0x8 /home/woz/lisa-m-team4938/paparazzi/var/ECE_2012/ap/./commands.o
                0x080180e4                commands_failsafe
 .rodata.version
                0x080180ec        0x2 /home/woz/lisa-m-team4938/paparazzi/var/ECE_2012/ap/firmwares/fixedwing/main_ap.o
 .rodata.str1.1
                0x080180ee       0x11 /home/woz/lisa-m-team4938/paparazzi/var/ECE_2012/ap/firmwares/fixedwing/main_ap.o
 *fill*         0x080180ff        0x1 00
 .rodata.C.11.4290
                0x08018100        0x4 /home/woz/lisa-m-team4938/paparazzi/var/ECE_2012/ap/arch/stm32/subsystems/imu/imu_aspirin_arch.o
 .rodata.C.13.4334
                0x08018104       0x2c /home/woz/lisa-m-team4938/paparazzi/var/ECE_2012/ap/arch/stm32/subsystems/imu/imu_aspirin_arch.o
 .rodata.C.12.4333
                0x08018130       0x2c /home/woz/lisa-m-team4938/paparazzi/var/ECE_2012/ap/arch/stm32/subsystems/imu/imu_aspirin_arch.o
 .rodata.nb_waypoint
                0x0801815c        0x1 /home/woz/lisa-m-team4938/paparazzi/var/ECE_2012/ap/subsystems/nav.o
                0x0801815c                nb_waypoint
 .rodata.str1.1
                0x0801815d        0x5 /opt/paparazzi/arm-multilib/lib/gcc/arm-none-eabi/4.4.5/../../../../arm-none-eabi/lib/thumb2/libm.a(lib_a-w_asin.o)
                                  0x6 (size before relaxing)
 .rodata.str1.1
                0x08018162        0x5 /opt/paparazzi/arm-multilib/lib/gcc/arm-none-eabi/4.4.5/../../../../arm-none-eabi/lib/thumb2/libm.a(lib_a-w_cosh.o)
 .rodata.str1.1
                0x08018167        0x4 /opt/paparazzi/arm-multilib/lib/gcc/arm-none-eabi/4.4.5/../../../../arm-none-eabi/lib/thumb2/libm.a(lib_a-w_exp.o)
 .rodata.str1.1
                0x0801816b        0x4 /opt/paparazzi/arm-multilib/lib/gcc/arm-none-eabi/4.4.5/../../../../arm-none-eabi/lib/thumb2/libm.a(lib_a-w_log.o)
                                  0x5 (size before relaxing)
 .rodata.str1.1
                0x0801816f        0x4 /opt/paparazzi/arm-multilib/lib/gcc/arm-none-eabi/4.4.5/../../../../arm-none-eabi/lib/thumb2/libm.a(lib_a-w_pow.o)
 .rodata.str1.1
                0x08018173        0x5 /opt/paparazzi/arm-multilib/lib/gcc/arm-none-eabi/4.4.5/../../../../arm-none-eabi/lib/thumb2/libm.a(lib_a-w_sinh.o)
 .rodata.str1.1
                0x08018178        0x5 /opt/paparazzi/arm-multilib/lib/gcc/arm-none-eabi/4.4.5/../../../../arm-none-eabi/lib/thumb2/libm.a(lib_a-w_sqrt.o)
 .rodata.str1.1
                0x0801817d        0x6 /opt/paparazzi/arm-multilib/lib/gcc/arm-none-eabi/4.4.5/../../../../arm-none-eabi/lib/thumb2/libm.a(lib_a-wf_asin.o)
                                  0x7 (size before relaxing)
 .rodata.str1.1
                0x00000000        0x1 /opt/paparazzi/arm-multilib/lib/gcc/arm-none-eabi/4.4.5/../../../../arm-none-eabi/lib/thumb2/libm.a(lib_a-e_pow.o)
 .rodata.str1.1
                0x08018183        0x2 /opt/paparazzi/arm-multilib/lib/gcc/arm-none-eabi/4.4.5/../../../../arm-none-eabi/lib/thumb2/libc.a(lib_a-impure.o)
 *(.glue_7)
 .glue_7        0x00000000        0x0 linker stubs
 *(.glue_7t)
 .glue_7t       0x00000000        0x0 linker stubs
                0x08018188                . = ALIGN (0x4)
 *fill*         0x08018185        0x3 00
                0x08018188                _etext = .
                0x08018188                _sidata = _etext

.vfp11_veneer   0x08018188        0x0
 .vfp11_veneer  0x00000000        0x0 linker stubs

.v4_bx          0x08018188        0x0
 .v4_bx         0x00000000        0x0 linker stubs

.data           0x20000000     0x37a8 load address 0x08018188
                0x20000000                . = ALIGN (0x4)
                0x20000000                _sdata = .
 *(.data)
 .data          0x20000000        0x1 /opt/paparazzi/arm-multilib/lib/gcc/arm-none-eabi/4.4.5/../../../../arm-none-eabi/lib/thumb2/libm.a(lib_a-s_lib_ver.o)
                0x20000000                __fdlib_version
 *fill*         0x20000001        0x7 00
 .data          0x20000008      0x430 /opt/paparazzi/arm-multilib/lib/gcc/arm-none-eabi/4.4.5/../../../../arm-none-eabi/lib/thumb2/libc.a(lib_a-impure.o)
                0x20000008                _impure_ptr
 *(.data.*)
 .data.fbw_state
                0x20000438        0x4 /home/woz/lisa-m-team4938/paparazzi/var/ECE_2012/ap/./inter_mcu.o
                0x20000438                fbw_state
 .data.ap_state
                0x2000043c        0x4 /home/woz/lisa-m-team4938/paparazzi/var/ECE_2012/ap/./inter_mcu.o
                0x2000043c                ap_state
 .data.pprz_trig_int
                0x20000440     0x3244 /home/woz/lisa-m-team4938/paparazzi/var/ECE_2012/ap/math/pprz_trig_int.o
                0x20000440                pprz_trig_int
 .data.I2C2_InitStruct
                0x20003684       0x10 /home/woz/lisa-m-team4938/paparazzi/var/ECE_2012/ap/arch/stm32/mcu_periph/i2c_arch.o
 .data.pprz_mode
                0x20003694        0x1 /home/woz/lisa-m-team4938/paparazzi/var/ECE_2012/ap/firmwares/fixedwing/main_ap.o
                0x20003694                pprz_mode
 .data.boot.5110
                0x20003695        0x1 /home/woz/lisa-m-team4938/paparazzi/var/ECE_2012/ap/firmwares/fixedwing/main_ap.o
 .data.telemetry_mode_Fbw_DefaultChannel
                0x20003696        0x1 /home/woz/lisa-m-team4938/paparazzi/var/ECE_2012/ap/downlink.o
                0x20003696                telemetry_mode_Fbw_DefaultChannel
 *fill*         0x20003697        0x1 00
 .data.v_ctl_auto_throttle_dash_trim
                0x20003698        0x4 /home/woz/lisa-m-team4938/paparazzi/var/ECE_2012/ap/firmwares/fixedwing/stabilization/stabilization_attitude.o
                0x20003698                v_ctl_auto_throttle_dash_trim
 .data.v_ctl_auto_throttle_loiter_trim
                0x2000369c        0x4 /home/woz/lisa-m-team4938/paparazzi/var/ECE_2012/ap/firmwares/fixedwing/stabilization/stabilization_attitude.o
                0x2000369c                v_ctl_auto_throttle_loiter_trim
 .data.Update_Matrix
                0x200036a0       0x24 /home/woz/lisa-m-team4938/paparazzi/var/ECE_2012/ap/subsystems/ahrs/ahrs_float_dcm.o
                0x200036a0                Update_Matrix
 .data.DCM_Matrix
                0x200036c4       0x24 /home/woz/lisa-m-team4938/paparazzi/var/ECE_2012/ap/subsystems/ahrs/ahrs_float_dcm.o
                0x200036c4                DCM_Matrix
 .data.max_dist_from_home
                0x200036e8        0x4 /home/woz/lisa-m-team4938/paparazzi/var/ECE_2012/ap/subsystems/nav.o
                0x200036e8                max_dist_from_home
 .data.nav_altitude
                0x200036ec        0x4 /home/woz/lisa-m-team4938/paparazzi/var/ECE_2012/ap/subsystems/nav.o
                0x200036ec                nav_altitude
 .data.nav_utm_zone0
                0x200036f0        0x1 /home/woz/lisa-m-team4938/paparazzi/var/ECE_2012/ap/subsystems/nav.o
                0x200036f0                nav_utm_zone0
 *fill*         0x200036f1        0x3 00
 .data.nav_utm_north0
                0x200036f4        0x4 /home/woz/lisa-m-team4938/paparazzi/var/ECE_2012/ap/subsystems/nav.o
                0x200036f4                nav_utm_north0
 .data.waypoints
                0x200036f8       0x90 /home/woz/lisa-m-team4938/paparazzi/var/ECE_2012/ap/subsystems/nav.o
                0x200036f8                waypoints
 .data.nav_utm_east0
                0x20003788        0x4 /home/woz/lisa-m-team4938/paparazzi/var/ECE_2012/ap/subsystems/nav.o
                0x20003788                nav_utm_east0
 .data.ADCPrescTable
                0x2000378c        0x4 /opt/paparazzi/arm-multilib/lib/gcc/arm-none-eabi/4.4.5/../../../../arm-none-eabi/lib/libstm32.a(stm32_rcc.o)
 .data.APBAHBPrescTable
                0x20003790       0x10 /opt/paparazzi/arm-multilib/lib/gcc/arm-none-eabi/4.4.5/../../../../arm-none-eabi/lib/libstm32.a(stm32_rcc.o)
 .data.rcc_ppre1_frequency
                0x200037a0        0x4 /opt/paparazzi/arm-multilib/lib/gcc/arm-none-eabi/4.4.5/../../../../arm-none-eabi/lib/libopencm3_stm32.a(rcc.o)
                0x200037a0                rcc_ppre1_frequency
 .data.rcc_ppre2_frequency
                0x200037a4        0x4 /opt/paparazzi/arm-multilib/lib/gcc/arm-none-eabi/4.4.5/../../../../arm-none-eabi/lib/libopencm3_stm32.a(rcc.o)
                0x200037a4                rcc_ppre2_frequency
                0x200037a8                . = ALIGN (0x4)
                0x200037a8                _edata = .

.bss            0x200037a8     0x12a8 load address 0x0801b930
                0x200037a8                . = ALIGN (0x4)
                0x200037a8                _sbss = .
 *(.dynbss)
 *(.bss .bss.* .gnu.linkonce.b.*)
 .bss.cpu_time_sec
                0x200037a8        0x2 /home/woz/lisa-m-team4938/paparazzi/var/ECE_2012/ap/sys_time.o
                0x200037a8                cpu_time_sec
 .bss.inter_mcu_received_ap
                0x200037aa        0x1 /home/woz/lisa-m-team4938/paparazzi/var/ECE_2012/ap/./inter_mcu.o
                0x200037aa                inter_mcu_received_ap
 *fill*         0x200037ab        0x1 00
 .bss._ap_state
                0x200037ac        0x8 /home/woz/lisa-m-team4938/paparazzi/var/ECE_2012/ap/./inter_mcu.o
 .bss.ap_ok     0x200037b4        0x1 /home/woz/lisa-m-team4938/paparazzi/var/ECE_2012/ap/./inter_mcu.o
                0x200037b4                ap_ok
 .bss.time_since_last_ap
                0x200037b5        0x1 /home/woz/lisa-m-team4938/paparazzi/var/ECE_2012/ap/./inter_mcu.o
                0x200037b5                time_since_last_ap
 .bss.inter_mcu_received_fbw
                0x200037b6        0x1 /home/woz/lisa-m-team4938/paparazzi/var/ECE_2012/ap/./inter_mcu.o
                0x200037b6                inter_mcu_received_fbw
 *fill*         0x200037b7        0x1 00
 .bss._fbw_state
                0x200037b8       0x18 /home/woz/lisa-m-team4938/paparazzi/var/ECE_2012/ap/./inter_mcu.o
 .bss.i2c2      0x200037d0       0x34 /home/woz/lisa-m-team4938/paparazzi/var/ECE_2012/ap/mcu_periph/i2c.o
                0x200037d0                i2c2
 .bss.i2c2_errors
                0x20003804       0x6c /home/woz/lisa-m-team4938/paparazzi/var/ECE_2012/ap/arch/stm32/mcu_periph/i2c_arch.o
                0x20003804                i2c2_errors
 .bss.counter.3511
                0x20003870        0x1 /home/woz/lisa-m-team4938/paparazzi/var/ECE_2012/ap/arch/stm32/mcu_periph/i2c_arch.o
 .bss.counter.3569
                0x20003871        0x1 /home/woz/lisa-m-team4938/paparazzi/var/ECE_2012/ap/arch/stm32/mcu_periph/i2c_arch.o
 .bss.counter.3601
                0x20003872        0x1 /home/woz/lisa-m-team4938/paparazzi/var/ECE_2012/ap/arch/stm32/mcu_periph/i2c_arch.o
 *fill*         0x20003873        0x1 00
 .bss.i300.3392
                0x20003874        0x2 /home/woz/lisa-m-team4938/paparazzi/var/ECE_2012/ap/firmwares/fixedwing/main_fbw.o
 .bss.fbw_mode  0x20003876        0x1 /home/woz/lisa-m-team4938/paparazzi/var/ECE_2012/ap/firmwares/fixedwing/main_fbw.o
                0x20003876                fbw_mode
 .bss._1Hz.3087
                0x20003877        0x1 /home/woz/lisa-m-team4938/paparazzi/var/ECE_2012/ap/firmwares/fixedwing/main_fbw.o
 .bss.fbw_new_actuators
                0x20003878        0x1 /home/woz/lisa-m-team4938/paparazzi/var/ECE_2012/ap/firmwares/fixedwing/main_fbw.o
                0x20003878                fbw_new_actuators
 .bss.i60.3417  0x20003879        0x1 /home/woz/lisa-m-team4938/paparazzi/var/ECE_2012/ap/firmwares/fixedwing/main_fbw.o
 .bss.i120.3391
                0x2000387a        0x1 /home/woz/lisa-m-team4938/paparazzi/var/ECE_2012/ap/firmwares/fixedwing/main_fbw.o
 .bss.i30.3416  0x2000387b        0x1 /home/woz/lisa-m-team4938/paparazzi/var/ECE_2012/ap/firmwares/fixedwing/main_fbw.o
 .bss._10Hz.3854
                0x2000387c        0x1 /home/woz/lisa-m-team4938/paparazzi/var/ECE_2012/ap/firmwares/fixedwing/main_fbw.o
 *fill*         0x2000387d        0x1 00
 .bss.i300.3418
                0x2000387e        0x2 /home/woz/lisa-m-team4938/paparazzi/var/ECE_2012/ap/firmwares/fixedwing/main_fbw.o
 .bss.electrical_priv
                0x20003880       0x4c /home/woz/lisa-m-team4938/paparazzi/var/ECE_2012/ap/subsystems/electrical.o
 .bss.electrical
                0x200038cc        0x8 /home/woz/lisa-m-team4938/paparazzi/var/ECE_2012/ap/subsystems/electrical.o
                0x200038cc                electrical
 .bss.commands  0x200038d4        0x8 /home/woz/lisa-m-team4938/paparazzi/var/ECE_2012/ap/./commands.o
                0x200038d4                commands
 .bss.command_roll_trim
                0x200038dc        0x2 /home/woz/lisa-m-team4938/paparazzi/var/ECE_2012/ap/./commands.o
                0x200038dc                command_roll_trim
 .bss.command_pitch_trim
                0x200038de        0x2 /home/woz/lisa-m-team4938/paparazzi/var/ECE_2012/ap/./commands.o
                0x200038de                command_pitch_trim
 .bss.i.5719    0x200038e0        0x1 /home/woz/lisa-m-team4938/paparazzi/var/ECE_2012/ap/firmwares/fixedwing/main_ap.o
 .bss.rc_settings_mode
                0x200038e1        0x1 /home/woz/lisa-m-team4938/paparazzi/var/ECE_2012/ap/firmwares/fixedwing/main_ap.o
                0x200038e1                rc_settings_mode
 .bss.vsupply   0x200038e2        0x1 /home/woz/lisa-m-team4938/paparazzi/var/ECE_2012/ap/firmwares/fixedwing/main_ap.o
                0x200038e2                vsupply
 .bss.i180.5423
                0x200038e3        0x1 /home/woz/lisa-m-team4938/paparazzi/var/ECE_2012/ap/firmwares/fixedwing/main_ap.o
 .bss.last_pprz_mode.7493
                0x200038e4        0x1 /home/woz/lisa-m-team4938/paparazzi/var/ECE_2012/ap/firmwares/fixedwing/main_ap.o
 .bss._4Hz.7697
                0x200038e5        0x1 /home/woz/lisa-m-team4938/paparazzi/var/ECE_2012/ap/firmwares/fixedwing/main_ap.o
 .bss.i.5517    0x200038e6        0x1 /home/woz/lisa-m-team4938/paparazzi/var/ECE_2012/ap/firmwares/fixedwing/main_ap.o
 .bss.i84.5420  0x200038e7        0x1 /home/woz/lisa-m-team4938/paparazzi/var/ECE_2012/ap/firmwares/fixedwing/main_ap.o
 .bss.i.5127    0x200038e8        0x1 /home/woz/lisa-m-team4938/paparazzi/var/ECE_2012/ap/firmwares/fixedwing/main_ap.o
 .bss.mcu1_ppm_cpt
                0x200038e9        0x1 /home/woz/lisa-m-team4938/paparazzi/var/ECE_2012/ap/firmwares/fixedwing/main_ap.o
 .bss.t.7699    0x200038ea        0x1 /home/woz/lisa-m-team4938/paparazzi/var/ECE_2012/ap/firmwares/fixedwing/main_ap.o
 .bss.ahrs_timeout_counter
                0x200038eb        0x1 /home/woz/lisa-m-team4938/paparazzi/var/ECE_2012/ap/firmwares/fixedwing/main_ap.o
                0x200038eb                ahrs_timeout_counter
 .bss.i78.5419  0x200038ec        0x1 /home/woz/lisa-m-team4938/paparazzi/var/ECE_2012/ap/firmwares/fixedwing/main_ap.o
 .bss._20Hz.7695
                0x200038ed        0x1 /home/woz/lisa-m-team4938/paparazzi/var/ECE_2012/ap/firmwares/fixedwing/main_ap.o
 .bss.launch    0x200038ee        0x1 /home/woz/lisa-m-team4938/paparazzi/var/ECE_2012/ap/firmwares/fixedwing/main_ap.o
                0x200038ee                launch
 *fill*         0x200038ef        0x1 00
 .bss.i312.5430
                0x200038f0        0x2 /home/woz/lisa-m-team4938/paparazzi/var/ECE_2012/ap/firmwares/fixedwing/main_ap.o
 .bss.i342.5709
                0x200038f2        0x2 /home/woz/lisa-m-team4938/paparazzi/var/ECE_2012/ap/firmwares/fixedwing/main_ap.o
 .bss.i72.5119  0x200038f4        0x1 /home/woz/lisa-m-team4938/paparazzi/var/ECE_2012/ap/firmwares/fixedwing/main_ap.o
 .bss.i30.5115  0x200038f5        0x1 /home/woz/lisa-m-team4938/paparazzi/var/ECE_2012/ap/firmwares/fixedwing/main_ap.o
 .bss.i324.5707
                0x200038f6        0x2 /home/woz/lisa-m-team4938/paparazzi/var/ECE_2012/ap/firmwares/fixedwing/main_ap.o
 .bss.i90.5120  0x200038f8        0x1 /home/woz/lisa-m-team4938/paparazzi/var/ECE_2012/ap/firmwares/fixedwing/main_ap.o
 .bss.lateral_mode
                0x200038f9        0x1 /home/woz/lisa-m-team4938/paparazzi/var/ECE_2012/ap/firmwares/fixedwing/main_ap.o
                0x200038f9                lateral_mode
 .bss.mcu1_status
                0x200038fa        0x1 /home/woz/lisa-m-team4938/paparazzi/var/ECE_2012/ap/firmwares/fixedwing/main_ap.o
 .bss.i90.5421  0x200038fb        0x1 /home/woz/lisa-m-team4938/paparazzi/var/ECE_2012/ap/firmwares/fixedwing/main_ap.o