   1              		.syntax unified
   2              		.cpu cortex-m3
   3              		.fpu softvfp
   4              		.eabi_attribute 20, 1
   5              		.eabi_attribute 21, 1
   6              		.eabi_attribute 23, 3
   7              		.eabi_attribute 24, 1
   8              		.eabi_attribute 25, 1
   9              		.eabi_attribute 26, 1
  10              		.eabi_attribute 30, 4
  11              		.eabi_attribute 18, 4
  12              		.thumb
  13              		.file	"gps.c"
  21              	.Ltext0:
  22              		.cfi_sections	.debug_frame
  23              		.section	.text.gps_init,"ax",%progbits
  24              		.align	1
  25              		.global	gps_init
  26              		.thumb
  27              		.thumb_func
  29              	gps_init:
  30              	.LFB25:
  31              		.file 1 "subsystems/gps.c"
   1:subsystems/gps.c **** /*
   2:subsystems/gps.c ****  * Copyright (C) 2008-2011 The Paparazzi Team
   3:subsystems/gps.c ****  *
   4:subsystems/gps.c ****  * This file is part of paparazzi.
   5:subsystems/gps.c ****  *
   6:subsystems/gps.c ****  * paparazzi is free software; you can redistribute it and/or modify
   7:subsystems/gps.c ****  * it under the terms of the GNU General Public License as published by
   8:subsystems/gps.c ****  * the Free Software Foundation; either version 2, or (at your option)
   9:subsystems/gps.c ****  * any later version.
  10:subsystems/gps.c ****  *
  11:subsystems/gps.c ****  * paparazzi is distributed in the hope that it will be useful,
  12:subsystems/gps.c ****  * but WITHOUT ANY WARRANTY; without even the implied warranty of
  13:subsystems/gps.c ****  * MERCHANTABILITY or FITNESS FOR A PARTICULAR PURPOSE.  See the
  14:subsystems/gps.c ****  * GNU General Public License for more details.
  15:subsystems/gps.c ****  *
  16:subsystems/gps.c ****  * You should have received a copy of the GNU General Public License
  17:subsystems/gps.c ****  * along with paparazzi; see the file COPYING.  If not, write to
  18:subsystems/gps.c ****  * the Free Software Foundation, 59 Temple Place - Suite 330,
  19:subsystems/gps.c ****  * Boston, MA 02111-1307, USA.
  20:subsystems/gps.c ****  */
  21:subsystems/gps.c **** 
  22:subsystems/gps.c **** /** @file gps.c
  23:subsystems/gps.c ****  *  @brief Device independent GPS code
  24:subsystems/gps.c ****  *
  25:subsystems/gps.c ****  */
  26:subsystems/gps.c **** 
  27:subsystems/gps.c **** #include "subsystems/gps.h"
  28:subsystems/gps.c **** 
  29:subsystems/gps.c **** #include "led.h"
  30:subsystems/gps.c **** 
  31:subsystems/gps.c **** struct GpsState gps;
  32:subsystems/gps.c **** 
  33:subsystems/gps.c **** #ifdef GPS_TIMESTAMP
  34:subsystems/gps.c **** struct GpsTimeSync gps_time;
  35:subsystems/gps.c **** #endif
  36:subsystems/gps.c **** 
  37:subsystems/gps.c **** void gps_init(void) {
  32              		.loc 1 37 0
  33              		.cfi_startproc
  34              		@ args = 0, pretend = 0, frame = 0
  35              		@ frame_needed = 0, uses_anonymous_args = 0
  36              		@ link register save eliminated.
  38:subsystems/gps.c ****   gps.fix = GPS_FIX_NONE;
  37              		.loc 1 38 0
  38 0000 024B     		ldr	r3, .L3
  39 0002 0022     		movs	r2, #0
  40 0004 83F85720 		strb	r2, [r3, #87]
  39:subsystems/gps.c **** #ifdef GPS_LED
  40:subsystems/gps.c ****   LED_OFF(GPS_LED);
  41:subsystems/gps.c **** #endif
  42:subsystems/gps.c **** #ifdef GPS_TYPE_H
  43:subsystems/gps.c ****   gps_impl_init();
  44:subsystems/gps.c **** #endif
  45:subsystems/gps.c **** }
  41              		.loc 1 45 0
  43:subsystems/gps.c ****   gps_impl_init();
  42              		.loc 1 43 0
  43 0008 FFF7FEBF 		b	gps_impl_init
  44              	.L4:
  45              		.align	2
  46              	.L3:
  47 000c 00000000 		.word	.LANCHOR0
  48              		.cfi_endproc
  49              	.LFE25:
  51              		.global	gps
  52              		.section	.bss.gps,"aw",%nobits
  53              		.align	2
  54              		.set	.LANCHOR0,. + 0
  57              	gps:
  58 0000 00000000 		.space	236
  58      00000000 
  58      00000000 
  58      00000000 
  58      00000000 
  59              		.text
  60              	.Letext0:
  61              		.file 2 "/opt/paparazzi/arm-multilib/lib/gcc/arm-none-eabi/4.4.5/../../../../arm-none-eabi/include
  62              		.file 3 "./math/pprz_geodetic_int.h"
  63              		.file 4 "./subsystems/gps.h"
DEFINED SYMBOLS
                            *ABS*:00000000 gps.c
     /tmp/ccLpUfmJ.s:24     .text.gps_init:00000000 $t
     /tmp/ccLpUfmJ.s:29     .text.gps_init:00000000 gps_init
     /tmp/ccLpUfmJ.s:47     .text.gps_init:0000000c $d
     /tmp/ccLpUfmJ.s:57     .bss.gps:00000000 gps
     /tmp/ccLpUfmJ.s:53     .bss.gps:00000000 $d
                     .debug_frame:00000010 $d

UNDEFINED SYMBOLS
gps_impl_init
